<!doctype html public "-//w3c//dtd html 4.0 transitional//en">
<html><head>
<title>Static Call Graph - [.\Objects\LPC546XX.axf]</title></head>
<body><HR>
<H1>Static Call Graph for image .\Objects\LPC546XX.axf</H1><HR>
<BR><P>#&#060CALLGRAPH&#062# ARM Linker, 5060750: Last Updated: Mon Feb 25 19:26:48 2019
<BR><P>
<H3>Maximum Stack Usage =       2520 bytes + Unknown(Functions without stacksize, Cycles, Untraceable Function Pointers)</H3><H3>
Call chain for Maximum Stack Depth:</H3>
__rt_entry_main &rArr; main &rArr; Find_Blackline &rArr; img_change_char &rArr; otsuThreshold &rArr; __hardfp_pow &rArr; sqrt &rArr; _dsqrt &rArr; __fpl_dnaninf
<P>
<H3>
Functions with no stack information
</H3><UL>
 <LI><a href="#[99]">__user_initial_stackheap</a>
</UL>
</UL>
<P>
<H3>
Mutually Recursive functions
</H3> <LI><a href="#[7]">MemManage_Handler</a>&nbsp;&nbsp;&nbsp;&rArr;&nbsp;&nbsp;&nbsp;<a href="#[7]">MemManage_Handler</a><BR>
 <LI><a href="#[8]">BusFault_Handler</a>&nbsp;&nbsp;&nbsp;&rArr;&nbsp;&nbsp;&nbsp;<a href="#[8]">BusFault_Handler</a><BR>
 <LI><a href="#[9]">UsageFault_Handler</a>&nbsp;&nbsp;&nbsp;&rArr;&nbsp;&nbsp;&nbsp;<a href="#[9]">UsageFault_Handler</a><BR>
 <LI><a href="#[a]">SVC_Handler</a>&nbsp;&nbsp;&nbsp;&rArr;&nbsp;&nbsp;&nbsp;<a href="#[a]">SVC_Handler</a><BR>
 <LI><a href="#[b]">DebugMon_Handler</a>&nbsp;&nbsp;&nbsp;&rArr;&nbsp;&nbsp;&nbsp;<a href="#[b]">DebugMon_Handler</a><BR>
 <LI><a href="#[c]">PendSV_Handler</a>&nbsp;&nbsp;&nbsp;&rArr;&nbsp;&nbsp;&nbsp;<a href="#[c]">PendSV_Handler</a><BR>
 <LI><a href="#[d]">SysTick_Handler</a>&nbsp;&nbsp;&nbsp;&rArr;&nbsp;&nbsp;&nbsp;<a href="#[d]">SysTick_Handler</a><BR>
 <LI><a href="#[5f]">ADC0_SEQA_DriverIRQHandler</a>&nbsp;&nbsp;&nbsp;&rArr;&nbsp;&nbsp;&nbsp;<a href="#[5f]">ADC0_SEQA_DriverIRQHandler</a><BR>
</UL>
<P>
<H3>
Function Pointers
</H3><UL>
 <LI><a href="#[5f]">ADC0_SEQA_DriverIRQHandler</a> from startup_lpc54606.o(.text) referenced from startup_lpc54606.o(.text)
 <LI><a href="#[24]">ADC0_SEQA_IRQHandler</a> from startup_lpc54606.o(.text) referenced from startup_lpc54606.o(RESET)
 <LI><a href="#[60]">ADC0_SEQB_DriverIRQHandler</a> from startup_lpc54606.o(.text) referenced from startup_lpc54606.o(.text)
 <LI><a href="#[25]">ADC0_SEQB_IRQHandler</a> from startup_lpc54606.o(.text) referenced from startup_lpc54606.o(RESET)
 <LI><a href="#[61]">ADC0_THCMP_DriverIRQHandler</a> from startup_lpc54606.o(.text) referenced from startup_lpc54606.o(.text)
 <LI><a href="#[26]">ADC0_THCMP_IRQHandler</a> from startup_lpc54606.o(.text) referenced from startup_lpc54606.o(RESET)
 <LI><a href="#[8]">BusFault_Handler</a> from startup_lpc54606.o(.text) referenced from startup_lpc54606.o(RESET)
 <LI><a href="#[74]">CAN0_IRQ0_DriverIRQHandler</a> from startup_lpc54606.o(.text) referenced from startup_lpc54606.o(.text)
 <LI><a href="#[39]">CAN0_IRQ0_IRQHandler</a> from startup_lpc54606.o(.text) referenced from startup_lpc54606.o(RESET)
 <LI><a href="#[75]">CAN0_IRQ1_DriverIRQHandler</a> from startup_lpc54606.o(.text) referenced from startup_lpc54606.o(.text)
 <LI><a href="#[3a]">CAN0_IRQ1_IRQHandler</a> from startup_lpc54606.o(.text) referenced from startup_lpc54606.o(RESET)
 <LI><a href="#[76]">CAN1_IRQ0_DriverIRQHandler</a> from startup_lpc54606.o(.text) referenced from startup_lpc54606.o(.text)
 <LI><a href="#[3b]">CAN1_IRQ0_IRQHandler</a> from startup_lpc54606.o(.text) referenced from startup_lpc54606.o(RESET)
 <LI><a href="#[77]">CAN1_IRQ1_DriverIRQHandler</a> from startup_lpc54606.o(.text) referenced from startup_lpc54606.o(.text)
 <LI><a href="#[3c]">CAN1_IRQ1_IRQHandler</a> from startup_lpc54606.o(.text) referenced from startup_lpc54606.o(RESET)
 <LI><a href="#[53]">CTIMER0_DriverIRQHandler</a> from startup_lpc54606.o(.text) referenced from startup_lpc54606.o(.text)
 <LI><a href="#[18]">CTIMER0_IRQHandler</a> from startup_lpc54606.o(.text) referenced from startup_lpc54606.o(RESET)
 <LI><a href="#[54]">CTIMER1_DriverIRQHandler</a> from startup_lpc54606.o(.text) referenced from startup_lpc54606.o(.text)
 <LI><a href="#[19]">CTIMER1_IRQHandler</a> from startup_lpc54606.o(.text) referenced from startup_lpc54606.o(RESET)
 <LI><a href="#[6d]">CTIMER2_DriverIRQHandler</a> from startup_lpc54606.o(.text) referenced from startup_lpc54606.o(.text)
 <LI><a href="#[32]">CTIMER2_IRQHandler</a> from startup_lpc54606.o(.text) referenced from startup_lpc54606.o(RESET)
 <LI><a href="#[56]">CTIMER3_DriverIRQHandler</a> from startup_lpc54606.o(.text) referenced from startup_lpc54606.o(.text)
 <LI><a href="#[1b]">CTIMER3_IRQHandler</a> from startup_lpc54606.o(.text) referenced from startup_lpc54606.o(RESET)
 <LI><a href="#[6e]">CTIMER4_DriverIRQHandler</a> from startup_lpc54606.o(.text) referenced from startup_lpc54606.o(.text)
 <LI><a href="#[33]">CTIMER4_IRQHandler</a> from startup_lpc54606.o(.text) referenced from startup_lpc54606.o(RESET)
 <LI><a href="#[4a]">DMA0_DriverIRQHandler</a> from isr.o(i.DMA0_DriverIRQHandler) referenced from startup_lpc54606.o(.text)
 <LI><a href="#[f]">DMA0_IRQHandler</a> from startup_lpc54606.o(.text) referenced from startup_lpc54606.o(RESET)
 <LI><a href="#[62]">DMIC0_DriverIRQHandler</a> from startup_lpc54606.o(.text) referenced from startup_lpc54606.o(.text)
 <LI><a href="#[27]">DMIC0_IRQHandler</a> from startup_lpc54606.o(.text) referenced from startup_lpc54606.o(RESET)
 <LI><a href="#[b]">DebugMon_Handler</a> from startup_lpc54606.o(.text) referenced from startup_lpc54606.o(RESET)
 <LI><a href="#[7d]">EEPROM_DriverIRQHandler</a> from startup_lpc54606.o(.text) referenced from startup_lpc54606.o(.text)
 <LI><a href="#[42]">EEPROM_IRQHandler</a> from startup_lpc54606.o(.text) referenced from startup_lpc54606.o(RESET)
 <LI><a href="#[7a]">ETHERNET_DriverIRQHandler</a> from startup_lpc54606.o(.text) referenced from startup_lpc54606.o(.text)
 <LI><a href="#[3f]">ETHERNET_IRQHandler</a> from startup_lpc54606.o(.text) referenced from startup_lpc54606.o(RESET)
 <LI><a href="#[7c]">ETHERNET_MACLP_DriverIRQHandler</a> from startup_lpc54606.o(.text) referenced from startup_lpc54606.o(.text)
 <LI><a href="#[41]">ETHERNET_MACLP_IRQHandler</a> from startup_lpc54606.o(.text) referenced from startup_lpc54606.o(RESET)
 <LI><a href="#[7b]">ETHERNET_PMT_DriverIRQHandler</a> from startup_lpc54606.o(.text) referenced from startup_lpc54606.o(.text)
 <LI><a href="#[40]">ETHERNET_PMT_IRQHandler</a> from startup_lpc54606.o(.text) referenced from startup_lpc54606.o(RESET)
 <LI><a href="#[57]">FLEXCOMM0_DriverIRQHandler</a> from isr.o(i.FLEXCOMM0_DriverIRQHandler) referenced from startup_lpc54606.o(.text)
 <LI><a href="#[1c]">FLEXCOMM0_IRQHandler</a> from startup_lpc54606.o(.text) referenced from startup_lpc54606.o(RESET)
 <LI><a href="#[58]">FLEXCOMM1_DriverIRQHandler</a> from startup_lpc54606.o(.text) referenced from startup_lpc54606.o(.text)
 <LI><a href="#[1d]">FLEXCOMM1_IRQHandler</a> from startup_lpc54606.o(.text) referenced from startup_lpc54606.o(RESET)
 <LI><a href="#[59]">FLEXCOMM2_DriverIRQHandler</a> from startup_lpc54606.o(.text) referenced from startup_lpc54606.o(.text)
 <LI><a href="#[1e]">FLEXCOMM2_IRQHandler</a> from startup_lpc54606.o(.text) referenced from startup_lpc54606.o(RESET)
 <LI><a href="#[5a]">FLEXCOMM3_DriverIRQHandler</a> from startup_lpc54606.o(.text) referenced from startup_lpc54606.o(.text)
 <LI><a href="#[1f]">FLEXCOMM3_IRQHandler</a> from startup_lpc54606.o(.text) referenced from startup_lpc54606.o(RESET)
 <LI><a href="#[5b]">FLEXCOMM4_DriverIRQHandler</a> from startup_lpc54606.o(.text) referenced from startup_lpc54606.o(.text)
 <LI><a href="#[20]">FLEXCOMM4_IRQHandler</a> from startup_lpc54606.o(.text) referenced from startup_lpc54606.o(RESET)
 <LI><a href="#[5c]">FLEXCOMM5_DriverIRQHandler</a> from isr.o(i.FLEXCOMM5_DriverIRQHandler) referenced from startup_lpc54606.o(.text)
 <LI><a href="#[21]">FLEXCOMM5_IRQHandler</a> from startup_lpc54606.o(.text) referenced from startup_lpc54606.o(RESET)
 <LI><a href="#[5d]">FLEXCOMM6_DriverIRQHandler</a> from startup_lpc54606.o(.text) referenced from startup_lpc54606.o(.text)
 <LI><a href="#[22]">FLEXCOMM6_IRQHandler</a> from startup_lpc54606.o(.text) referenced from startup_lpc54606.o(RESET)
 <LI><a href="#[5e]">FLEXCOMM7_DriverIRQHandler</a> from startup_lpc54606.o(.text) referenced from startup_lpc54606.o(.text)
 <LI><a href="#[23]">FLEXCOMM7_IRQHandler</a> from startup_lpc54606.o(.text) referenced from startup_lpc54606.o(RESET)
 <LI><a href="#[71]">FLEXCOMM8_DriverIRQHandler</a> from startup_lpc54606.o(.text) referenced from startup_lpc54606.o(.text)
 <LI><a href="#[36]">FLEXCOMM8_IRQHandler</a> from startup_lpc54606.o(.text) referenced from startup_lpc54606.o(RESET)
 <LI><a href="#[72]">FLEXCOMM9_DriverIRQHandler</a> from startup_lpc54606.o(.text) referenced from startup_lpc54606.o(.text)
 <LI><a href="#[37]">FLEXCOMM9_IRQHandler</a> from startup_lpc54606.o(.text) referenced from startup_lpc54606.o(RESET)
 <LI><a href="#[4b]">GINT0_DriverIRQHandler</a> from isr.o(i.GINT0_DriverIRQHandler) referenced from startup_lpc54606.o(.text)
 <LI><a href="#[10]">GINT0_IRQHandler</a> from startup_lpc54606.o(.text) referenced from startup_lpc54606.o(RESET)
 <LI><a href="#[4c]">GINT1_DriverIRQHandler</a> from startup_lpc54606.o(.text) referenced from startup_lpc54606.o(.text)
 <LI><a href="#[11]">GINT1_IRQHandler</a> from startup_lpc54606.o(.text) referenced from startup_lpc54606.o(RESET)
 <LI><a href="#[63]">HWVAD0_DriverIRQHandler</a> from startup_lpc54606.o(.text) referenced from startup_lpc54606.o(.text)
 <LI><a href="#[28]">HWVAD0_IRQHandler</a> from startup_lpc54606.o(.text) referenced from startup_lpc54606.o(RESET)
 <LI><a href="#[6]">HardFault_Handler</a> from system_lpc54606.o(i.HardFault_Handler) referenced from startup_lpc54606.o(RESET)
 <LI><a href="#[7e]">LCD_DriverIRQHandler</a> from startup_lpc54606.o(.text) referenced from startup_lpc54606.o(.text)
 <LI><a href="#[43]">LCD_IRQHandler</a> from startup_lpc54606.o(.text) referenced from startup_lpc54606.o(RESET)
 <LI><a href="#[52]">MRT0_DriverIRQHandler</a> from isr.o(i.MRT0_DriverIRQHandler) referenced from startup_lpc54606.o(.text)
 <LI><a href="#[17]">MRT0_IRQHandler</a> from startup_lpc54606.o(.text) referenced from startup_lpc54606.o(RESET)
 <LI><a href="#[7]">MemManage_Handler</a> from startup_lpc54606.o(.text) referenced from startup_lpc54606.o(RESET)
 <LI><a href="#[5]">NMI_Handler</a> from system_lpc54606.o(i.NMI_Handler) referenced from startup_lpc54606.o(RESET)
 <LI><a href="#[4d]">PIN_INT0_DriverIRQHandler</a> from startup_lpc54606.o(.text) referenced from startup_lpc54606.o(.text)
 <LI><a href="#[12]">PIN_INT0_IRQHandler</a> from startup_lpc54606.o(.text) referenced from startup_lpc54606.o(RESET)
 <LI><a href="#[4e]">PIN_INT1_DriverIRQHandler</a> from startup_lpc54606.o(.text) referenced from startup_lpc54606.o(.text)
 <LI><a href="#[13]">PIN_INT1_IRQHandler</a> from startup_lpc54606.o(.text) referenced from startup_lpc54606.o(RESET)
 <LI><a href="#[4f]">PIN_INT2_DriverIRQHandler</a> from startup_lpc54606.o(.text) referenced from startup_lpc54606.o(.text)
 <LI><a href="#[14]">PIN_INT2_IRQHandler</a> from startup_lpc54606.o(.text) referenced from startup_lpc54606.o(RESET)
 <LI><a href="#[50]">PIN_INT3_DriverIRQHandler</a> from startup_lpc54606.o(.text) referenced from startup_lpc54606.o(.text)
 <LI><a href="#[15]">PIN_INT3_IRQHandler</a> from startup_lpc54606.o(.text) referenced from startup_lpc54606.o(RESET)
 <LI><a href="#[69]">PIN_INT4_DriverIRQHandler</a> from startup_lpc54606.o(.text) referenced from startup_lpc54606.o(.text)
 <LI><a href="#[2e]">PIN_INT4_IRQHandler</a> from startup_lpc54606.o(.text) referenced from startup_lpc54606.o(RESET)
 <LI><a href="#[6a]">PIN_INT5_DriverIRQHandler</a> from startup_lpc54606.o(.text) referenced from startup_lpc54606.o(.text)
 <LI><a href="#[2f]">PIN_INT5_IRQHandler</a> from startup_lpc54606.o(.text) referenced from startup_lpc54606.o(RESET)
 <LI><a href="#[6b]">PIN_INT6_DriverIRQHandler</a> from startup_lpc54606.o(.text) referenced from startup_lpc54606.o(.text)
 <LI><a href="#[30]">PIN_INT6_IRQHandler</a> from startup_lpc54606.o(.text) referenced from startup_lpc54606.o(RESET)
 <LI><a href="#[6c]">PIN_INT7_DriverIRQHandler</a> from isr.o(i.PIN_INT7_DriverIRQHandler) referenced from startup_lpc54606.o(.text)
 <LI><a href="#[31]">PIN_INT7_IRQHandler</a> from startup_lpc54606.o(.text) referenced from startup_lpc54606.o(RESET)
 <LI><a href="#[c]">PendSV_Handler</a> from startup_lpc54606.o(.text) referenced from startup_lpc54606.o(RESET)
 <LI><a href="#[6f]">RIT_DriverIRQHandler</a> from isr.o(i.RIT_DriverIRQHandler) referenced from startup_lpc54606.o(.text)
 <LI><a href="#[34]">RIT_IRQHandler</a> from startup_lpc54606.o(.text) referenced from startup_lpc54606.o(RESET)
 <LI><a href="#[66]">RTC_DriverIRQHandler</a> from startup_lpc54606.o(.text) referenced from startup_lpc54606.o(.text)
 <LI><a href="#[2b]">RTC_IRQHandler</a> from startup_lpc54606.o(.text) referenced from startup_lpc54606.o(RESET)
 <LI><a href="#[67]">Reserved46_DriverIRQHandler</a> from startup_lpc54606.o(.text) referenced from startup_lpc54606.o(.text)
 <LI><a href="#[2c]">Reserved46_IRQHandler</a> from startup_lpc54606.o(.text) referenced from startup_lpc54606.o(RESET)
 <LI><a href="#[68]">Reserved47_DriverIRQHandler</a> from startup_lpc54606.o(.text) referenced from startup_lpc54606.o(.text)
 <LI><a href="#[2d]">Reserved47_IRQHandler</a> from startup_lpc54606.o(.text) referenced from startup_lpc54606.o(RESET)
 <LI><a href="#[4]">Reset_Handler</a> from startup_lpc54606.o(.text) referenced from startup_lpc54606.o(RESET)
 <LI><a href="#[55]">SCT0_DriverIRQHandler</a> from startup_lpc54606.o(.text) referenced from startup_lpc54606.o(.text)
 <LI><a href="#[1a]">SCT0_IRQHandler</a> from startup_lpc54606.o(.text) referenced from startup_lpc54606.o(RESET)
 <LI><a href="#[73]">SDIO_DriverIRQHandler</a> from startup_lpc54606.o(.text) referenced from startup_lpc54606.o(.text)
 <LI><a href="#[38]">SDIO_IRQHandler</a> from startup_lpc54606.o(.text) referenced from startup_lpc54606.o(RESET)
 <LI><a href="#[7f]">SHA_DriverIRQHandler</a> from startup_lpc54606.o(.text) referenced from startup_lpc54606.o(.text)
 <LI><a href="#[44]">SHA_IRQHandler</a> from startup_lpc54606.o(.text) referenced from startup_lpc54606.o(RESET)
 <LI><a href="#[80]">SMARTCARD0_DriverIRQHandler</a> from startup_lpc54606.o(.text) referenced from startup_lpc54606.o(.text)
 <LI><a href="#[45]">SMARTCARD0_IRQHandler</a> from startup_lpc54606.o(.text) referenced from startup_lpc54606.o(RESET)
 <LI><a href="#[81]">SMARTCARD1_DriverIRQHandler</a> from startup_lpc54606.o(.text) referenced from startup_lpc54606.o(.text)
 <LI><a href="#[46]">SMARTCARD1_IRQHandler</a> from startup_lpc54606.o(.text) referenced from startup_lpc54606.o(RESET)
 <LI><a href="#[70]">SPIFI0_DriverIRQHandler</a> from startup_lpc54606.o(.text) referenced from startup_lpc54606.o(.text)
 <LI><a href="#[35]">SPIFI0_IRQHandler</a> from startup_lpc54606.o(.text) referenced from startup_lpc54606.o(RESET)
 <LI><a href="#[a]">SVC_Handler</a> from startup_lpc54606.o(.text) referenced from startup_lpc54606.o(RESET)
 <LI><a href="#[d]">SysTick_Handler</a> from startup_lpc54606.o(.text) referenced from startup_lpc54606.o(RESET)
 <LI><a href="#[47]">SystemInit</a> from system_lpc54606.o(i.SystemInit) referenced from startup_lpc54606.o(.text)
 <LI><a href="#[65]">USB0_DriverIRQHandler</a> from startup_lpc54606.o(.text) referenced from startup_lpc54606.o(.text)
 <LI><a href="#[2a]">USB0_IRQHandler</a> from startup_lpc54606.o(.text) referenced from startup_lpc54606.o(RESET)
 <LI><a href="#[64]">USB0_NEEDCLK_DriverIRQHandler</a> from startup_lpc54606.o(.text) referenced from startup_lpc54606.o(.text)
 <LI><a href="#[29]">USB0_NEEDCLK_IRQHandler</a> from startup_lpc54606.o(.text) referenced from startup_lpc54606.o(RESET)
 <LI><a href="#[78]">USB1_DriverIRQHandler</a> from startup_lpc54606.o(.text) referenced from startup_lpc54606.o(.text)
 <LI><a href="#[3d]">USB1_IRQHandler</a> from startup_lpc54606.o(.text) referenced from startup_lpc54606.o(RESET)
 <LI><a href="#[79]">USB1_NEEDCLK_DriverIRQHandler</a> from startup_lpc54606.o(.text) referenced from startup_lpc54606.o(.text)
 <LI><a href="#[3e]">USB1_NEEDCLK_IRQHandler</a> from startup_lpc54606.o(.text) referenced from startup_lpc54606.o(RESET)
 <LI><a href="#[51]">UTICK0_DriverIRQHandler</a> from startup_lpc54606.o(.text) referenced from startup_lpc54606.o(.text)
 <LI><a href="#[16]">UTICK0_IRQHandler</a> from startup_lpc54606.o(.text) referenced from startup_lpc54606.o(RESET)
 <LI><a href="#[9]">UsageFault_Handler</a> from startup_lpc54606.o(.text) referenced from startup_lpc54606.o(RESET)
 <LI><a href="#[49]">WDT_BOD_DriverIRQHandler</a> from startup_lpc54606.o(.text) referenced from startup_lpc54606.o(.text)
 <LI><a href="#[e]">WDT_BOD_IRQHandler</a> from startup_lpc54606.o(.text) referenced from startup_lpc54606.o(RESET)
 <LI><a href="#[82]">__main</a> from __main.o(!!!main) referenced from startup_lpc54606.o(.text)
</UL>
<P>
<H3>
Global Symbols
</H3>
<P><STRONG><a name="[82]"></a>__main</STRONG> (Thumb, 8 bytes, Stack size 0 bytes, __main.o(!!!main))
<BR><BR>[Calls]<UL><LI><a href="#[84]">&gt;&gt;</a>&nbsp;&nbsp;&nbsp;__rt_entry
<LI><a href="#[83]">&gt;&gt;</a>&nbsp;&nbsp;&nbsp;__scatterload
</UL>

<P><STRONG><a name="[83]"></a>__scatterload</STRONG> (Thumb, 0 bytes, Stack size unknown bytes, __scatter.o(!!!scatter))
<BR><BR>[Called By]<UL><LI><a href="#[82]">&gt;&gt;</a>&nbsp;&nbsp;&nbsp;__main
</UL>

<P><STRONG><a name="[85]"></a>__scatterload_rt2</STRONG> (Thumb, 44 bytes, Stack size unknown bytes, __scatter.o(!!!scatter), UNUSED)
<BR><BR>[Calls]<UL><LI><a href="#[84]">&gt;&gt;</a>&nbsp;&nbsp;&nbsp;__rt_entry
</UL>

<P><STRONG><a name="[123]"></a>__scatterload_rt2_thumb_only</STRONG> (Thumb, 0 bytes, Stack size unknown bytes, __scatter.o(!!!scatter), UNUSED)

<P><STRONG><a name="[124]"></a>__scatterload_null</STRONG> (Thumb, 0 bytes, Stack size unknown bytes, __scatter.o(!!!scatter), UNUSED)

<P><STRONG><a name="[125]"></a>__decompress</STRONG> (Thumb, 90 bytes, Stack size unknown bytes, __dczerorl2.o(!!dczerorl2), UNUSED)

<P><STRONG><a name="[126]"></a>__decompress1</STRONG> (Thumb, 0 bytes, Stack size unknown bytes, __dczerorl2.o(!!dczerorl2), UNUSED)

<P><STRONG><a name="[127]"></a>__scatterload_zeroinit</STRONG> (Thumb, 28 bytes, Stack size unknown bytes, __scatter_zi.o(!!handler_zi), UNUSED)

<P><STRONG><a name="[8b]"></a>__rt_lib_init</STRONG> (Thumb, 0 bytes, Stack size unknown bytes, libinit.o(.ARM.Collect$$libinit$$00000000))
<BR><BR>[Called By]<UL><LI><a href="#[8a]">&gt;&gt;</a>&nbsp;&nbsp;&nbsp;__rt_entry_li
</UL>

<P><STRONG><a name="[86]"></a>__rt_lib_init_fp_1</STRONG> (Thumb, 0 bytes, Stack size unknown bytes, libinit2.o(.ARM.Collect$$libinit$$00000001))
<BR><BR>[Calls]<UL><LI><a href="#[87]">&gt;&gt;</a>&nbsp;&nbsp;&nbsp;_fp_init
</UL>

<P><STRONG><a name="[128]"></a>__rt_lib_init_alloca_1</STRONG> (Thumb, 0 bytes, Stack size unknown bytes, libinit2.o(.ARM.Collect$$libinit$$0000002E))

<P><STRONG><a name="[129]"></a>__rt_lib_init_argv_1</STRONG> (Thumb, 0 bytes, Stack size unknown bytes, libinit2.o(.ARM.Collect$$libinit$$0000002C))

<P><STRONG><a name="[12a]"></a>__rt_lib_init_atexit_1</STRONG> (Thumb, 0 bytes, Stack size unknown bytes, libinit2.o(.ARM.Collect$$libinit$$0000001B))

<P><STRONG><a name="[12b]"></a>__rt_lib_init_clock_1</STRONG> (Thumb, 0 bytes, Stack size unknown bytes, libinit2.o(.ARM.Collect$$libinit$$00000021))

<P><STRONG><a name="[12c]"></a>__rt_lib_init_cpp_1</STRONG> (Thumb, 0 bytes, Stack size unknown bytes, libinit2.o(.ARM.Collect$$libinit$$00000032))

<P><STRONG><a name="[12d]"></a>__rt_lib_init_exceptions_1</STRONG> (Thumb, 0 bytes, Stack size unknown bytes, libinit2.o(.ARM.Collect$$libinit$$00000030))

<P><STRONG><a name="[12e]"></a>__rt_lib_init_fp_trap_1</STRONG> (Thumb, 0 bytes, Stack size unknown bytes, libinit2.o(.ARM.Collect$$libinit$$0000001F))

<P><STRONG><a name="[12f]"></a>__rt_lib_init_getenv_1</STRONG> (Thumb, 0 bytes, Stack size unknown bytes, libinit2.o(.ARM.Collect$$libinit$$00000023))

<P><STRONG><a name="[130]"></a>__rt_lib_init_heap_1</STRONG> (Thumb, 0 bytes, Stack size unknown bytes, libinit2.o(.ARM.Collect$$libinit$$0000000A))

<P><STRONG><a name="[131]"></a>__rt_lib_init_lc_collate_1</STRONG> (Thumb, 0 bytes, Stack size unknown bytes, libinit2.o(.ARM.Collect$$libinit$$00000011))

<P><STRONG><a name="[132]"></a>__rt_lib_init_lc_ctype_1</STRONG> (Thumb, 0 bytes, Stack size unknown bytes, libinit2.o(.ARM.Collect$$libinit$$00000013))

<P><STRONG><a name="[133]"></a>__rt_lib_init_lc_monetary_1</STRONG> (Thumb, 0 bytes, Stack size unknown bytes, libinit2.o(.ARM.Collect$$libinit$$00000015))

<P><STRONG><a name="[134]"></a>__rt_lib_init_lc_numeric_1</STRONG> (Thumb, 0 bytes, Stack size unknown bytes, libinit2.o(.ARM.Collect$$libinit$$00000017))

<P><STRONG><a name="[135]"></a>__rt_lib_init_lc_time_1</STRONG> (Thumb, 0 bytes, Stack size unknown bytes, libinit2.o(.ARM.Collect$$libinit$$00000019))

<P><STRONG><a name="[136]"></a>__rt_lib_init_preinit_1</STRONG> (Thumb, 0 bytes, Stack size unknown bytes, libinit2.o(.ARM.Collect$$libinit$$00000004))

<P><STRONG><a name="[137]"></a>__rt_lib_init_rand_1</STRONG> (Thumb, 0 bytes, Stack size unknown bytes, libinit2.o(.ARM.Collect$$libinit$$0000000E))

<P><STRONG><a name="[138]"></a>__rt_lib_init_return</STRONG> (Thumb, 0 bytes, Stack size unknown bytes, libinit2.o(.ARM.Collect$$libinit$$00000033))

<P><STRONG><a name="[139]"></a>__rt_lib_init_signal_1</STRONG> (Thumb, 0 bytes, Stack size unknown bytes, libinit2.o(.ARM.Collect$$libinit$$0000001D))

<P><STRONG><a name="[13a]"></a>__rt_lib_init_stdio_1</STRONG> (Thumb, 0 bytes, Stack size unknown bytes, libinit2.o(.ARM.Collect$$libinit$$00000025))

<P><STRONG><a name="[13b]"></a>__rt_lib_init_user_alloc_1</STRONG> (Thumb, 0 bytes, Stack size unknown bytes, libinit2.o(.ARM.Collect$$libinit$$0000000C))

<P><STRONG><a name="[90]"></a>__rt_lib_shutdown</STRONG> (Thumb, 0 bytes, Stack size unknown bytes, libshutdown.o(.ARM.Collect$$libshutdown$$00000000))
<BR><BR>[Called By]<UL><LI><a href="#[8f]">&gt;&gt;</a>&nbsp;&nbsp;&nbsp;__rt_exit_ls
</UL>

<P><STRONG><a name="[13c]"></a>__rt_lib_shutdown_cpp_1</STRONG> (Thumb, 0 bytes, Stack size unknown bytes, libshutdown2.o(.ARM.Collect$$libshutdown$$00000002))

<P><STRONG><a name="[13d]"></a>__rt_lib_shutdown_fp_trap_1</STRONG> (Thumb, 0 bytes, Stack size unknown bytes, libshutdown2.o(.ARM.Collect$$libshutdown$$00000007))

<P><STRONG><a name="[13e]"></a>__rt_lib_shutdown_heap_1</STRONG> (Thumb, 0 bytes, Stack size unknown bytes, libshutdown2.o(.ARM.Collect$$libshutdown$$0000000F))

<P><STRONG><a name="[13f]"></a>__rt_lib_shutdown_return</STRONG> (Thumb, 0 bytes, Stack size unknown bytes, libshutdown2.o(.ARM.Collect$$libshutdown$$00000010))

<P><STRONG><a name="[140]"></a>__rt_lib_shutdown_signal_1</STRONG> (Thumb, 0 bytes, Stack size unknown bytes, libshutdown2.o(.ARM.Collect$$libshutdown$$0000000A))

<P><STRONG><a name="[141]"></a>__rt_lib_shutdown_stdio_1</STRONG> (Thumb, 0 bytes, Stack size unknown bytes, libshutdown2.o(.ARM.Collect$$libshutdown$$00000004))

<P><STRONG><a name="[142]"></a>__rt_lib_shutdown_user_alloc_1</STRONG> (Thumb, 0 bytes, Stack size unknown bytes, libshutdown2.o(.ARM.Collect$$libshutdown$$0000000C))

<P><STRONG><a name="[84]"></a>__rt_entry</STRONG> (Thumb, 0 bytes, Stack size unknown bytes, __rtentry.o(.ARM.Collect$$rtentry$$00000000))
<BR><BR>[Called By]<UL><LI><a href="#[82]">&gt;&gt;</a>&nbsp;&nbsp;&nbsp;__main
<LI><a href="#[85]">&gt;&gt;</a>&nbsp;&nbsp;&nbsp;__scatterload_rt2
</UL>

<P><STRONG><a name="[143]"></a>__rt_entry_presh_1</STRONG> (Thumb, 0 bytes, Stack size unknown bytes, __rtentry2.o(.ARM.Collect$$rtentry$$00000002))

<P><STRONG><a name="[88]"></a>__rt_entry_sh</STRONG> (Thumb, 0 bytes, Stack size unknown bytes, __rtentry4.o(.ARM.Collect$$rtentry$$00000004))
<BR><BR>[Stack]<UL><LI>Max Depth = 8 + Unknown Stack Size
<LI>Call Chain = __rt_entry_sh &rArr; __user_setup_stackheap
</UL>
<BR>[Calls]<UL><LI><a href="#[89]">&gt;&gt;</a>&nbsp;&nbsp;&nbsp;__user_setup_stackheap
</UL>

<P><STRONG><a name="[8a]"></a>__rt_entry_li</STRONG> (Thumb, 0 bytes, Stack size unknown bytes, __rtentry2.o(.ARM.Collect$$rtentry$$0000000A))
<BR><BR>[Calls]<UL><LI><a href="#[8b]">&gt;&gt;</a>&nbsp;&nbsp;&nbsp;__rt_lib_init
</UL>

<P><STRONG><a name="[144]"></a>__rt_entry_postsh_1</STRONG> (Thumb, 0 bytes, Stack size unknown bytes, __rtentry2.o(.ARM.Collect$$rtentry$$00000009))

<P><STRONG><a name="[8c]"></a>__rt_entry_main</STRONG> (Thumb, 0 bytes, Stack size unknown bytes, __rtentry2.o(.ARM.Collect$$rtentry$$0000000D))
<BR><BR>[Stack]<UL><LI>Max Depth = 2520 + Unknown Stack Size
<LI>Call Chain = __rt_entry_main &rArr; main &rArr; Find_Blackline &rArr; img_change_char &rArr; otsuThreshold &rArr; __hardfp_pow &rArr; sqrt &rArr; _dsqrt &rArr; __fpl_dnaninf
</UL>
<BR>[Calls]<UL><LI><a href="#[8d]">&gt;&gt;</a>&nbsp;&nbsp;&nbsp;main
<LI><a href="#[8e]">&gt;&gt;</a>&nbsp;&nbsp;&nbsp;exit
</UL>

<P><STRONG><a name="[145]"></a>__rt_entry_postli_1</STRONG> (Thumb, 0 bytes, Stack size unknown bytes, __rtentry2.o(.ARM.Collect$$rtentry$$0000000C))

<P><STRONG><a name="[9a]"></a>__rt_exit</STRONG> (Thumb, 0 bytes, Stack size unknown bytes, rtexit.o(.ARM.Collect$$rtexit$$00000000))
<BR><BR>[Called By]<UL><LI><a href="#[8e]">&gt;&gt;</a>&nbsp;&nbsp;&nbsp;exit
</UL>

<P><STRONG><a name="[8f]"></a>__rt_exit_ls</STRONG> (Thumb, 0 bytes, Stack size unknown bytes, rtexit2.o(.ARM.Collect$$rtexit$$00000003))
<BR><BR>[Calls]<UL><LI><a href="#[90]">&gt;&gt;</a>&nbsp;&nbsp;&nbsp;__rt_lib_shutdown
</UL>

<P><STRONG><a name="[146]"></a>__rt_exit_prels_1</STRONG> (Thumb, 0 bytes, Stack size unknown bytes, rtexit2.o(.ARM.Collect$$rtexit$$00000002))

<P><STRONG><a name="[91]"></a>__rt_exit_exit</STRONG> (Thumb, 0 bytes, Stack size unknown bytes, rtexit2.o(.ARM.Collect$$rtexit$$00000004))
<BR><BR>[Calls]<UL><LI><a href="#[92]">&gt;&gt;</a>&nbsp;&nbsp;&nbsp;_sys_exit
</UL>

<P><STRONG><a name="[4]"></a>Reset_Handler</STRONG> (Thumb, 8 bytes, Stack size 0 bytes, startup_lpc54606.o(.text))
<BR>[Address Reference Count : 1]<UL><LI> startup_lpc54606.o(RESET)
</UL>
<P><STRONG><a name="[7]"></a>MemManage_Handler</STRONG> (Thumb, 2 bytes, Stack size 0 bytes, startup_lpc54606.o(.text))
<BR><BR>[Calls]<UL><LI><a href="#[7]">&gt;&gt;</a>&nbsp;&nbsp;&nbsp;MemManage_Handler
</UL>
<BR>[Called By]<UL><LI><a href="#[7]">&gt;&gt;</a>&nbsp;&nbsp;&nbsp;MemManage_Handler
</UL>
<BR>[Address Reference Count : 1]<UL><LI> startup_lpc54606.o(RESET)
</UL>
<P><STRONG><a name="[8]"></a>BusFault_Handler</STRONG> (Thumb, 2 bytes, Stack size 0 bytes, startup_lpc54606.o(.text))
<BR><BR>[Calls]<UL><LI><a href="#[8]">&gt;&gt;</a>&nbsp;&nbsp;&nbsp;BusFault_Handler
</UL>
<BR>[Called By]<UL><LI><a href="#[8]">&gt;&gt;</a>&nbsp;&nbsp;&nbsp;BusFault_Handler
</UL>
<BR>[Address Reference Count : 1]<UL><LI> startup_lpc54606.o(RESET)
</UL>
<P><STRONG><a name="[9]"></a>UsageFault_Handler</STRONG> (Thumb, 2 bytes, Stack size 0 bytes, startup_lpc54606.o(.text))
<BR><BR>[Calls]<UL><LI><a href="#[9]">&gt;&gt;</a>&nbsp;&nbsp;&nbsp;UsageFault_Handler
</UL>
<BR>[Called By]<UL><LI><a href="#[9]">&gt;&gt;</a>&nbsp;&nbsp;&nbsp;UsageFault_Handler
</UL>
<BR>[Address Reference Count : 1]<UL><LI> startup_lpc54606.o(RESET)
</UL>
<P><STRONG><a name="[a]"></a>SVC_Handler</STRONG> (Thumb, 2 bytes, Stack size 0 bytes, startup_lpc54606.o(.text))
<BR><BR>[Calls]<UL><LI><a href="#[a]">&gt;&gt;</a>&nbsp;&nbsp;&nbsp;SVC_Handler
</UL>
<BR>[Called By]<UL><LI><a href="#[a]">&gt;&gt;</a>&nbsp;&nbsp;&nbsp;SVC_Handler
</UL>
<BR>[Address Reference Count : 1]<UL><LI> startup_lpc54606.o(RESET)
</UL>
<P><STRONG><a name="[b]"></a>DebugMon_Handler</STRONG> (Thumb, 2 bytes, Stack size 0 bytes, startup_lpc54606.o(.text))
<BR><BR>[Calls]<UL><LI><a href="#[b]">&gt;&gt;</a>&nbsp;&nbsp;&nbsp;DebugMon_Handler
</UL>
<BR>[Called By]<UL><LI><a href="#[b]">&gt;&gt;</a>&nbsp;&nbsp;&nbsp;DebugMon_Handler
</UL>
<BR>[Address Reference Count : 1]<UL><LI> startup_lpc54606.o(RESET)
</UL>
<P><STRONG><a name="[c]"></a>PendSV_Handler</STRONG> (Thumb, 2 bytes, Stack size 0 bytes, startup_lpc54606.o(.text))
<BR><BR>[Calls]<UL><LI><a href="#[c]">&gt;&gt;</a>&nbsp;&nbsp;&nbsp;PendSV_Handler
</UL>
<BR>[Called By]<UL><LI><a href="#[c]">&gt;&gt;</a>&nbsp;&nbsp;&nbsp;PendSV_Handler
</UL>
<BR>[Address Reference Count : 1]<UL><LI> startup_lpc54606.o(RESET)
</UL>
<P><STRONG><a name="[d]"></a>SysTick_Handler</STRONG> (Thumb, 2 bytes, Stack size 0 bytes, startup_lpc54606.o(.text))
<BR><BR>[Calls]<UL><LI><a href="#[d]">&gt;&gt;</a>&nbsp;&nbsp;&nbsp;SysTick_Handler
</UL>
<BR>[Called By]<UL><LI><a href="#[d]">&gt;&gt;</a>&nbsp;&nbsp;&nbsp;SysTick_Handler
</UL>
<BR>[Address Reference Count : 1]<UL><LI> startup_lpc54606.o(RESET)
</UL>
<P><STRONG><a name="[e]"></a>WDT_BOD_IRQHandler</STRONG> (Thumb, 4 bytes, Stack size 0 bytes, startup_lpc54606.o(.text))
<BR>[Address Reference Count : 1]<UL><LI> startup_lpc54606.o(RESET)
</UL>
<P><STRONG><a name="[f]"></a>DMA0_IRQHandler</STRONG> (Thumb, 4 bytes, Stack size 0 bytes, startup_lpc54606.o(.text))
<BR>[Address Reference Count : 1]<UL><LI> startup_lpc54606.o(RESET)
</UL>
<P><STRONG><a name="[10]"></a>GINT0_IRQHandler</STRONG> (Thumb, 4 bytes, Stack size 0 bytes, startup_lpc54606.o(.text))
<BR>[Address Reference Count : 1]<UL><LI> startup_lpc54606.o(RESET)
</UL>
<P><STRONG><a name="[11]"></a>GINT1_IRQHandler</STRONG> (Thumb, 4 bytes, Stack size 0 bytes, startup_lpc54606.o(.text))
<BR>[Address Reference Count : 1]<UL><LI> startup_lpc54606.o(RESET)
</UL>
<P><STRONG><a name="[12]"></a>PIN_INT0_IRQHandler</STRONG> (Thumb, 4 bytes, Stack size 0 bytes, startup_lpc54606.o(.text))
<BR>[Address Reference Count : 1]<UL><LI> startup_lpc54606.o(RESET)
</UL>
<P><STRONG><a name="[13]"></a>PIN_INT1_IRQHandler</STRONG> (Thumb, 4 bytes, Stack size 0 bytes, startup_lpc54606.o(.text))
<BR>[Address Reference Count : 1]<UL><LI> startup_lpc54606.o(RESET)
</UL>
<P><STRONG><a name="[14]"></a>PIN_INT2_IRQHandler</STRONG> (Thumb, 4 bytes, Stack size 0 bytes, startup_lpc54606.o(.text))
<BR>[Address Reference Count : 1]<UL><LI> startup_lpc54606.o(RESET)
</UL>
<P><STRONG><a name="[15]"></a>PIN_INT3_IRQHandler</STRONG> (Thumb, 4 bytes, Stack size 0 bytes, startup_lpc54606.o(.text))
<BR>[Address Reference Count : 1]<UL><LI> startup_lpc54606.o(RESET)
</UL>
<P><STRONG><a name="[16]"></a>UTICK0_IRQHandler</STRONG> (Thumb, 4 bytes, Stack size 0 bytes, startup_lpc54606.o(.text))
<BR>[Address Reference Count : 1]<UL><LI> startup_lpc54606.o(RESET)
</UL>
<P><STRONG><a name="[17]"></a>MRT0_IRQHandler</STRONG> (Thumb, 4 bytes, Stack size 0 bytes, startup_lpc54606.o(.text))
<BR>[Address Reference Count : 1]<UL><LI> startup_lpc54606.o(RESET)
</UL>
<P><STRONG><a name="[18]"></a>CTIMER0_IRQHandler</STRONG> (Thumb, 4 bytes, Stack size 0 bytes, startup_lpc54606.o(.text))
<BR>[Address Reference Count : 1]<UL><LI> startup_lpc54606.o(RESET)
</UL>
<P><STRONG><a name="[19]"></a>CTIMER1_IRQHandler</STRONG> (Thumb, 4 bytes, Stack size 0 bytes, startup_lpc54606.o(.text))
<BR>[Address Reference Count : 1]<UL><LI> startup_lpc54606.o(RESET)
</UL>
<P><STRONG><a name="[1a]"></a>SCT0_IRQHandler</STRONG> (Thumb, 4 bytes, Stack size 0 bytes, startup_lpc54606.o(.text))
<BR>[Address Reference Count : 1]<UL><LI> startup_lpc54606.o(RESET)
</UL>
<P><STRONG><a name="[1b]"></a>CTIMER3_IRQHandler</STRONG> (Thumb, 4 bytes, Stack size 0 bytes, startup_lpc54606.o(.text))
<BR>[Address Reference Count : 1]<UL><LI> startup_lpc54606.o(RESET)
</UL>
<P><STRONG><a name="[1c]"></a>FLEXCOMM0_IRQHandler</STRONG> (Thumb, 4 bytes, Stack size 0 bytes, startup_lpc54606.o(.text))
<BR>[Address Reference Count : 1]<UL><LI> startup_lpc54606.o(RESET)
</UL>
<P><STRONG><a name="[1d]"></a>FLEXCOMM1_IRQHandler</STRONG> (Thumb, 4 bytes, Stack size 0 bytes, startup_lpc54606.o(.text))
<BR>[Address Reference Count : 1]<UL><LI> startup_lpc54606.o(RESET)
</UL>
<P><STRONG><a name="[1e]"></a>FLEXCOMM2_IRQHandler</STRONG> (Thumb, 4 bytes, Stack size 0 bytes, startup_lpc54606.o(.text))
<BR>[Address Reference Count : 1]<UL><LI> startup_lpc54606.o(RESET)
</UL>
<P><STRONG><a name="[1f]"></a>FLEXCOMM3_IRQHandler</STRONG> (Thumb, 4 bytes, Stack size 0 bytes, startup_lpc54606.o(.text))
<BR>[Address Reference Count : 1]<UL><LI> startup_lpc54606.o(RESET)
</UL>
<P><STRONG><a name="[20]"></a>FLEXCOMM4_IRQHandler</STRONG> (Thumb, 4 bytes, Stack size 0 bytes, startup_lpc54606.o(.text))
<BR>[Address Reference Count : 1]<UL><LI> startup_lpc54606.o(RESET)
</UL>
<P><STRONG><a name="[21]"></a>FLEXCOMM5_IRQHandler</STRONG> (Thumb, 4 bytes, Stack size 0 bytes, startup_lpc54606.o(.text))
<BR>[Address Reference Count : 1]<UL><LI> startup_lpc54606.o(RESET)
</UL>
<P><STRONG><a name="[22]"></a>FLEXCOMM6_IRQHandler</STRONG> (Thumb, 4 bytes, Stack size 0 bytes, startup_lpc54606.o(.text))
<BR>[Address Reference Count : 1]<UL><LI> startup_lpc54606.o(RESET)
</UL>
<P><STRONG><a name="[23]"></a>FLEXCOMM7_IRQHandler</STRONG> (Thumb, 4 bytes, Stack size 0 bytes, startup_lpc54606.o(.text))
<BR>[Address Reference Count : 1]<UL><LI> startup_lpc54606.o(RESET)
</UL>
<P><STRONG><a name="[24]"></a>ADC0_SEQA_IRQHandler</STRONG> (Thumb, 4 bytes, Stack size 0 bytes, startup_lpc54606.o(.text))
<BR>[Address Reference Count : 1]<UL><LI> startup_lpc54606.o(RESET)
</UL>
<P><STRONG><a name="[25]"></a>ADC0_SEQB_IRQHandler</STRONG> (Thumb, 4 bytes, Stack size 0 bytes, startup_lpc54606.o(.text))
<BR>[Address Reference Count : 1]<UL><LI> startup_lpc54606.o(RESET)
</UL>
<P><STRONG><a name="[26]"></a>ADC0_THCMP_IRQHandler</STRONG> (Thumb, 4 bytes, Stack size 0 bytes, startup_lpc54606.o(.text))
<BR>[Address Reference Count : 1]<UL><LI> startup_lpc54606.o(RESET)
</UL>
<P><STRONG><a name="[27]"></a>DMIC0_IRQHandler</STRONG> (Thumb, 4 bytes, Stack size 0 bytes, startup_lpc54606.o(.text))
<BR>[Address Reference Count : 1]<UL><LI> startup_lpc54606.o(RESET)
</UL>
<P><STRONG><a name="[28]"></a>HWVAD0_IRQHandler</STRONG> (Thumb, 4 bytes, Stack size 0 bytes, startup_lpc54606.o(.text))
<BR>[Address Reference Count : 1]<UL><LI> startup_lpc54606.o(RESET)
</UL>
<P><STRONG><a name="[29]"></a>USB0_NEEDCLK_IRQHandler</STRONG> (Thumb, 4 bytes, Stack size 0 bytes, startup_lpc54606.o(.text))
<BR>[Address Reference Count : 1]<UL><LI> startup_lpc54606.o(RESET)
</UL>
<P><STRONG><a name="[2a]"></a>USB0_IRQHandler</STRONG> (Thumb, 4 bytes, Stack size 0 bytes, startup_lpc54606.o(.text))
<BR>[Address Reference Count : 1]<UL><LI> startup_lpc54606.o(RESET)
</UL>
<P><STRONG><a name="[2b]"></a>RTC_IRQHandler</STRONG> (Thumb, 4 bytes, Stack size 0 bytes, startup_lpc54606.o(.text))
<BR>[Address Reference Count : 1]<UL><LI> startup_lpc54606.o(RESET)
</UL>
<P><STRONG><a name="[2c]"></a>Reserved46_IRQHandler</STRONG> (Thumb, 4 bytes, Stack size 0 bytes, startup_lpc54606.o(.text))
<BR>[Address Reference Count : 1]<UL><LI> startup_lpc54606.o(RESET)
</UL>
<P><STRONG><a name="[2d]"></a>Reserved47_IRQHandler</STRONG> (Thumb, 4 bytes, Stack size 0 bytes, startup_lpc54606.o(.text))
<BR>[Address Reference Count : 1]<UL><LI> startup_lpc54606.o(RESET)
</UL>
<P><STRONG><a name="[2e]"></a>PIN_INT4_IRQHandler</STRONG> (Thumb, 4 bytes, Stack size 0 bytes, startup_lpc54606.o(.text))
<BR>[Address Reference Count : 1]<UL><LI> startup_lpc54606.o(RESET)
</UL>
<P><STRONG><a name="[2f]"></a>PIN_INT5_IRQHandler</STRONG> (Thumb, 4 bytes, Stack size 0 bytes, startup_lpc54606.o(.text))
<BR>[Address Reference Count : 1]<UL><LI> startup_lpc54606.o(RESET)
</UL>
<P><STRONG><a name="[30]"></a>PIN_INT6_IRQHandler</STRONG> (Thumb, 4 bytes, Stack size 0 bytes, startup_lpc54606.o(.text))
<BR>[Address Reference Count : 1]<UL><LI> startup_lpc54606.o(RESET)
</UL>
<P><STRONG><a name="[31]"></a>PIN_INT7_IRQHandler</STRONG> (Thumb, 4 bytes, Stack size 0 bytes, startup_lpc54606.o(.text))
<BR>[Address Reference Count : 1]<UL><LI> startup_lpc54606.o(RESET)
</UL>
<P><STRONG><a name="[32]"></a>CTIMER2_IRQHandler</STRONG> (Thumb, 4 bytes, Stack size 0 bytes, startup_lpc54606.o(.text))
<BR>[Address Reference Count : 1]<UL><LI> startup_lpc54606.o(RESET)
</UL>
<P><STRONG><a name="[33]"></a>CTIMER4_IRQHandler</STRONG> (Thumb, 4 bytes, Stack size 0 bytes, startup_lpc54606.o(.text))
<BR>[Address Reference Count : 1]<UL><LI> startup_lpc54606.o(RESET)
</UL>
<P><STRONG><a name="[34]"></a>RIT_IRQHandler</STRONG> (Thumb, 4 bytes, Stack size 0 bytes, startup_lpc54606.o(.text))
<BR>[Address Reference Count : 1]<UL><LI> startup_lpc54606.o(RESET)
</UL>
<P><STRONG><a name="[35]"></a>SPIFI0_IRQHandler</STRONG> (Thumb, 4 bytes, Stack size 0 bytes, startup_lpc54606.o(.text))
<BR>[Address Reference Count : 1]<UL><LI> startup_lpc54606.o(RESET)
</UL>
<P><STRONG><a name="[36]"></a>FLEXCOMM8_IRQHandler</STRONG> (Thumb, 4 bytes, Stack size 0 bytes, startup_lpc54606.o(.text))
<BR>[Address Reference Count : 1]<UL><LI> startup_lpc54606.o(RESET)
</UL>
<P><STRONG><a name="[37]"></a>FLEXCOMM9_IRQHandler</STRONG> (Thumb, 4 bytes, Stack size 0 bytes, startup_lpc54606.o(.text))
<BR>[Address Reference Count : 1]<UL><LI> startup_lpc54606.o(RESET)
</UL>
<P><STRONG><a name="[38]"></a>SDIO_IRQHandler</STRONG> (Thumb, 4 bytes, Stack size 0 bytes, startup_lpc54606.o(.text))
<BR>[Address Reference Count : 1]<UL><LI> startup_lpc54606.o(RESET)
</UL>
<P><STRONG><a name="[39]"></a>CAN0_IRQ0_IRQHandler</STRONG> (Thumb, 4 bytes, Stack size 0 bytes, startup_lpc54606.o(.text))
<BR>[Address Reference Count : 1]<UL><LI> startup_lpc54606.o(RESET)
</UL>
<P><STRONG><a name="[3a]"></a>CAN0_IRQ1_IRQHandler</STRONG> (Thumb, 4 bytes, Stack size 0 bytes, startup_lpc54606.o(.text))
<BR>[Address Reference Count : 1]<UL><LI> startup_lpc54606.o(RESET)
</UL>
<P><STRONG><a name="[3b]"></a>CAN1_IRQ0_IRQHandler</STRONG> (Thumb, 4 bytes, Stack size 0 bytes, startup_lpc54606.o(.text))
<BR>[Address Reference Count : 1]<UL><LI> startup_lpc54606.o(RESET)
</UL>
<P><STRONG><a name="[3c]"></a>CAN1_IRQ1_IRQHandler</STRONG> (Thumb, 4 bytes, Stack size 0 bytes, startup_lpc54606.o(.text))
<BR>[Address Reference Count : 1]<UL><LI> startup_lpc54606.o(RESET)
</UL>
<P><STRONG><a name="[3d]"></a>USB1_IRQHandler</STRONG> (Thumb, 4 bytes, Stack size 0 bytes, startup_lpc54606.o(.text))
<BR>[Address Reference Count : 1]<UL><LI> startup_lpc54606.o(RESET)
</UL>
<P><STRONG><a name="[3e]"></a>USB1_NEEDCLK_IRQHandler</STRONG> (Thumb, 4 bytes, Stack size 0 bytes, startup_lpc54606.o(.text))
<BR>[Address Reference Count : 1]<UL><LI> startup_lpc54606.o(RESET)
</UL>
<P><STRONG><a name="[3f]"></a>ETHERNET_IRQHandler</STRONG> (Thumb, 4 bytes, Stack size 0 bytes, startup_lpc54606.o(.text))
<BR>[Address Reference Count : 1]<UL><LI> startup_lpc54606.o(RESET)
</UL>
<P><STRONG><a name="[40]"></a>ETHERNET_PMT_IRQHandler</STRONG> (Thumb, 4 bytes, Stack size 0 bytes, startup_lpc54606.o(.text))
<BR>[Address Reference Count : 1]<UL><LI> startup_lpc54606.o(RESET)
</UL>
<P><STRONG><a name="[41]"></a>ETHERNET_MACLP_IRQHandler</STRONG> (Thumb, 4 bytes, Stack size 0 bytes, startup_lpc54606.o(.text))
<BR>[Address Reference Count : 1]<UL><LI> startup_lpc54606.o(RESET)
</UL>
<P><STRONG><a name="[42]"></a>EEPROM_IRQHandler</STRONG> (Thumb, 4 bytes, Stack size 0 bytes, startup_lpc54606.o(.text))
<BR>[Address Reference Count : 1]<UL><LI> startup_lpc54606.o(RESET)
</UL>
<P><STRONG><a name="[43]"></a>LCD_IRQHandler</STRONG> (Thumb, 4 bytes, Stack size 0 bytes, startup_lpc54606.o(.text))
<BR>[Address Reference Count : 1]<UL><LI> startup_lpc54606.o(RESET)
</UL>
<P><STRONG><a name="[44]"></a>SHA_IRQHandler</STRONG> (Thumb, 4 bytes, Stack size 0 bytes, startup_lpc54606.o(.text))
<BR>[Address Reference Count : 1]<UL><LI> startup_lpc54606.o(RESET)
</UL>
<P><STRONG><a name="[45]"></a>SMARTCARD0_IRQHandler</STRONG> (Thumb, 4 bytes, Stack size 0 bytes, startup_lpc54606.o(.text))
<BR>[Address Reference Count : 1]<UL><LI> startup_lpc54606.o(RESET)
</UL>
<P><STRONG><a name="[46]"></a>SMARTCARD1_IRQHandler</STRONG> (Thumb, 4 bytes, Stack size 0 bytes, startup_lpc54606.o(.text))
<BR>[Address Reference Count : 1]<UL><LI> startup_lpc54606.o(RESET)
</UL>
<P><STRONG><a name="[5f]"></a>ADC0_SEQA_DriverIRQHandler</STRONG> (Thumb, 0 bytes, Stack size 0 bytes, startup_lpc54606.o(.text))
<BR><BR>[Calls]<UL><LI><a href="#[5f]">&gt;&gt;</a>&nbsp;&nbsp;&nbsp;ADC0_SEQA_DriverIRQHandler
</UL>
<BR>[Called By]<UL><LI><a href="#[5f]">&gt;&gt;</a>&nbsp;&nbsp;&nbsp;ADC0_SEQA_DriverIRQHandler
</UL>
<BR>[Address Reference Count : 1]<UL><LI> startup_lpc54606.o(.text)
</UL>
<P><STRONG><a name="[60]"></a>ADC0_SEQB_DriverIRQHandler</STRONG> (Thumb, 0 bytes, Stack size 0 bytes, startup_lpc54606.o(.text))
<BR>[Address Reference Count : 1]<UL><LI> startup_lpc54606.o(.text)
</UL>
<P><STRONG><a name="[61]"></a>ADC0_THCMP_DriverIRQHandler</STRONG> (Thumb, 0 bytes, Stack size 0 bytes, startup_lpc54606.o(.text))
<BR>[Address Reference Count : 1]<UL><LI> startup_lpc54606.o(.text)
</UL>
<P><STRONG><a name="[74]"></a>CAN0_IRQ0_DriverIRQHandler</STRONG> (Thumb, 0 bytes, Stack size 0 bytes, startup_lpc54606.o(.text))
<BR>[Address Reference Count : 1]<UL><LI> startup_lpc54606.o(.text)
</UL>
<P><STRONG><a name="[75]"></a>CAN0_IRQ1_DriverIRQHandler</STRONG> (Thumb, 0 bytes, Stack size 0 bytes, startup_lpc54606.o(.text))
<BR>[Address Reference Count : 1]<UL><LI> startup_lpc54606.o(.text)
</UL>
<P><STRONG><a name="[76]"></a>CAN1_IRQ0_DriverIRQHandler</STRONG> (Thumb, 0 bytes, Stack size 0 bytes, startup_lpc54606.o(.text))
<BR>[Address Reference Count : 1]<UL><LI> startup_lpc54606.o(.text)
</UL>
<P><STRONG><a name="[77]"></a>CAN1_IRQ1_DriverIRQHandler</STRONG> (Thumb, 0 bytes, Stack size 0 bytes, startup_lpc54606.o(.text))
<BR>[Address Reference Count : 1]<UL><LI> startup_lpc54606.o(.text)
</UL>
<P><STRONG><a name="[53]"></a>CTIMER0_DriverIRQHandler</STRONG> (Thumb, 0 bytes, Stack size 0 bytes, startup_lpc54606.o(.text))
<BR>[Address Reference Count : 1]<UL><LI> startup_lpc54606.o(.text)
</UL>
<P><STRONG><a name="[54]"></a>CTIMER1_DriverIRQHandler</STRONG> (Thumb, 0 bytes, Stack size 0 bytes, startup_lpc54606.o(.text))
<BR>[Address Reference Count : 1]<UL><LI> startup_lpc54606.o(.text)
</UL>
<P><STRONG><a name="[6d]"></a>CTIMER2_DriverIRQHandler</STRONG> (Thumb, 0 bytes, Stack size 0 bytes, startup_lpc54606.o(.text))
<BR>[Address Reference Count : 1]<UL><LI> startup_lpc54606.o(.text)
</UL>
<P><STRONG><a name="[56]"></a>CTIMER3_DriverIRQHandler</STRONG> (Thumb, 0 bytes, Stack size 0 bytes, startup_lpc54606.o(.text))
<BR>[Address Reference Count : 1]<UL><LI> startup_lpc54606.o(.text)
</UL>
<P><STRONG><a name="[6e]"></a>CTIMER4_DriverIRQHandler</STRONG> (Thumb, 0 bytes, Stack size 0 bytes, startup_lpc54606.o(.text))
<BR>[Address Reference Count : 1]<UL><LI> startup_lpc54606.o(.text)
</UL>
<P><STRONG><a name="[62]"></a>DMIC0_DriverIRQHandler</STRONG> (Thumb, 0 bytes, Stack size 0 bytes, startup_lpc54606.o(.text))
<BR>[Address Reference Count : 1]<UL><LI> startup_lpc54606.o(.text)
</UL>
<P><STRONG><a name="[7d]"></a>EEPROM_DriverIRQHandler</STRONG> (Thumb, 0 bytes, Stack size 0 bytes, startup_lpc54606.o(.text))
<BR>[Address Reference Count : 1]<UL><LI> startup_lpc54606.o(.text)
</UL>
<P><STRONG><a name="[7a]"></a>ETHERNET_DriverIRQHandler</STRONG> (Thumb, 0 bytes, Stack size 0 bytes, startup_lpc54606.o(.text))
<BR>[Address Reference Count : 1]<UL><LI> startup_lpc54606.o(.text)
</UL>
<P><STRONG><a name="[7c]"></a>ETHERNET_MACLP_DriverIRQHandler</STRONG> (Thumb, 0 bytes, Stack size 0 bytes, startup_lpc54606.o(.text))
<BR>[Address Reference Count : 1]<UL><LI> startup_lpc54606.o(.text)
</UL>
<P><STRONG><a name="[7b]"></a>ETHERNET_PMT_DriverIRQHandler</STRONG> (Thumb, 0 bytes, Stack size 0 bytes, startup_lpc54606.o(.text))
<BR>[Address Reference Count : 1]<UL><LI> startup_lpc54606.o(.text)
</UL>
<P><STRONG><a name="[58]"></a>FLEXCOMM1_DriverIRQHandler</STRONG> (Thumb, 0 bytes, Stack size 0 bytes, startup_lpc54606.o(.text))
<BR>[Address Reference Count : 1]<UL><LI> startup_lpc54606.o(.text)
</UL>
<P><STRONG><a name="[59]"></a>FLEXCOMM2_DriverIRQHandler</STRONG> (Thumb, 0 bytes, Stack size 0 bytes, startup_lpc54606.o(.text))
<BR>[Address Reference Count : 1]<UL><LI> startup_lpc54606.o(.text)
</UL>
<P><STRONG><a name="[5a]"></a>FLEXCOMM3_DriverIRQHandler</STRONG> (Thumb, 0 bytes, Stack size 0 bytes, startup_lpc54606.o(.text))
<BR>[Address Reference Count : 1]<UL><LI> startup_lpc54606.o(.text)
</UL>
<P><STRONG><a name="[5b]"></a>FLEXCOMM4_DriverIRQHandler</STRONG> (Thumb, 0 bytes, Stack size 0 bytes, startup_lpc54606.o(.text))
<BR>[Address Reference Count : 1]<UL><LI> startup_lpc54606.o(.text)
</UL>
<P><STRONG><a name="[5d]"></a>FLEXCOMM6_DriverIRQHandler</STRONG> (Thumb, 0 bytes, Stack size 0 bytes, startup_lpc54606.o(.text))
<BR>[Address Reference Count : 1]<UL><LI> startup_lpc54606.o(.text)
</UL>
<P><STRONG><a name="[5e]"></a>FLEXCOMM7_DriverIRQHandler</STRONG> (Thumb, 0 bytes, Stack size 0 bytes, startup_lpc54606.o(.text))
<BR>[Address Reference Count : 1]<UL><LI> startup_lpc54606.o(.text)
</UL>
<P><STRONG><a name="[71]"></a>FLEXCOMM8_DriverIRQHandler</STRONG> (Thumb, 0 bytes, Stack size 0 bytes, startup_lpc54606.o(.text))
<BR>[Address Reference Count : 1]<UL><LI> startup_lpc54606.o(.text)
</UL>
<P><STRONG><a name="[72]"></a>FLEXCOMM9_DriverIRQHandler</STRONG> (Thumb, 0 bytes, Stack size 0 bytes, startup_lpc54606.o(.text))
<BR>[Address Reference Count : 1]<UL><LI> startup_lpc54606.o(.text)
</UL>
<P><STRONG><a name="[4c]"></a>GINT1_DriverIRQHandler</STRONG> (Thumb, 0 bytes, Stack size 0 bytes, startup_lpc54606.o(.text))
<BR>[Address Reference Count : 1]<UL><LI> startup_lpc54606.o(.text)
</UL>
<P><STRONG><a name="[63]"></a>HWVAD0_DriverIRQHandler</STRONG> (Thumb, 0 bytes, Stack size 0 bytes, startup_lpc54606.o(.text))
<BR>[Address Reference Count : 1]<UL><LI> startup_lpc54606.o(.text)
</UL>
<P><STRONG><a name="[7e]"></a>LCD_DriverIRQHandler</STRONG> (Thumb, 0 bytes, Stack size 0 bytes, startup_lpc54606.o(.text))
<BR>[Address Reference Count : 1]<UL><LI> startup_lpc54606.o(.text)
</UL>
<P><STRONG><a name="[4d]"></a>PIN_INT0_DriverIRQHandler</STRONG> (Thumb, 0 bytes, Stack size 0 bytes, startup_lpc54606.o(.text))
<BR>[Address Reference Count : 1]<UL><LI> startup_lpc54606.o(.text)
</UL>
<P><STRONG><a name="[4e]"></a>PIN_INT1_DriverIRQHandler</STRONG> (Thumb, 0 bytes, Stack size 0 bytes, startup_lpc54606.o(.text))
<BR>[Address Reference Count : 1]<UL><LI> startup_lpc54606.o(.text)
</UL>
<P><STRONG><a name="[4f]"></a>PIN_INT2_DriverIRQHandler</STRONG> (Thumb, 0 bytes, Stack size 0 bytes, startup_lpc54606.o(.text))
<BR>[Address Reference Count : 1]<UL><LI> startup_lpc54606.o(.text)
</UL>
<P><STRONG><a name="[50]"></a>PIN_INT3_DriverIRQHandler</STRONG> (Thumb, 0 bytes, Stack size 0 bytes, startup_lpc54606.o(.text))
<BR>[Address Reference Count : 1]<UL><LI> startup_lpc54606.o(.text)
</UL>
<P><STRONG><a name="[69]"></a>PIN_INT4_DriverIRQHandler</STRONG> (Thumb, 0 bytes, Stack size 0 bytes, startup_lpc54606.o(.text))
<BR>[Address Reference Count : 1]<UL><LI> startup_lpc54606.o(.text)
</UL>
<P><STRONG><a name="[6a]"></a>PIN_INT5_DriverIRQHandler</STRONG> (Thumb, 0 bytes, Stack size 0 bytes, startup_lpc54606.o(.text))
<BR>[Address Reference Count : 1]<UL><LI> startup_lpc54606.o(.text)
</UL>
<P><STRONG><a name="[6b]"></a>PIN_INT6_DriverIRQHandler</STRONG> (Thumb, 0 bytes, Stack size 0 bytes, startup_lpc54606.o(.text))
<BR>[Address Reference Count : 1]<UL><LI> startup_lpc54606.o(.text)
</UL>
<P><STRONG><a name="[66]"></a>RTC_DriverIRQHandler</STRONG> (Thumb, 0 bytes, Stack size 0 bytes, startup_lpc54606.o(.text))
<BR>[Address Reference Count : 1]<UL><LI> startup_lpc54606.o(.text)
</UL>
<P><STRONG><a name="[67]"></a>Reserved46_DriverIRQHandler</STRONG> (Thumb, 0 bytes, Stack size 0 bytes, startup_lpc54606.o(.text))
<BR>[Address Reference Count : 1]<UL><LI> startup_lpc54606.o(.text)
</UL>
<P><STRONG><a name="[68]"></a>Reserved47_DriverIRQHandler</STRONG> (Thumb, 0 bytes, Stack size 0 bytes, startup_lpc54606.o(.text))
<BR>[Address Reference Count : 1]<UL><LI> startup_lpc54606.o(.text)
</UL>
<P><STRONG><a name="[55]"></a>SCT0_DriverIRQHandler</STRONG> (Thumb, 0 bytes, Stack size 0 bytes, startup_lpc54606.o(.text))
<BR>[Address Reference Count : 1]<UL><LI> startup_lpc54606.o(.text)
</UL>
<P><STRONG><a name="[73]"></a>SDIO_DriverIRQHandler</STRONG> (Thumb, 0 bytes, Stack size 0 bytes, startup_lpc54606.o(.text))
<BR>[Address Reference Count : 1]<UL><LI> startup_lpc54606.o(.text)
</UL>
<P><STRONG><a name="[7f]"></a>SHA_DriverIRQHandler</STRONG> (Thumb, 0 bytes, Stack size 0 bytes, startup_lpc54606.o(.text))
<BR>[Address Reference Count : 1]<UL><LI> startup_lpc54606.o(.text)
</UL>
<P><STRONG><a name="[80]"></a>SMARTCARD0_DriverIRQHandler</STRONG> (Thumb, 0 bytes, Stack size 0 bytes, startup_lpc54606.o(.text))
<BR>[Address Reference Count : 1]<UL><LI> startup_lpc54606.o(.text)
</UL>
<P><STRONG><a name="[81]"></a>SMARTCARD1_DriverIRQHandler</STRONG> (Thumb, 0 bytes, Stack size 0 bytes, startup_lpc54606.o(.text))
<BR>[Address Reference Count : 1]<UL><LI> startup_lpc54606.o(.text)
</UL>
<P><STRONG><a name="[70]"></a>SPIFI0_DriverIRQHandler</STRONG> (Thumb, 0 bytes, Stack size 0 bytes, startup_lpc54606.o(.text))
<BR>[Address Reference Count : 1]<UL><LI> startup_lpc54606.o(.text)
</UL>
<P><STRONG><a name="[65]"></a>USB0_DriverIRQHandler</STRONG> (Thumb, 0 bytes, Stack size 0 bytes, startup_lpc54606.o(.text))
<BR>[Address Reference Count : 1]<UL><LI> startup_lpc54606.o(.text)
</UL>
<P><STRONG><a name="[64]"></a>USB0_NEEDCLK_DriverIRQHandler</STRONG> (Thumb, 0 bytes, Stack size 0 bytes, startup_lpc54606.o(.text))
<BR>[Address Reference Count : 1]<UL><LI> startup_lpc54606.o(.text)
</UL>
<P><STRONG><a name="[78]"></a>USB1_DriverIRQHandler</STRONG> (Thumb, 0 bytes, Stack size 0 bytes, startup_lpc54606.o(.text))
<BR>[Address Reference Count : 1]<UL><LI> startup_lpc54606.o(.text)
</UL>
<P><STRONG><a name="[79]"></a>USB1_NEEDCLK_DriverIRQHandler</STRONG> (Thumb, 0 bytes, Stack size 0 bytes, startup_lpc54606.o(.text))
<BR>[Address Reference Count : 1]<UL><LI> startup_lpc54606.o(.text)
</UL>
<P><STRONG><a name="[51]"></a>UTICK0_DriverIRQHandler</STRONG> (Thumb, 0 bytes, Stack size 0 bytes, startup_lpc54606.o(.text))
<BR>[Address Reference Count : 1]<UL><LI> startup_lpc54606.o(.text)
</UL>
<P><STRONG><a name="[49]"></a>WDT_BOD_DriverIRQHandler</STRONG> (Thumb, 0 bytes, Stack size 0 bytes, startup_lpc54606.o(.text))
<BR>[Address Reference Count : 1]<UL><LI> startup_lpc54606.o(.text)
</UL>
<P><STRONG><a name="[99]"></a>__user_initial_stackheap</STRONG> (Thumb, 0 bytes, Stack size unknown bytes, startup_lpc54606.o(.text))
<BR><BR>[Called By]<UL><LI><a href="#[89]">&gt;&gt;</a>&nbsp;&nbsp;&nbsp;__user_setup_stackheap
</UL>

<P><STRONG><a name="[dc]"></a>__aeabi_ldivmod</STRONG> (Thumb, 0 bytes, Stack size 8 bytes, llsdiv.o(.text))
<BR><BR>[Stack]<UL><LI>Max Depth = 8<LI>Call Chain = __aeabi_ldivmod
</UL>
<BR>[Called By]<UL><LI><a href="#[ae]">&gt;&gt;</a>&nbsp;&nbsp;&nbsp;ctimer_pwm_init
<LI><a href="#[a2]">&gt;&gt;</a>&nbsp;&nbsp;&nbsp;ctimer_pwm_duty
</UL>

<P><STRONG><a name="[93]"></a>_ll_sdiv</STRONG> (Thumb, 72 bytes, Stack size 8 bytes, llsdiv.o(.text), UNUSED)
<BR><BR>[Calls]<UL><LI><a href="#[94]">&gt;&gt;</a>&nbsp;&nbsp;&nbsp;__aeabi_uldivmod
</UL>

<P><STRONG><a name="[147]"></a>__use_two_region_memory</STRONG> (Thumb, 2 bytes, Stack size 0 bytes, heapauxi.o(.text), UNUSED)

<P><STRONG><a name="[148]"></a>__rt_heap_escrow$2region</STRONG> (Thumb, 2 bytes, Stack size 0 bytes, heapauxi.o(.text), UNUSED)

<P><STRONG><a name="[149]"></a>__rt_heap_expand$2region</STRONG> (Thumb, 2 bytes, Stack size 0 bytes, heapauxi.o(.text), UNUSED)

<P><STRONG><a name="[94]"></a>__aeabi_uldivmod</STRONG> (Thumb, 0 bytes, Stack size 48 bytes, lludivv7m.o(.text), UNUSED)
<BR><BR>[Called By]<UL><LI><a href="#[93]">&gt;&gt;</a>&nbsp;&nbsp;&nbsp;_ll_sdiv
</UL>

<P><STRONG><a name="[14a]"></a>_ll_udiv</STRONG> (Thumb, 238 bytes, Stack size 48 bytes, lludivv7m.o(.text), UNUSED)

<P><STRONG><a name="[95]"></a>__read_errno</STRONG> (Thumb, 10 bytes, Stack size 8 bytes, _rserrno.o(.text), UNUSED)
<BR><BR>[Calls]<UL><LI><a href="#[96]">&gt;&gt;</a>&nbsp;&nbsp;&nbsp;__aeabi_errno_addr
</UL>

<P><STRONG><a name="[97]"></a>__set_errno</STRONG> (Thumb, 12 bytes, Stack size 8 bytes, _rserrno.o(.text))
<BR><BR>[Stack]<UL><LI>Max Depth = 8<LI>Call Chain = __set_errno
</UL>
<BR>[Calls]<UL><LI><a href="#[96]">&gt;&gt;</a>&nbsp;&nbsp;&nbsp;__aeabi_errno_addr
</UL>
<BR>[Called By]<UL><LI><a href="#[c3]">&gt;&gt;</a>&nbsp;&nbsp;&nbsp;sqrt
<LI><a href="#[bd]">&gt;&gt;</a>&nbsp;&nbsp;&nbsp;__hardfp_pow
</UL>

<P><STRONG><a name="[96]"></a>__aeabi_errno_addr</STRONG> (Thumb, 8 bytes, Stack size 0 bytes, rt_errno_addr_intlibspace.o(.text))
<BR><BR>[Called By]<UL><LI><a href="#[97]">&gt;&gt;</a>&nbsp;&nbsp;&nbsp;__set_errno
<LI><a href="#[95]">&gt;&gt;</a>&nbsp;&nbsp;&nbsp;__read_errno
</UL>

<P><STRONG><a name="[14b]"></a>__errno$intlibspace</STRONG> (Thumb, 0 bytes, Stack size 0 bytes, rt_errno_addr_intlibspace.o(.text), UNUSED)

<P><STRONG><a name="[14c]"></a>__rt_errno_addr$intlibspace</STRONG> (Thumb, 0 bytes, Stack size 0 bytes, rt_errno_addr_intlibspace.o(.text), UNUSED)

<P><STRONG><a name="[14d]"></a>__user_libspace</STRONG> (Thumb, 8 bytes, Stack size 0 bytes, libspace.o(.text), UNUSED)

<P><STRONG><a name="[98]"></a>__user_perproc_libspace</STRONG> (Thumb, 0 bytes, Stack size 0 bytes, libspace.o(.text))
<BR><BR>[Called By]<UL><LI><a href="#[89]">&gt;&gt;</a>&nbsp;&nbsp;&nbsp;__user_setup_stackheap
</UL>

<P><STRONG><a name="[14e]"></a>__user_perthread_libspace</STRONG> (Thumb, 0 bytes, Stack size 0 bytes, libspace.o(.text), UNUSED)

<P><STRONG><a name="[89]"></a>__user_setup_stackheap</STRONG> (Thumb, 74 bytes, Stack size 8 bytes, sys_stackheap_outer.o(.text))
<BR><BR>[Stack]<UL><LI>Max Depth = 8 + Unknown Stack Size
<LI>Call Chain = __user_setup_stackheap
</UL>
<BR>[Calls]<UL><LI><a href="#[99]">&gt;&gt;</a>&nbsp;&nbsp;&nbsp;__user_initial_stackheap
<LI><a href="#[98]">&gt;&gt;</a>&nbsp;&nbsp;&nbsp;__user_perproc_libspace
</UL>
<BR>[Called By]<UL><LI><a href="#[88]">&gt;&gt;</a>&nbsp;&nbsp;&nbsp;__rt_entry_sh
</UL>

<P><STRONG><a name="[8e]"></a>exit</STRONG> (Thumb, 18 bytes, Stack size 8 bytes, exit.o(.text))
<BR><BR>[Stack]<UL><LI>Max Depth = 8 + Unknown Stack Size
<LI>Call Chain = exit
</UL>
<BR>[Calls]<UL><LI><a href="#[9a]">&gt;&gt;</a>&nbsp;&nbsp;&nbsp;__rt_exit
</UL>
<BR>[Called By]<UL><LI><a href="#[8c]">&gt;&gt;</a>&nbsp;&nbsp;&nbsp;__rt_entry_main
</UL>

<P><STRONG><a name="[92]"></a>_sys_exit</STRONG> (Thumb, 8 bytes, Stack size 0 bytes, sys_exit.o(.text))
<BR><BR>[Called By]<UL><LI><a href="#[91]">&gt;&gt;</a>&nbsp;&nbsp;&nbsp;__rt_exit_exit
</UL>

<P><STRONG><a name="[14f]"></a>__I$use$semihosting</STRONG> (Thumb, 0 bytes, Stack size 0 bytes, use_no_semi.o(.text), UNUSED)

<P><STRONG><a name="[150]"></a>__use_no_semihosting_swi</STRONG> (Thumb, 2 bytes, Stack size 0 bytes, use_no_semi.o(.text), UNUSED)

<P><STRONG><a name="[151]"></a>__semihosting_library_function</STRONG> (Thumb, 0 bytes, Stack size unknown bytes, indicate_semi.o(.text), UNUSED)

<P><STRONG><a name="[4a]"></a>DMA0_DriverIRQHandler</STRONG> (Thumb, 18 bytes, Stack size 8 bytes, isr.o(i.DMA0_DriverIRQHandler))
<BR><BR>[Stack]<UL><LI>Max Depth = 24<LI>Call Chain = DMA0_DriverIRQHandler &rArr; mt9v032_dma &rArr; pint_disable_irq
</UL>
<BR>[Calls]<UL><LI><a href="#[9b]">&gt;&gt;</a>&nbsp;&nbsp;&nbsp;mt9v032_dma
</UL>
<BR>[Address Reference Count : 1]<UL><LI> startup_lpc54606.o(.text)
</UL>
<P><STRONG><a name="[9c]"></a>Direct_control</STRONG> (Thumb, 134 bytes, Stack size 8 bytes, angle_control.o(i.Direct_control))
<BR><BR>[Stack]<UL><LI>Max Depth = 48<LI>Call Chain = Direct_control &rArr; ctimer_pwm_duty &rArr; __aeabi_ldivmod
</UL>
<BR>[Calls]<UL><LI><a href="#[a2]">&gt;&gt;</a>&nbsp;&nbsp;&nbsp;ctimer_pwm_duty
<LI><a href="#[9d]">&gt;&gt;</a>&nbsp;&nbsp;&nbsp;PID_Loc
<LI><a href="#[9f]">&gt;&gt;</a>&nbsp;&nbsp;&nbsp;__aeabi_cdrcmple
<LI><a href="#[a0]">&gt;&gt;</a>&nbsp;&nbsp;&nbsp;__aeabi_cdcmple
<LI><a href="#[9e]">&gt;&gt;</a>&nbsp;&nbsp;&nbsp;__aeabi_i2d
<LI><a href="#[a1]">&gt;&gt;</a>&nbsp;&nbsp;&nbsp;__aeabi_d2uiz
</UL>
<BR>[Called By]<UL><LI><a href="#[8d]">&gt;&gt;</a>&nbsp;&nbsp;&nbsp;main
</UL>

<P><STRONG><a name="[57]"></a>FLEXCOMM0_DriverIRQHandler</STRONG> (Thumb, 50 bytes, Stack size 8 bytes, isr.o(i.FLEXCOMM0_DriverIRQHandler))
<BR><BR>[Stack]<UL><LI>Max Depth = 8<LI>Call Chain = FLEXCOMM0_DriverIRQHandler
</UL>
<BR>[Address Reference Count : 1]<UL><LI> startup_lpc54606.o(.text)
</UL>
<P><STRONG><a name="[5c]"></a>FLEXCOMM5_DriverIRQHandler</STRONG> (Thumb, 58 bytes, Stack size 8 bytes, isr.o(i.FLEXCOMM5_DriverIRQHandler))
<BR><BR>[Stack]<UL><LI>Max Depth = 16<LI>Call Chain = FLEXCOMM5_DriverIRQHandler &rArr; mt9v032_cof_uart_interrupt
</UL>
<BR>[Calls]<UL><LI><a href="#[a3]">&gt;&gt;</a>&nbsp;&nbsp;&nbsp;mt9v032_cof_uart_interrupt
</UL>
<BR>[Address Reference Count : 1]<UL><LI> startup_lpc54606.o(.text)
</UL>
<P><STRONG><a name="[a4]"></a>Find_Blackline</STRONG> (Thumb, 948 bytes, Stack size 40 bytes, img_data_deal.o(i.Find_Blackline))
<BR><BR>[Stack]<UL><LI>Max Depth = 2504<LI>Call Chain = Find_Blackline &rArr; img_change_char &rArr; otsuThreshold &rArr; __hardfp_pow &rArr; sqrt &rArr; _dsqrt &rArr; __fpl_dnaninf
</UL>
<BR>[Calls]<UL><LI><a href="#[a7]">&gt;&gt;</a>&nbsp;&nbsp;&nbsp;__hardfp_fmin
<LI><a href="#[a6]">&gt;&gt;</a>&nbsp;&nbsp;&nbsp;__aeabi_ui2d
<LI><a href="#[a1]">&gt;&gt;</a>&nbsp;&nbsp;&nbsp;__aeabi_d2uiz
<LI><a href="#[a5]">&gt;&gt;</a>&nbsp;&nbsp;&nbsp;img_change_char
</UL>
<BR>[Called By]<UL><LI><a href="#[8d]">&gt;&gt;</a>&nbsp;&nbsp;&nbsp;main
</UL>

<P><STRONG><a name="[4b]"></a>GINT0_DriverIRQHandler</STRONG> (Thumb, 24 bytes, Stack size 0 bytes, isr.o(i.GINT0_DriverIRQHandler))
<BR>[Address Reference Count : 1]<UL><LI> startup_lpc54606.o(.text)
</UL>
<P><STRONG><a name="[a8]"></a>Get_Weighted_Average</STRONG> (Thumb, 256 bytes, Stack size 48 bytes, img_data_deal.o(i.Get_Weighted_Average))
<BR><BR>[Stack]<UL><LI>Max Depth = 80<LI>Call Chain = Get_Weighted_Average &rArr; __aeabi_dmul
</UL>
<BR>[Calls]<UL><LI><a href="#[aa]">&gt;&gt;</a>&nbsp;&nbsp;&nbsp;__aeabi_f2d
<LI><a href="#[a9]">&gt;&gt;</a>&nbsp;&nbsp;&nbsp;__aeabi_dmul
<LI><a href="#[9e]">&gt;&gt;</a>&nbsp;&nbsp;&nbsp;__aeabi_i2d
<LI><a href="#[ab]">&gt;&gt;</a>&nbsp;&nbsp;&nbsp;__aeabi_dadd
<LI><a href="#[ac]">&gt;&gt;</a>&nbsp;&nbsp;&nbsp;__aeabi_d2f
</UL>
<BR>[Called By]<UL><LI><a href="#[8d]">&gt;&gt;</a>&nbsp;&nbsp;&nbsp;main
</UL>

<P><STRONG><a name="[6]"></a>HardFault_Handler</STRONG> (Thumb, 4 bytes, Stack size 0 bytes, system_lpc54606.o(i.HardFault_Handler))
<BR>[Address Reference Count : 1]<UL><LI> startup_lpc54606.o(RESET)
</UL>
<P><STRONG><a name="[52]"></a>MRT0_DriverIRQHandler</STRONG> (Thumb, 106 bytes, Stack size 0 bytes, isr.o(i.MRT0_DriverIRQHandler))
<BR>[Address Reference Count : 1]<UL><LI> startup_lpc54606.o(.text)
</UL>
<P><STRONG><a name="[fe]"></a>M_divider</STRONG> (Thumb, 96 bytes, Stack size 12 bytes, lpc546xx_pll.o(i.M_divider))
<BR><BR>[Stack]<UL><LI>Max Depth = 12<LI>Call Chain = M_divider
</UL>
<BR>[Called By]<UL><LI><a href="#[bb]">&gt;&gt;</a>&nbsp;&nbsp;&nbsp;pll_init
</UL>

<P><STRONG><a name="[ad]"></a>Motor_Init</STRONG> (Thumb, 52 bytes, Stack size 8 bytes, mycode.o(i.Motor_Init))
<BR><BR>[Stack]<UL><LI>Max Depth = 68<LI>Call Chain = Motor_Init &rArr; ctimer_pwm_init &rArr; ctimer_pwmmux &rArr; iocon_init
</UL>
<BR>[Calls]<UL><LI><a href="#[ae]">&gt;&gt;</a>&nbsp;&nbsp;&nbsp;ctimer_pwm_init
</UL>
<BR>[Called By]<UL><LI><a href="#[8d]">&gt;&gt;</a>&nbsp;&nbsp;&nbsp;main
</UL>

<P><STRONG><a name="[af]"></a>Motor_PID_Control</STRONG> (Thumb, 192 bytes, Stack size 24 bytes, mycode.o(i.Motor_PID_Control))
<BR><BR>[Stack]<UL><LI>Max Depth = 88<LI>Call Chain = Motor_PID_Control &rArr; Motor_PWM &rArr; ctimer_pwm_duty &rArr; __aeabi_ldivmod
</UL>
<BR>[Calls]<UL><LI><a href="#[b0]">&gt;&gt;</a>&nbsp;&nbsp;&nbsp;PID_Inc
<LI><a href="#[b1]">&gt;&gt;</a>&nbsp;&nbsp;&nbsp;Motor_limit
<LI><a href="#[b2]">&gt;&gt;</a>&nbsp;&nbsp;&nbsp;Motor_PWM
</UL>
<BR>[Called By]<UL><LI><a href="#[6f]">&gt;&gt;</a>&nbsp;&nbsp;&nbsp;RIT_DriverIRQHandler
</UL>

<P><STRONG><a name="[b2]"></a>Motor_PWM</STRONG> (Thumb, 48 bytes, Stack size 24 bytes, mycode.o(i.Motor_PWM))
<BR><BR>[Stack]<UL><LI>Max Depth = 64<LI>Call Chain = Motor_PWM &rArr; ctimer_pwm_duty &rArr; __aeabi_ldivmod
</UL>
<BR>[Calls]<UL><LI><a href="#[a2]">&gt;&gt;</a>&nbsp;&nbsp;&nbsp;ctimer_pwm_duty
</UL>
<BR>[Called By]<UL><LI><a href="#[af]">&gt;&gt;</a>&nbsp;&nbsp;&nbsp;Motor_PID_Control
</UL>

<P><STRONG><a name="[b3]"></a>Motor_Read</STRONG> (Thumb, 70 bytes, Stack size 8 bytes, mycode.o(i.Motor_Read))
<BR><BR>[Stack]<UL><LI>Max Depth = 16<LI>Call Chain = Motor_Read &rArr; ctimer_count_clean
</UL>
<BR>[Calls]<UL><LI><a href="#[b4]">&gt;&gt;</a>&nbsp;&nbsp;&nbsp;gpio_get
<LI><a href="#[b5]">&gt;&gt;</a>&nbsp;&nbsp;&nbsp;ctimer_count_read
<LI><a href="#[b6]">&gt;&gt;</a>&nbsp;&nbsp;&nbsp;ctimer_count_clean
</UL>
<BR>[Called By]<UL><LI><a href="#[6f]">&gt;&gt;</a>&nbsp;&nbsp;&nbsp;RIT_DriverIRQHandler
</UL>

<P><STRONG><a name="[b1]"></a>Motor_limit</STRONG> (Thumb, 20 bytes, Stack size 0 bytes, mycode.o(i.Motor_limit))
<BR><BR>[Called By]<UL><LI><a href="#[af]">&gt;&gt;</a>&nbsp;&nbsp;&nbsp;Motor_PID_Control
</UL>

<P><STRONG><a name="[5]"></a>NMI_Handler</STRONG> (Thumb, 2 bytes, Stack size 0 bytes, system_lpc54606.o(i.NMI_Handler))
<BR>[Address Reference Count : 1]<UL><LI> startup_lpc54606.o(RESET)
</UL>
<P><STRONG><a name="[ff]"></a>N_divider</STRONG> (Thumb, 106 bytes, Stack size 12 bytes, lpc546xx_pll.o(i.N_divider))
<BR><BR>[Stack]<UL><LI>Max Depth = 12<LI>Call Chain = N_divider
</UL>
<BR>[Called By]<UL><LI><a href="#[bb]">&gt;&gt;</a>&nbsp;&nbsp;&nbsp;pll_init
</UL>

<P><STRONG><a name="[b7]"></a>PID_Check</STRONG> (Thumb, 240 bytes, Stack size 8 bytes, mycode.o(i.PID_Check))
<BR><BR>[Stack]<UL><LI>Max Depth = 8<LI>Call Chain = PID_Check
</UL>
<BR>[Calls]<UL><LI><a href="#[b8]">&gt;&gt;</a>&nbsp;&nbsp;&nbsp;mrt_start
<LI><a href="#[b9]">&gt;&gt;</a>&nbsp;&nbsp;&nbsp;mrt_get
</UL>
<BR>[Called By]<UL><LI><a href="#[6f]">&gt;&gt;</a>&nbsp;&nbsp;&nbsp;RIT_DriverIRQHandler
</UL>

<P><STRONG><a name="[b0]"></a>PID_Inc</STRONG> (Thumb, 58 bytes, Stack size 0 bytes, pid.o(i.PID_Inc))
<BR><BR>[Called By]<UL><LI><a href="#[af]">&gt;&gt;</a>&nbsp;&nbsp;&nbsp;Motor_PID_Control
</UL>

<P><STRONG><a name="[9d]"></a>PID_Loc</STRONG> (Thumb, 54 bytes, Stack size 0 bytes, pid.o(i.PID_Loc))
<BR><BR>[Called By]<UL><LI><a href="#[9c]">&gt;&gt;</a>&nbsp;&nbsp;&nbsp;Direct_control
</UL>

<P><STRONG><a name="[6c]"></a>PIN_INT7_DriverIRQHandler</STRONG> (Thumb, 8 bytes, Stack size 8 bytes, isr.o(i.PIN_INT7_DriverIRQHandler))
<BR><BR>[Stack]<UL><LI>Max Depth = 24<LI>Call Chain = PIN_INT7_DriverIRQHandler &rArr; mt9v032_vsync &rArr; dma_reload_linked
</UL>
<BR>[Calls]<UL><LI><a href="#[ba]">&gt;&gt;</a>&nbsp;&nbsp;&nbsp;mt9v032_vsync
</UL>
<BR>[Address Reference Count : 1]<UL><LI> startup_lpc54606.o(.text)
</UL>
<P><STRONG><a name="[fd]"></a>P_divider</STRONG> (Thumb, 94 bytes, Stack size 12 bytes, lpc546xx_pll.o(i.P_divider))
<BR><BR>[Stack]<UL><LI>Max Depth = 12<LI>Call Chain = P_divider
</UL>
<BR>[Called By]<UL><LI><a href="#[bb]">&gt;&gt;</a>&nbsp;&nbsp;&nbsp;pll_init
</UL>

<P><STRONG><a name="[6f]"></a>RIT_DriverIRQHandler</STRONG> (Thumb, 28 bytes, Stack size 8 bytes, isr.o(i.RIT_DriverIRQHandler))
<BR><BR>[Stack]<UL><LI>Max Depth = 96<LI>Call Chain = RIT_DriverIRQHandler &rArr; Motor_PID_Control &rArr; Motor_PWM &rArr; ctimer_pwm_duty &rArr; __aeabi_ldivmod
</UL>
<BR>[Calls]<UL><LI><a href="#[b7]">&gt;&gt;</a>&nbsp;&nbsp;&nbsp;PID_Check
<LI><a href="#[b3]">&gt;&gt;</a>&nbsp;&nbsp;&nbsp;Motor_Read
<LI><a href="#[af]">&gt;&gt;</a>&nbsp;&nbsp;&nbsp;Motor_PID_Control
</UL>
<BR>[Address Reference Count : 1]<UL><LI> startup_lpc54606.o(.text)
</UL>
<P><STRONG><a name="[47]"></a>SystemInit</STRONG> (Thumb, 64 bytes, Stack size 8 bytes, system_lpc54606.o(i.SystemInit))
<BR><BR>[Stack]<UL><LI>Max Depth = 24<LI>Call Chain = SystemInit &rArr; pll_init &rArr; write_syspllctrl
</UL>
<BR>[Calls]<UL><LI><a href="#[bb]">&gt;&gt;</a>&nbsp;&nbsp;&nbsp;pll_init
</UL>
<BR>[Address Reference Count : 1]<UL><LI> startup_lpc54606.o(.text)
</UL>
<P><STRONG><a name="[cb]"></a>__ARM_fpclassify</STRONG> (Thumb, 48 bytes, Stack size 8 bytes, fpclassify.o(i.__ARM_fpclassify))
<BR><BR>[Stack]<UL><LI>Max Depth = 8<LI>Call Chain = __ARM_fpclassify
</UL>
<BR>[Called By]<UL><LI><a href="#[bd]">&gt;&gt;</a>&nbsp;&nbsp;&nbsp;__hardfp_pow
</UL>

<P><STRONG><a name="[a7]"></a>__hardfp_fmin</STRONG> (Thumb, 116 bytes, Stack size 32 bytes, fmin.o(i.__hardfp_fmin))
<BR><BR>[Stack]<UL><LI>Max Depth = 64<LI>Call Chain = __hardfp_fmin &rArr; __ARM_dcmp4
</UL>
<BR>[Calls]<UL><LI><a href="#[bc]">&gt;&gt;</a>&nbsp;&nbsp;&nbsp;__ARM_dcmp4
</UL>
<BR>[Called By]<UL><LI><a href="#[a4]">&gt;&gt;</a>&nbsp;&nbsp;&nbsp;Find_Blackline
</UL>

<P><STRONG><a name="[bd]"></a>__hardfp_pow</STRONG> (Thumb, 3072 bytes, Stack size 192 bytes, pow.o(i.__hardfp_pow))
<BR><BR>[Stack]<UL><LI>Max Depth = 264<LI>Call Chain = __hardfp_pow &rArr; sqrt &rArr; _dsqrt &rArr; __fpl_dnaninf
</UL>
<BR>[Calls]<UL><LI><a href="#[c3]">&gt;&gt;</a>&nbsp;&nbsp;&nbsp;sqrt
<LI><a href="#[c9]">&gt;&gt;</a>&nbsp;&nbsp;&nbsp;__kernel_poly
<LI><a href="#[cb]">&gt;&gt;</a>&nbsp;&nbsp;&nbsp;__ARM_fpclassify
<LI><a href="#[c4]">&gt;&gt;</a>&nbsp;&nbsp;&nbsp;fabs
<LI><a href="#[c6]">&gt;&gt;</a>&nbsp;&nbsp;&nbsp;__mathlib_dbl_underflow
<LI><a href="#[c1]">&gt;&gt;</a>&nbsp;&nbsp;&nbsp;__mathlib_dbl_overflow
<LI><a href="#[c5]">&gt;&gt;</a>&nbsp;&nbsp;&nbsp;__mathlib_dbl_invalid
<LI><a href="#[be]">&gt;&gt;</a>&nbsp;&nbsp;&nbsp;__mathlib_dbl_infnan2
<LI><a href="#[bf]">&gt;&gt;</a>&nbsp;&nbsp;&nbsp;__mathlib_dbl_divzero
<LI><a href="#[ca]">&gt;&gt;</a>&nbsp;&nbsp;&nbsp;__ARM_scalbn
<LI><a href="#[c2]">&gt;&gt;</a>&nbsp;&nbsp;&nbsp;__aeabi_ddiv
<LI><a href="#[c0]">&gt;&gt;</a>&nbsp;&nbsp;&nbsp;__aeabi_dneg
<LI><a href="#[97]">&gt;&gt;</a>&nbsp;&nbsp;&nbsp;__set_errno
<LI><a href="#[9f]">&gt;&gt;</a>&nbsp;&nbsp;&nbsp;__aeabi_cdrcmple
<LI><a href="#[a9]">&gt;&gt;</a>&nbsp;&nbsp;&nbsp;__aeabi_dmul
<LI><a href="#[9e]">&gt;&gt;</a>&nbsp;&nbsp;&nbsp;__aeabi_i2d
<LI><a href="#[c7]">&gt;&gt;</a>&nbsp;&nbsp;&nbsp;__aeabi_dsub
<LI><a href="#[c8]">&gt;&gt;</a>&nbsp;&nbsp;&nbsp;__aeabi_drsub
<LI><a href="#[ab]">&gt;&gt;</a>&nbsp;&nbsp;&nbsp;__aeabi_dadd
</UL>
<BR>[Called By]<UL><LI><a href="#[ec]">&gt;&gt;</a>&nbsp;&nbsp;&nbsp;otsuThreshold
</UL>

<P><STRONG><a name="[c9]"></a>__kernel_poly</STRONG> (Thumb, 248 bytes, Stack size 24 bytes, poly.o(i.__kernel_poly))
<BR><BR>[Stack]<UL><LI>Max Depth = 56<LI>Call Chain = __kernel_poly &rArr; __aeabi_dmul
</UL>
<BR>[Calls]<UL><LI><a href="#[a9]">&gt;&gt;</a>&nbsp;&nbsp;&nbsp;__aeabi_dmul
<LI><a href="#[ab]">&gt;&gt;</a>&nbsp;&nbsp;&nbsp;__aeabi_dadd
</UL>
<BR>[Called By]<UL><LI><a href="#[bd]">&gt;&gt;</a>&nbsp;&nbsp;&nbsp;__hardfp_pow
</UL>

<P><STRONG><a name="[bf]"></a>__mathlib_dbl_divzero</STRONG> (Thumb, 28 bytes, Stack size 8 bytes, dunder.o(i.__mathlib_dbl_divzero))
<BR><BR>[Stack]<UL><LI>Max Depth = 40<LI>Call Chain = __mathlib_dbl_divzero &rArr; __aeabi_ddiv
</UL>
<BR>[Calls]<UL><LI><a href="#[c2]">&gt;&gt;</a>&nbsp;&nbsp;&nbsp;__aeabi_ddiv
</UL>
<BR>[Called By]<UL><LI><a href="#[bd]">&gt;&gt;</a>&nbsp;&nbsp;&nbsp;__hardfp_pow
</UL>

<P><STRONG><a name="[be]"></a>__mathlib_dbl_infnan2</STRONG> (Thumb, 20 bytes, Stack size 8 bytes, dunder.o(i.__mathlib_dbl_infnan2))
<BR><BR>[Stack]<UL><LI>Max Depth = 24<LI>Call Chain = __mathlib_dbl_infnan2 &rArr; __aeabi_dadd
</UL>
<BR>[Calls]<UL><LI><a href="#[ab]">&gt;&gt;</a>&nbsp;&nbsp;&nbsp;__aeabi_dadd
</UL>
<BR>[Called By]<UL><LI><a href="#[bd]">&gt;&gt;</a>&nbsp;&nbsp;&nbsp;__hardfp_pow
</UL>

<P><STRONG><a name="[c5]"></a>__mathlib_dbl_invalid</STRONG> (Thumb, 24 bytes, Stack size 8 bytes, dunder.o(i.__mathlib_dbl_invalid))
<BR><BR>[Stack]<UL><LI>Max Depth = 40<LI>Call Chain = __mathlib_dbl_invalid &rArr; __aeabi_ddiv
</UL>
<BR>[Calls]<UL><LI><a href="#[c2]">&gt;&gt;</a>&nbsp;&nbsp;&nbsp;__aeabi_ddiv
</UL>
<BR>[Called By]<UL><LI><a href="#[bd]">&gt;&gt;</a>&nbsp;&nbsp;&nbsp;__hardfp_pow
</UL>

<P><STRONG><a name="[c1]"></a>__mathlib_dbl_overflow</STRONG> (Thumb, 24 bytes, Stack size 8 bytes, dunder.o(i.__mathlib_dbl_overflow))
<BR><BR>[Stack]<UL><LI>Max Depth = 40<LI>Call Chain = __mathlib_dbl_overflow &rArr; __aeabi_dmul
</UL>
<BR>[Calls]<UL><LI><a href="#[a9]">&gt;&gt;</a>&nbsp;&nbsp;&nbsp;__aeabi_dmul
</UL>
<BR>[Called By]<UL><LI><a href="#[bd]">&gt;&gt;</a>&nbsp;&nbsp;&nbsp;__hardfp_pow
</UL>

<P><STRONG><a name="[c6]"></a>__mathlib_dbl_underflow</STRONG> (Thumb, 24 bytes, Stack size 8 bytes, dunder.o(i.__mathlib_dbl_underflow))
<BR><BR>[Stack]<UL><LI>Max Depth = 40<LI>Call Chain = __mathlib_dbl_underflow &rArr; __aeabi_dmul
</UL>
<BR>[Calls]<UL><LI><a href="#[a9]">&gt;&gt;</a>&nbsp;&nbsp;&nbsp;__aeabi_dmul
</UL>
<BR>[Called By]<UL><LI><a href="#[bd]">&gt;&gt;</a>&nbsp;&nbsp;&nbsp;__hardfp_pow
</UL>

<P><STRONG><a name="[cc]"></a>camera_init</STRONG> (Thumb, 216 bytes, Stack size 16 bytes, seekfree_mt9v032.o(i.camera_init))
<BR><BR>[Stack]<UL><LI>Max Depth = 108<LI>Call Chain = camera_init &rArr; uart_init &rArr; uart_mux &rArr; iocon_init
</UL>
<BR>[Calls]<UL><LI><a href="#[d4]">&gt;&gt;</a>&nbsp;&nbsp;&nbsp;pint_init
<LI><a href="#[d3]">&gt;&gt;</a>&nbsp;&nbsp;&nbsp;dam_init_linked
<LI><a href="#[ce]">&gt;&gt;</a>&nbsp;&nbsp;&nbsp;uart_rx_irq
<LI><a href="#[d0]">&gt;&gt;</a>&nbsp;&nbsp;&nbsp;uart_putbuff
<LI><a href="#[cd]">&gt;&gt;</a>&nbsp;&nbsp;&nbsp;uart_init
<LI><a href="#[cf]">&gt;&gt;</a>&nbsp;&nbsp;&nbsp;systick_delay_ms
<LI><a href="#[d7]">&gt;&gt;</a>&nbsp;&nbsp;&nbsp;sct_start
<LI><a href="#[d2]">&gt;&gt;</a>&nbsp;&nbsp;&nbsp;sct_camera_dma
<LI><a href="#[d1]">&gt;&gt;</a>&nbsp;&nbsp;&nbsp;get_config
<LI><a href="#[d5]">&gt;&gt;</a>&nbsp;&nbsp;&nbsp;NVIC_SetPriority
<LI><a href="#[d6]">&gt;&gt;</a>&nbsp;&nbsp;&nbsp;NVIC_EnableIRQ
</UL>
<BR>[Called By]<UL><LI><a href="#[8d]">&gt;&gt;</a>&nbsp;&nbsp;&nbsp;main
</UL>

<P><STRONG><a name="[d9]"></a>ctimer_clock</STRONG> (Thumb, 110 bytes, Stack size 0 bytes, lpc546xx_ctimer.o(i.ctimer_clock))
<BR><BR>[Called By]<UL><LI><a href="#[ae]">&gt;&gt;</a>&nbsp;&nbsp;&nbsp;ctimer_pwm_init
<LI><a href="#[d8]">&gt;&gt;</a>&nbsp;&nbsp;&nbsp;ctimer_count_init
</UL>

<P><STRONG><a name="[b6]"></a>ctimer_count_clean</STRONG> (Thumb, 24 bytes, Stack size 8 bytes, lpc546xx_ctimer.o(i.ctimer_count_clean))
<BR><BR>[Stack]<UL><LI>Max Depth = 8<LI>Call Chain = ctimer_count_clean
</UL>
<BR>[Called By]<UL><LI><a href="#[b3]">&gt;&gt;</a>&nbsp;&nbsp;&nbsp;Motor_Read
</UL>

<P><STRONG><a name="[d8]"></a>ctimer_count_init</STRONG> (Thumb, 162 bytes, Stack size 16 bytes, lpc546xx_ctimer.o(i.ctimer_count_init))
<BR><BR>[Stack]<UL><LI>Max Depth = 36<LI>Call Chain = ctimer_count_init &rArr; ctimer_countmux &rArr; iocon_init
</UL>
<BR>[Calls]<UL><LI><a href="#[da]">&gt;&gt;</a>&nbsp;&nbsp;&nbsp;ctimer_countmux
<LI><a href="#[d9]">&gt;&gt;</a>&nbsp;&nbsp;&nbsp;ctimer_clock
</UL>
<BR>[Called By]<UL><LI><a href="#[8d]">&gt;&gt;</a>&nbsp;&nbsp;&nbsp;main
</UL>

<P><STRONG><a name="[b5]"></a>ctimer_count_read</STRONG> (Thumb, 22 bytes, Stack size 0 bytes, lpc546xx_ctimer.o(i.ctimer_count_read))
<BR><BR>[Called By]<UL><LI><a href="#[b3]">&gt;&gt;</a>&nbsp;&nbsp;&nbsp;Motor_Read
</UL>

<P><STRONG><a name="[da]"></a>ctimer_countmux</STRONG> (Thumb, 398 bytes, Stack size 8 bytes, lpc546xx_ctimer.o(i.ctimer_countmux))
<BR><BR>[Stack]<UL><LI>Max Depth = 20<LI>Call Chain = ctimer_countmux &rArr; iocon_init
</UL>
<BR>[Calls]<UL><LI><a href="#[db]">&gt;&gt;</a>&nbsp;&nbsp;&nbsp;iocon_init
</UL>
<BR>[Called By]<UL><LI><a href="#[d8]">&gt;&gt;</a>&nbsp;&nbsp;&nbsp;ctimer_count_init
</UL>

<P><STRONG><a name="[a2]"></a>ctimer_pwm_duty</STRONG> (Thumb, 150 bytes, Stack size 32 bytes, lpc546xx_ctimer.o(i.ctimer_pwm_duty))
<BR><BR>[Stack]<UL><LI>Max Depth = 40<LI>Call Chain = ctimer_pwm_duty &rArr; __aeabi_ldivmod
</UL>
<BR>[Calls]<UL><LI><a href="#[dc]">&gt;&gt;</a>&nbsp;&nbsp;&nbsp;__aeabi_ldivmod
</UL>
<BR>[Called By]<UL><LI><a href="#[9c]">&gt;&gt;</a>&nbsp;&nbsp;&nbsp;Direct_control
<LI><a href="#[b2]">&gt;&gt;</a>&nbsp;&nbsp;&nbsp;Motor_PWM
</UL>

<P><STRONG><a name="[ae]"></a>ctimer_pwm_init</STRONG> (Thumb, 378 bytes, Stack size 40 bytes, lpc546xx_ctimer.o(i.ctimer_pwm_init))
<BR><BR>[Stack]<UL><LI>Max Depth = 60<LI>Call Chain = ctimer_pwm_init &rArr; ctimer_pwmmux &rArr; iocon_init
</UL>
<BR>[Calls]<UL><LI><a href="#[dd]">&gt;&gt;</a>&nbsp;&nbsp;&nbsp;ctimer_pwmmux
<LI><a href="#[d9]">&gt;&gt;</a>&nbsp;&nbsp;&nbsp;ctimer_clock
<LI><a href="#[dc]">&gt;&gt;</a>&nbsp;&nbsp;&nbsp;__aeabi_ldivmod
</UL>
<BR>[Called By]<UL><LI><a href="#[ad]">&gt;&gt;</a>&nbsp;&nbsp;&nbsp;Motor_Init
<LI><a href="#[8d]">&gt;&gt;</a>&nbsp;&nbsp;&nbsp;main
</UL>

<P><STRONG><a name="[dd]"></a>ctimer_pwmmux</STRONG> (Thumb, 494 bytes, Stack size 8 bytes, lpc546xx_ctimer.o(i.ctimer_pwmmux))
<BR><BR>[Stack]<UL><LI>Max Depth = 20<LI>Call Chain = ctimer_pwmmux &rArr; iocon_init
</UL>
<BR>[Calls]<UL><LI><a href="#[db]">&gt;&gt;</a>&nbsp;&nbsp;&nbsp;iocon_init
</UL>
<BR>[Called By]<UL><LI><a href="#[ae]">&gt;&gt;</a>&nbsp;&nbsp;&nbsp;ctimer_pwm_init
</UL>

<P><STRONG><a name="[d3]"></a>dam_init_linked</STRONG> (Thumb, 268 bytes, Stack size 32 bytes, lpc546xx_dma.o(i.dam_init_linked))
<BR><BR>[Stack]<UL><LI>Max Depth = 76<LI>Call Chain = dam_init_linked &rArr; gpio_init &rArr; iocon_init
</UL>
<BR>[Calls]<UL><LI><a href="#[de]">&gt;&gt;</a>&nbsp;&nbsp;&nbsp;gpio_init
</UL>
<BR>[Called By]<UL><LI><a href="#[cc]">&gt;&gt;</a>&nbsp;&nbsp;&nbsp;camera_init
</UL>

<P><STRONG><a name="[df]"></a>dsp_single_colour</STRONG> (Thumb, 48 bytes, Stack size 16 bytes, seekfree_18tft.o(i.dsp_single_colour))
<BR><BR>[Stack]<UL><LI>Max Depth = 80<LI>Call Chain = dsp_single_colour &rArr; lcd_setregion &rArr; lcd_writeIndex &rArr; spi_mosi
</UL>
<BR>[Calls]<UL><LI><a href="#[e1]">&gt;&gt;</a>&nbsp;&nbsp;&nbsp;lcd_writedata_16bit
<LI><a href="#[e0]">&gt;&gt;</a>&nbsp;&nbsp;&nbsp;lcd_setregion
</UL>
<BR>[Called By]<UL><LI><a href="#[ef]">&gt;&gt;</a>&nbsp;&nbsp;&nbsp;lcd_init
</UL>

<P><STRONG><a name="[c4]"></a>fabs</STRONG> (Thumb, 24 bytes, Stack size 8 bytes, fabs.o(i.fabs))
<BR><BR>[Stack]<UL><LI>Max Depth = 8<LI>Call Chain = fabs
</UL>
<BR>[Called By]<UL><LI><a href="#[bd]">&gt;&gt;</a>&nbsp;&nbsp;&nbsp;__hardfp_pow
</UL>

<P><STRONG><a name="[102]"></a>flexcomm_clk_enable</STRONG> (Thumb, 186 bytes, Stack size 8 bytes, lpc546xx_flexcomm.o(i.flexcomm_clk_enable))
<BR><BR>[Stack]<UL><LI>Max Depth = 8<LI>Call Chain = flexcomm_clk_enable
</UL>
<BR>[Called By]<UL><LI><a href="#[107]">&gt;&gt;</a>&nbsp;&nbsp;&nbsp;uart_mux
<LI><a href="#[f0]">&gt;&gt;</a>&nbsp;&nbsp;&nbsp;spi_init
</UL>

<P><STRONG><a name="[104]"></a>flexcomm_get_clk</STRONG> (Thumb, 6 bytes, Stack size 0 bytes, lpc546xx_flexcomm.o(i.flexcomm_get_clk))
<BR><BR>[Called By]<UL><LI><a href="#[cd]">&gt;&gt;</a>&nbsp;&nbsp;&nbsp;uart_init
<LI><a href="#[f0]">&gt;&gt;</a>&nbsp;&nbsp;&nbsp;spi_init
</UL>

<P><STRONG><a name="[e8]"></a>flexcomm_irq</STRONG> (Thumb, 56 bytes, Stack size 16 bytes, lpc546xx_flexcomm.o(i.flexcomm_irq))
<BR><BR>[Stack]<UL><LI>Max Depth = 16<LI>Call Chain = flexcomm_irq
</UL>
<BR>[Calls]<UL><LI><a href="#[e9]">&gt;&gt;</a>&nbsp;&nbsp;&nbsp;NVIC_EnableIRQ
<LI><a href="#[ea]">&gt;&gt;</a>&nbsp;&nbsp;&nbsp;NVIC_DisableIRQ
</UL>
<BR>[Called By]<UL><LI><a href="#[ce]">&gt;&gt;</a>&nbsp;&nbsp;&nbsp;uart_rx_irq
</UL>

<P><STRONG><a name="[eb]"></a>get_clk</STRONG> (Thumb, 84 bytes, Stack size 24 bytes, lpc546xx_pll.o(i.get_clk))
<BR><BR>[Stack]<UL><LI>Max Depth = 52<LI>Call Chain = get_clk &rArr; findPllPreDiv &rArr; pllDecodeN
</UL>
<BR>[Calls]<UL><LI><a href="#[e6]">&gt;&gt;</a>&nbsp;&nbsp;&nbsp;findPllPreDiv
<LI><a href="#[e4]">&gt;&gt;</a>&nbsp;&nbsp;&nbsp;findPllPostDiv
<LI><a href="#[e2]">&gt;&gt;</a>&nbsp;&nbsp;&nbsp;findPllMMult
</UL>
<BR>[Called By]<UL><LI><a href="#[8d]">&gt;&gt;</a>&nbsp;&nbsp;&nbsp;main
</UL>

<P><STRONG><a name="[d1]"></a>get_config</STRONG> (Thumb, 96 bytes, Stack size 16 bytes, seekfree_mt9v032.o(i.get_config))
<BR><BR>[Stack]<UL><LI>Max Depth = 28<LI>Call Chain = get_config &rArr; uart_putbuff
</UL>
<BR>[Calls]<UL><LI><a href="#[d0]">&gt;&gt;</a>&nbsp;&nbsp;&nbsp;uart_putbuff
</UL>
<BR>[Called By]<UL><LI><a href="#[cc]">&gt;&gt;</a>&nbsp;&nbsp;&nbsp;camera_init
</UL>

<P><STRONG><a name="[b4]"></a>gpio_get</STRONG> (Thumb, 18 bytes, Stack size 0 bytes, lpc546xx_gpio.o(i.gpio_get))
<BR><BR>[Called By]<UL><LI><a href="#[b3]">&gt;&gt;</a>&nbsp;&nbsp;&nbsp;Motor_Read
</UL>

<P><STRONG><a name="[de]"></a>gpio_init</STRONG> (Thumb, 182 bytes, Stack size 32 bytes, lpc546xx_gpio.o(i.gpio_init))
<BR><BR>[Stack]<UL><LI>Max Depth = 44<LI>Call Chain = gpio_init &rArr; iocon_init
</UL>
<BR>[Calls]<UL><LI><a href="#[db]">&gt;&gt;</a>&nbsp;&nbsp;&nbsp;iocon_init
</UL>
<BR>[Called By]<UL><LI><a href="#[d4]">&gt;&gt;</a>&nbsp;&nbsp;&nbsp;pint_init
<LI><a href="#[d3]">&gt;&gt;</a>&nbsp;&nbsp;&nbsp;dam_init_linked
<LI><a href="#[ef]">&gt;&gt;</a>&nbsp;&nbsp;&nbsp;lcd_init
<LI><a href="#[8d]">&gt;&gt;</a>&nbsp;&nbsp;&nbsp;main
</UL>

<P><STRONG><a name="[f1]"></a>gpio_set</STRONG> (Thumb, 42 bytes, Stack size 8 bytes, lpc546xx_gpio.o(i.gpio_set))
<BR><BR>[Stack]<UL><LI>Max Depth = 8<LI>Call Chain = gpio_set
</UL>
<BR>[Called By]<UL><LI><a href="#[e1]">&gt;&gt;</a>&nbsp;&nbsp;&nbsp;lcd_writedata_16bit
<LI><a href="#[f2]">&gt;&gt;</a>&nbsp;&nbsp;&nbsp;lcd_writeIndex
<LI><a href="#[f3]">&gt;&gt;</a>&nbsp;&nbsp;&nbsp;lcd_writeData
<LI><a href="#[ef]">&gt;&gt;</a>&nbsp;&nbsp;&nbsp;lcd_init
</UL>

<P><STRONG><a name="[a5]"></a>img_change_char</STRONG> (Thumb, 60 bytes, Stack size 16 bytes, img_data_deal.o(i.img_change_char))
<BR><BR>[Stack]<UL><LI>Max Depth = 2464<LI>Call Chain = img_change_char &rArr; otsuThreshold &rArr; __hardfp_pow &rArr; sqrt &rArr; _dsqrt &rArr; __fpl_dnaninf
</UL>
<BR>[Calls]<UL><LI><a href="#[ec]">&gt;&gt;</a>&nbsp;&nbsp;&nbsp;otsuThreshold
</UL>
<BR>[Called By]<UL><LI><a href="#[a4]">&gt;&gt;</a>&nbsp;&nbsp;&nbsp;Find_Blackline
</UL>

<P><STRONG><a name="[db]"></a>iocon_init</STRONG> (Thumb, 34 bytes, Stack size 12 bytes, lpc546xx_iocon.o(i.iocon_init))
<BR><BR>[Stack]<UL><LI>Max Depth = 12<LI>Call Chain = iocon_init
</UL>
<BR>[Called By]<UL><LI><a href="#[de]">&gt;&gt;</a>&nbsp;&nbsp;&nbsp;gpio_init
<LI><a href="#[dd]">&gt;&gt;</a>&nbsp;&nbsp;&nbsp;ctimer_pwmmux
<LI><a href="#[da]">&gt;&gt;</a>&nbsp;&nbsp;&nbsp;ctimer_countmux
<LI><a href="#[107]">&gt;&gt;</a>&nbsp;&nbsp;&nbsp;uart_mux
<LI><a href="#[103]">&gt;&gt;</a>&nbsp;&nbsp;&nbsp;spi_mux
<LI><a href="#[101]">&gt;&gt;</a>&nbsp;&nbsp;&nbsp;sct_input_mux
</UL>

<P><STRONG><a name="[ed]"></a>lcd_displayimage032</STRONG> (Thumb, 220 bytes, Stack size 56 bytes, seekfree_18tft.o(i.lcd_displayimage032))
<BR><BR>[Stack]<UL><LI>Max Depth = 136<LI>Call Chain = lcd_displayimage032 &rArr; lcd_drawpoint &rArr; lcd_setregion &rArr; lcd_writeIndex &rArr; spi_mosi
</UL>
<BR>[Calls]<UL><LI><a href="#[e1]">&gt;&gt;</a>&nbsp;&nbsp;&nbsp;lcd_writedata_16bit
<LI><a href="#[e0]">&gt;&gt;</a>&nbsp;&nbsp;&nbsp;lcd_setregion
<LI><a href="#[ee]">&gt;&gt;</a>&nbsp;&nbsp;&nbsp;lcd_drawpoint
</UL>
<BR>[Called By]<UL><LI><a href="#[8d]">&gt;&gt;</a>&nbsp;&nbsp;&nbsp;main
</UL>

<P><STRONG><a name="[ee]"></a>lcd_drawpoint</STRONG> (Thumb, 28 bytes, Stack size 16 bytes, seekfree_18tft.o(i.lcd_drawpoint))
<BR><BR>[Stack]<UL><LI>Max Depth = 80<LI>Call Chain = lcd_drawpoint &rArr; lcd_setregion &rArr; lcd_writeIndex &rArr; spi_mosi
</UL>
<BR>[Calls]<UL><LI><a href="#[e1]">&gt;&gt;</a>&nbsp;&nbsp;&nbsp;lcd_writedata_16bit
<LI><a href="#[e0]">&gt;&gt;</a>&nbsp;&nbsp;&nbsp;lcd_setregion
</UL>
<BR>[Called By]<UL><LI><a href="#[ed]">&gt;&gt;</a>&nbsp;&nbsp;&nbsp;lcd_displayimage032
<LI><a href="#[8d]">&gt;&gt;</a>&nbsp;&nbsp;&nbsp;main
</UL>

<P><STRONG><a name="[ef]"></a>lcd_init</STRONG> (Thumb, 680 bytes, Stack size 16 bytes, seekfree_18tft.o(i.lcd_init))
[...]
</UL>

<P><STRONG><a name="[d0]"></a>uart_putbuff</STRONG> (Thumb, 30 bytes, Stack size 12 bytes, lpc546xx_uart.o(i.uart_putbuff))
<BR><BR>[Stack]<UL><LI>Max Depth = 12<LI>Call Chain = uart_putbuff
</UL>
<BR>[Calls]<UL><LI><a href="#[109]">&gt;&gt;</a>&nbsp;&nbsp;&nbsp;uart_putchar
</UL>
<BR>[Called By]<UL><LI><a href="#[cc]">&gt;&gt;</a>&nbsp;&nbsp;&nbsp;camera_init
<LI><a href="#[d1]">&gt;&gt;</a>&nbsp;&nbsp;&nbsp;get_config
</UL>

<P><STRONG><a name="[109]"></a>uart_putchar</STRONG> (Thumb, 32 bytes, Stack size 0 bytes, lpc546xx_uart.o(i.uart_putchar))
<BR><BR>[Called By]<UL><LI><a href="#[f7]">&gt;&gt;</a>&nbsp;&nbsp;&nbsp;uart_write
<LI><a href="#[d0]">&gt;&gt;</a>&nbsp;&nbsp;&nbsp;uart_putbuff
</UL>

<P><STRONG><a name="[f8]"></a>uart_query</STRONG> (Thumb, 38 bytes, Stack size 0 bytes, lpc546xx_uart.o(i.uart_query))
<BR><BR>[Called By]<UL><LI><a href="#[a3]">&gt;&gt;</a>&nbsp;&nbsp;&nbsp;mt9v032_cof_uart_interrupt
</UL>

<P><STRONG><a name="[ce]"></a>uart_rx_irq</STRONG> (Thumb, 116 bytes, Stack size 16 bytes, lpc546xx_uart.o(i.uart_rx_irq))
<BR><BR>[Stack]<UL><LI>Max Depth = 32<LI>Call Chain = uart_rx_irq &rArr; flexcomm_irq
</UL>
<BR>[Calls]<UL><LI><a href="#[e8]">&gt;&gt;</a>&nbsp;&nbsp;&nbsp;flexcomm_irq
</UL>
<BR>[Called By]<UL><LI><a href="#[cc]">&gt;&gt;</a>&nbsp;&nbsp;&nbsp;camera_init
</UL>

<P><STRONG><a name="[f7]"></a>uart_write</STRONG> (Thumb, 108 bytes, Stack size 24 bytes, mycode.o(i.uart_write))
<BR><BR>[Stack]<UL><LI>Max Depth = 24<LI>Call Chain = uart_write
</UL>
<BR>[Calls]<UL><LI><a href="#[109]">&gt;&gt;</a>&nbsp;&nbsp;&nbsp;uart_putchar
</UL>
<BR>[Called By]<UL><LI><a href="#[8d]">&gt;&gt;</a>&nbsp;&nbsp;&nbsp;main
</UL>

<P><STRONG><a name="[100]"></a>write_syspllctrl</STRONG> (Thumb, 120 bytes, Stack size 12 bytes, lpc546xx_pll.o(i.write_syspllctrl))
<BR><BR>[Stack]<UL><LI>Max Depth = 12<LI>Call Chain = write_syspllctrl
</UL>
<BR>[Called By]<UL><LI><a href="#[bb]">&gt;&gt;</a>&nbsp;&nbsp;&nbsp;pll_init
</UL>

<P><STRONG><a name="[c0]"></a>__aeabi_dneg</STRONG> (Thumb, 0 bytes, Stack size 0 bytes, basic.o(x$fpl$basic))
<BR><BR>[Called By]<UL><LI><a href="#[bd]">&gt;&gt;</a>&nbsp;&nbsp;&nbsp;__hardfp_pow
</UL>

<P><STRONG><a name="[152]"></a>_dneg</STRONG> (Thumb, 6 bytes, Stack size 0 bytes, basic.o(x$fpl$basic), UNUSED)

<P><STRONG><a name="[153]"></a>__aeabi_fneg</STRONG> (Thumb, 0 bytes, Stack size 0 bytes, basic.o(x$fpl$basic), UNUSED)

<P><STRONG><a name="[154]"></a>_fneg</STRONG> (Thumb, 6 bytes, Stack size 0 bytes, basic.o(x$fpl$basic), UNUSED)

<P><STRONG><a name="[155]"></a>_dabs</STRONG> (Thumb, 6 bytes, Stack size 0 bytes, basic.o(x$fpl$basic), UNUSED)

<P><STRONG><a name="[156]"></a>_fabs</STRONG> (Thumb, 6 bytes, Stack size 0 bytes, basic.o(x$fpl$basic), UNUSED)

<P><STRONG><a name="[ac]"></a>__aeabi_d2f</STRONG> (Thumb, 0 bytes, Stack size 32 bytes, d2f.o(x$fpl$d2f))
<BR><BR>[Stack]<UL><LI>Max Depth = 32<LI>Call Chain = __aeabi_d2f
</UL>
<BR>[Called By]<UL><LI><a href="#[a8]">&gt;&gt;</a>&nbsp;&nbsp;&nbsp;Get_Weighted_Average
<LI><a href="#[ec]">&gt;&gt;</a>&nbsp;&nbsp;&nbsp;otsuThreshold
</UL>

<P><STRONG><a name="[10a]"></a>_d2f</STRONG> (Thumb, 98 bytes, Stack size 32 bytes, d2f.o(x$fpl$d2f), UNUSED)
<BR><BR>[Calls]<UL><LI><a href="#[10b]">&gt;&gt;</a>&nbsp;&nbsp;&nbsp;__fpl_fretinf
<LI><a href="#[10c]">&gt;&gt;</a>&nbsp;&nbsp;&nbsp;__fpl_dnaninf
</UL>

<P><STRONG><a name="[ab]"></a>__aeabi_dadd</STRONG> (Thumb, 0 bytes, Stack size 16 bytes, daddsub_clz.o(x$fpl$dadd))
<BR><BR>[Stack]<UL><LI>Max Depth = 16<LI>Call Chain = __aeabi_dadd
</UL>
<BR>[Called By]<UL><LI><a href="#[a8]">&gt;&gt;</a>&nbsp;&nbsp;&nbsp;Get_Weighted_Average
<LI><a href="#[c9]">&gt;&gt;</a>&nbsp;&nbsp;&nbsp;__kernel_poly
<LI><a href="#[be]">&gt;&gt;</a>&nbsp;&nbsp;&nbsp;__mathlib_dbl_infnan2
<LI><a href="#[bd]">&gt;&gt;</a>&nbsp;&nbsp;&nbsp;__hardfp_pow
<LI><a href="#[ec]">&gt;&gt;</a>&nbsp;&nbsp;&nbsp;otsuThreshold
</UL>

<P><STRONG><a name="[10d]"></a>_dadd</STRONG> (Thumb, 332 bytes, Stack size 16 bytes, daddsub_clz.o(x$fpl$dadd), UNUSED)
<BR><BR>[Calls]<UL><LI><a href="#[10f]">&gt;&gt;</a>&nbsp;&nbsp;&nbsp;__fpl_dretinf
<LI><a href="#[10c]">&gt;&gt;</a>&nbsp;&nbsp;&nbsp;__fpl_dnaninf
<LI><a href="#[10e]">&gt;&gt;</a>&nbsp;&nbsp;&nbsp;_dsub1
</UL>

<P><STRONG><a name="[110]"></a>__fpl_dcheck_NaN1</STRONG> (Thumb, 10 bytes, Stack size 0 bytes, dcheck1.o(x$fpl$dcheck1))
<BR><BR>[Calls]<UL><LI><a href="#[111]">&gt;&gt;</a>&nbsp;&nbsp;&nbsp;__fpl_return_NaN
</UL>
<BR>[Called By]<UL><LI><a href="#[ca]">&gt;&gt;</a>&nbsp;&nbsp;&nbsp;__ARM_scalbn
</UL>

<P><STRONG><a name="[113]"></a>__dcmp4</STRONG> (Thumb, 98 bytes, Stack size 0 bytes, dcmp4.o(x$fpl$dcmp4), UNUSED)
<BR><BR>[Called By]<UL><LI><a href="#[112]">&gt;&gt;</a>&nbsp;&nbsp;&nbsp;_dcmp4
</UL>

<P><STRONG><a name="[bc]"></a>__ARM_dcmp4</STRONG> (Thumb, 0 bytes, Stack size 32 bytes, dcmp4.o(x$fpl$dcmp4))
<BR><BR>[Stack]<UL><LI>Max Depth = 32<LI>Call Chain = __ARM_dcmp4
</UL>
<BR>[Called By]<UL><LI><a href="#[a7]">&gt;&gt;</a>&nbsp;&nbsp;&nbsp;__hardfp_fmin
</UL>

<P><STRONG><a name="[112]"></a>_dcmp4</STRONG> (Thumb, 60 bytes, Stack size 32 bytes, dcmp4.o(x$fpl$dcmp4), UNUSED)
<BR><BR>[Calls]<UL><LI><a href="#[10c]">&gt;&gt;</a>&nbsp;&nbsp;&nbsp;__fpl_dnaninf
<LI><a href="#[114]">&gt;&gt;</a>&nbsp;&nbsp;&nbsp;__fpl_dcmp_Inf
<LI><a href="#[113]">&gt;&gt;</a>&nbsp;&nbsp;&nbsp;__dcmp4
</UL>

<P><STRONG><a name="[116]"></a>__dcmp4e</STRONG> (Thumb, 98 bytes, Stack size 0 bytes, dcmp4.o(x$fpl$dcmp4), UNUSED)
<BR><BR>[Called By]<UL><LI><a href="#[115]">&gt;&gt;</a>&nbsp;&nbsp;&nbsp;_dcmp4e
</UL>

<P><STRONG><a name="[157]"></a>__ARM_dcmp4e</STRONG> (Thumb, 0 bytes, Stack size 32 bytes, dcmp4.o(x$fpl$dcmp4), UNUSED)

<P><STRONG><a name="[115]"></a>_dcmp4e</STRONG> (Thumb, 54 bytes, Stack size 32 bytes, dcmp4.o(x$fpl$dcmp4), UNUSED)
<BR><BR>[Calls]<UL><LI><a href="#[10c]">&gt;&gt;</a>&nbsp;&nbsp;&nbsp;__fpl_dnaninf
<LI><a href="#[114]">&gt;&gt;</a>&nbsp;&nbsp;&nbsp;__fpl_dcmp_Inf
<LI><a href="#[116]">&gt;&gt;</a>&nbsp;&nbsp;&nbsp;__dcmp4e
</UL>

<P><STRONG><a name="[114]"></a>__fpl_dcmp_Inf</STRONG> (Thumb, 24 bytes, Stack size 0 bytes, dcmpi.o(x$fpl$dcmpinf), UNUSED)
<BR><BR>[Called By]<UL><LI><a href="#[115]">&gt;&gt;</a>&nbsp;&nbsp;&nbsp;_dcmp4e
<LI><a href="#[112]">&gt;&gt;</a>&nbsp;&nbsp;&nbsp;_dcmp4
<LI><a href="#[119]">&gt;&gt;</a>&nbsp;&nbsp;&nbsp;_dcmple
</UL>

<P><STRONG><a name="[c2]"></a>__aeabi_ddiv</STRONG> (Thumb, 0 bytes, Stack size 32 bytes, ddiv.o(x$fpl$ddiv))
<BR><BR>[Stack]<UL><LI>Max Depth = 32<LI>Call Chain = __aeabi_ddiv
</UL>
<BR>[Called By]<UL><LI><a href="#[c5]">&gt;&gt;</a>&nbsp;&nbsp;&nbsp;__mathlib_dbl_invalid
<LI><a href="#[bf]">&gt;&gt;</a>&nbsp;&nbsp;&nbsp;__mathlib_dbl_divzero
<LI><a href="#[bd]">&gt;&gt;</a>&nbsp;&nbsp;&nbsp;__hardfp_pow
</UL>

<P><STRONG><a name="[117]"></a>_ddiv</STRONG> (Thumb, 552 bytes, Stack size 32 bytes, ddiv.o(x$fpl$ddiv), UNUSED)
<BR><BR>[Calls]<UL><LI><a href="#[10f]">&gt;&gt;</a>&nbsp;&nbsp;&nbsp;__fpl_dretinf
<LI><a href="#[10c]">&gt;&gt;</a>&nbsp;&nbsp;&nbsp;__fpl_dnaninf
</UL>

<P><STRONG><a name="[a1]"></a>__aeabi_d2uiz</STRONG> (Thumb, 0 bytes, Stack size 32 bytes, dfixu.o(x$fpl$dfixu))
<BR><BR>[Stack]<UL><LI>Max Depth = 32<LI>Call Chain = __aeabi_d2uiz
</UL>
<BR>[Called By]<UL><LI><a href="#[a4]">&gt;&gt;</a>&nbsp;&nbsp;&nbsp;Find_Blackline
<LI><a href="#[9c]">&gt;&gt;</a>&nbsp;&nbsp;&nbsp;Direct_control
</UL>

<P><STRONG><a name="[118]"></a>_dfixu</STRONG> (Thumb, 90 bytes, Stack size 32 bytes, dfixu.o(x$fpl$dfixu), UNUSED)
<BR><BR>[Calls]<UL><LI><a href="#[10c]">&gt;&gt;</a>&nbsp;&nbsp;&nbsp;__fpl_dnaninf
</UL>

<P><STRONG><a name="[9e]"></a>__aeabi_i2d</STRONG> (Thumb, 0 bytes, Stack size 0 bytes, dflt_clz.o(x$fpl$dflt))
<BR><BR>[Called By]<UL><LI><a href="#[a8]">&gt;&gt;</a>&nbsp;&nbsp;&nbsp;Get_Weighted_Average
<LI><a href="#[9c]">&gt;&gt;</a>&nbsp;&nbsp;&nbsp;Direct_control
<LI><a href="#[bd]">&gt;&gt;</a>&nbsp;&nbsp;&nbsp;__hardfp_pow
</UL>

<P><STRONG><a name="[158]"></a>_dflt</STRONG> (Thumb, 46 bytes, Stack size 0 bytes, dflt_clz.o(x$fpl$dflt), UNUSED)

<P><STRONG><a name="[a6]"></a>__aeabi_ui2d</STRONG> (Thumb, 0 bytes, Stack size 0 bytes, dflt_clz.o(x$fpl$dfltu))
<BR><BR>[Called By]<UL><LI><a href="#[a4]">&gt;&gt;</a>&nbsp;&nbsp;&nbsp;Find_Blackline
</UL>

<P><STRONG><a name="[159]"></a>_dfltu</STRONG> (Thumb, 38 bytes, Stack size 0 bytes, dflt_clz.o(x$fpl$dfltu), UNUSED)

<P><STRONG><a name="[a0]"></a>__aeabi_cdcmple</STRONG> (Thumb, 0 bytes, Stack size 32 bytes, dleqf.o(x$fpl$dleqf))
<BR><BR>[Stack]<UL><LI>Max Depth = 32<LI>Call Chain = __aeabi_cdcmple
</UL>
<BR>[Called By]<UL><LI><a href="#[9c]">&gt;&gt;</a>&nbsp;&nbsp;&nbsp;Direct_control
</UL>

<P><STRONG><a name="[119]"></a>_dcmple</STRONG> (Thumb, 120 bytes, Stack size 32 bytes, dleqf.o(x$fpl$dleqf), UNUSED)
<BR><BR>[Calls]<UL><LI><a href="#[10c]">&gt;&gt;</a>&nbsp;&nbsp;&nbsp;__fpl_dnaninf
<LI><a href="#[114]">&gt;&gt;</a>&nbsp;&nbsp;&nbsp;__fpl_dcmp_Inf
</UL>

<P><STRONG><a name="[11c]"></a>__fpl_dcmple_InfNaN</STRONG> (Thumb, 0 bytes, Stack size unknown bytes, dleqf.o(x$fpl$dleqf), UNUSED)
<BR><BR>[Called By]<UL><LI><a href="#[11b]">&gt;&gt;</a>&nbsp;&nbsp;&nbsp;_drcmple
</UL>

<P><STRONG><a name="[a9]"></a>__aeabi_dmul</STRONG> (Thumb, 0 bytes, Stack size 32 bytes, dmul.o(x$fpl$dmul))
<BR><BR>[Stack]<UL><LI>Max Depth = 32<LI>Call Chain = __aeabi_dmul
</UL>
<BR>[Called By]<UL><LI><a href="#[a8]">&gt;&gt;</a>&nbsp;&nbsp;&nbsp;Get_Weighted_Average
<LI><a href="#[c9]">&gt;&gt;</a>&nbsp;&nbsp;&nbsp;__kernel_poly
<LI><a href="#[c6]">&gt;&gt;</a>&nbsp;&nbsp;&nbsp;__mathlib_dbl_underflow
<LI><a href="#[c1]">&gt;&gt;</a>&nbsp;&nbsp;&nbsp;__mathlib_dbl_overflow
<LI><a href="#[bd]">&gt;&gt;</a>&nbsp;&nbsp;&nbsp;__hardfp_pow
<LI><a href="#[ec]">&gt;&gt;</a>&nbsp;&nbsp;&nbsp;otsuThreshold
</UL>

<P><STRONG><a name="[11a]"></a>_dmul</STRONG> (Thumb, 332 bytes, Stack size 32 bytes, dmul.o(x$fpl$dmul), UNUSED)
<BR><BR>[Calls]<UL><LI><a href="#[10f]">&gt;&gt;</a>&nbsp;&nbsp;&nbsp;__fpl_dretinf
<LI><a href="#[10c]">&gt;&gt;</a>&nbsp;&nbsp;&nbsp;__fpl_dnaninf
</UL>

<P><STRONG><a name="[10c]"></a>__fpl_dnaninf</STRONG> (Thumb, 156 bytes, Stack size 16 bytes, dnaninf.o(x$fpl$dnaninf))
<BR><BR>[Stack]<UL><LI>Max Depth = 16<LI>Call Chain = __fpl_dnaninf
</UL>
<BR>[Called By]<UL><LI><a href="#[105]">&gt;&gt;</a>&nbsp;&nbsp;&nbsp;_dsqrt
<LI><a href="#[117]">&gt;&gt;</a>&nbsp;&nbsp;&nbsp;_ddiv
<LI><a href="#[115]">&gt;&gt;</a>&nbsp;&nbsp;&nbsp;_dcmp4e
<LI><a href="#[112]">&gt;&gt;</a>&nbsp;&nbsp;&nbsp;_dcmp4
<LI><a href="#[11a]">&gt;&gt;</a>&nbsp;&nbsp;&nbsp;_dmul
<LI><a href="#[119]">&gt;&gt;</a>&nbsp;&nbsp;&nbsp;_dcmple
<LI><a href="#[118]">&gt;&gt;</a>&nbsp;&nbsp;&nbsp;_dfixu
<LI><a href="#[11f]">&gt;&gt;</a>&nbsp;&nbsp;&nbsp;_dsub
<LI><a href="#[10d]">&gt;&gt;</a>&nbsp;&nbsp;&nbsp;_dadd
<LI><a href="#[10a]">&gt;&gt;</a>&nbsp;&nbsp;&nbsp;_d2f
</UL>

<P><STRONG><a name="[10f]"></a>__fpl_dretinf</STRONG> (Thumb, 12 bytes, Stack size 0 bytes, dretinf.o(x$fpl$dretinf), UNUSED)
<BR><BR>[Called By]<UL><LI><a href="#[117]">&gt;&gt;</a>&nbsp;&nbsp;&nbsp;_ddiv
<LI><a href="#[120]">&gt;&gt;</a>&nbsp;&nbsp;&nbsp;_f2d
<LI><a href="#[11a]">&gt;&gt;</a>&nbsp;&nbsp;&nbsp;_dmul
<LI><a href="#[10d]">&gt;&gt;</a>&nbsp;&nbsp;&nbsp;_dadd
</UL>

<P><STRONG><a name="[9f]"></a>__aeabi_cdrcmple</STRONG> (Thumb, 0 bytes, Stack size 16 bytes, drleqf.o(x$fpl$drleqf))
<BR><BR>[Stack]<UL><LI>Max Depth = 16<LI>Call Chain = __aeabi_cdrcmple
</UL>
<BR>[Called By]<UL><LI><a href="#[9c]">&gt;&gt;</a>&nbsp;&nbsp;&nbsp;Direct_control
<LI><a href="#[bd]">&gt;&gt;</a>&nbsp;&nbsp;&nbsp;__hardfp_pow
</UL>

<P><STRONG><a name="[11b]"></a>_drcmple</STRONG> (Thumb, 108 bytes, Stack size 16 bytes, drleqf.o(x$fpl$drleqf), UNUSED)
<BR><BR>[Calls]<UL><LI><a href="#[11c]">&gt;&gt;</a>&nbsp;&nbsp;&nbsp;__fpl_dcmple_InfNaN
</UL>

<P><STRONG><a name="[c8]"></a>__aeabi_drsub</STRONG> (Thumb, 0 bytes, Stack size 8 bytes, daddsub_clz.o(x$fpl$drsb))
<BR><BR>[Stack]<UL><LI>Max Depth = 8<LI>Call Chain = __aeabi_drsub
</UL>
<BR>[Called By]<UL><LI><a href="#[bd]">&gt;&gt;</a>&nbsp;&nbsp;&nbsp;__hardfp_pow
</UL>

<P><STRONG><a name="[11d]"></a>_drsb</STRONG> (Thumb, 22 bytes, Stack size 8 bytes, daddsub_clz.o(x$fpl$drsb), UNUSED)
<BR><BR>[Calls]<UL><LI><a href="#[10e]">&gt;&gt;</a>&nbsp;&nbsp;&nbsp;_dsub1
<LI><a href="#[11e]">&gt;&gt;</a>&nbsp;&nbsp;&nbsp;_dadd1
</UL>

<P><STRONG><a name="[105]"></a>_dsqrt</STRONG> (Thumb, 404 bytes, Stack size 24 bytes, dsqrt_umaal.o(x$fpl$dsqrt))
<BR><BR>[Stack]<UL><LI>Max Depth = 40<LI>Call Chain = _dsqrt &rArr; __fpl_dnaninf
</UL>
<BR>[Calls]<UL><LI><a href="#[10c]">&gt;&gt;</a>&nbsp;&nbsp;&nbsp;__fpl_dnaninf
</UL>
<BR>[Called By]<UL><LI><a href="#[c3]">&gt;&gt;</a>&nbsp;&nbsp;&nbsp;sqrt
</UL>

<P><STRONG><a name="[c7]"></a>__aeabi_dsub</STRONG> (Thumb, 0 bytes, Stack size 32 bytes, daddsub_clz.o(x$fpl$dsub))
<BR><BR>[Stack]<UL><LI>Max Depth = 32<LI>Call Chain = __aeabi_dsub
</UL>
<BR>[Called By]<UL><LI><a href="#[bd]">&gt;&gt;</a>&nbsp;&nbsp;&nbsp;__hardfp_pow
</UL>

<P><STRONG><a name="[11f]"></a>_dsub</STRONG> (Thumb, 464 bytes, Stack size 32 bytes, daddsub_clz.o(x$fpl$dsub), UNUSED)
<BR><BR>[Calls]<UL><LI><a href="#[10c]">&gt;&gt;</a>&nbsp;&nbsp;&nbsp;__fpl_dnaninf
<LI><a href="#[11e]">&gt;&gt;</a>&nbsp;&nbsp;&nbsp;_dadd1
</UL>

<P><STRONG><a name="[aa]"></a>__aeabi_f2d</STRONG> (Thumb, 0 bytes, Stack size 16 bytes, f2d.o(x$fpl$f2d))
<BR><BR>[Stack]<UL><LI>Max Depth = 16<LI>Call Chain = __aeabi_f2d
</UL>
<BR>[Called By]<UL><LI><a href="#[a8]">&gt;&gt;</a>&nbsp;&nbsp;&nbsp;Get_Weighted_Average
<LI><a href="#[ec]">&gt;&gt;</a>&nbsp;&nbsp;&nbsp;otsuThreshold
</UL>

<P><STRONG><a name="[120]"></a>_f2d</STRONG> (Thumb, 86 bytes, Stack size 16 bytes, f2d.o(x$fpl$f2d), UNUSED)
<BR><BR>[Calls]<UL><LI><a href="#[121]">&gt;&gt;</a>&nbsp;&nbsp;&nbsp;__fpl_fnaninf
<LI><a href="#[10f]">&gt;&gt;</a>&nbsp;&nbsp;&nbsp;__fpl_dretinf
</UL>

<P><STRONG><a name="[121]"></a>__fpl_fnaninf</STRONG> (Thumb, 140 bytes, Stack size 8 bytes, fnaninf.o(x$fpl$fnaninf), UNUSED)
<BR><BR>[Called By]<UL><LI><a href="#[120]">&gt;&gt;</a>&nbsp;&nbsp;&nbsp;_f2d
</UL>

<P><STRONG><a name="[87]"></a>_fp_init</STRONG> (Thumb, 10 bytes, Stack size 0 bytes, fpinit.o(x$fpl$fpinit))
<BR><BR>[Called By]<UL><LI><a href="#[86]">&gt;&gt;</a>&nbsp;&nbsp;&nbsp;__rt_lib_init_fp_1
</UL>

<P><STRONG><a name="[15a]"></a>__fplib_config_fpu_vfp</STRONG> (Thumb, 0 bytes, Stack size unknown bytes, fpinit.o(x$fpl$fpinit), UNUSED)

<P><STRONG><a name="[15b]"></a>__fplib_config_pureend_doubles</STRONG> (Thumb, 0 bytes, Stack size unknown bytes, fpinit.o(x$fpl$fpinit), UNUSED)

<P><STRONG><a name="[10b]"></a>__fpl_fretinf</STRONG> (Thumb, 10 bytes, Stack size 0 bytes, fretinf.o(x$fpl$fretinf), UNUSED)
<BR><BR>[Called By]<UL><LI><a href="#[10a]">&gt;&gt;</a>&nbsp;&nbsp;&nbsp;_d2f
</UL>

<P><STRONG><a name="[111]"></a>__fpl_return_NaN</STRONG> (Thumb, 100 bytes, Stack size 0 bytes, retnan.o(x$fpl$retnan))
<BR><BR>[Calls]<UL><LI><a href="#[122]">&gt;&gt;</a>&nbsp;&nbsp;&nbsp;__fpl_cmpreturn
</UL>
<BR>[Called By]<UL><LI><a href="#[110]">&gt;&gt;</a>&nbsp;&nbsp;&nbsp;__fpl_dcheck_NaN1
</UL>

<P><STRONG><a name="[ca]"></a>__ARM_scalbn</STRONG> (Thumb, 92 bytes, Stack size 0 bytes, scalbn.o(x$fpl$scalbn))
<BR><BR>[Calls]<UL><LI><a href="#[110]">&gt;&gt;</a>&nbsp;&nbsp;&nbsp;__fpl_dcheck_NaN1
</UL>
<BR>[Called By]<UL><LI><a href="#[bd]">&gt;&gt;</a>&nbsp;&nbsp;&nbsp;__hardfp_pow
</UL>

<P><STRONG><a name="[122]"></a>__fpl_cmpreturn</STRONG> (Thumb, 48 bytes, Stack size 0 bytes, trapv.o(x$fpl$trapveneer))
<BR><BR>[Called By]<UL><LI><a href="#[111]">&gt;&gt;</a>&nbsp;&nbsp;&nbsp;__fpl_return_NaN
</UL>
<P>
<H3>
Local Symbols
</H3>
<P><STRONG><a name="[ea]"></a>NVIC_DisableIRQ</STRONG> (Thumb, 18 bytes, Stack size 0 bytes, lpc546xx_flexcomm.o(i.NVIC_DisableIRQ))
<BR><BR>[Called By]<UL><LI><a href="#[e8]">&gt;&gt;</a>&nbsp;&nbsp;&nbsp;flexcomm_irq
</UL>

<P><STRONG><a name="[e9]"></a>NVIC_EnableIRQ</STRONG> (Thumb, 22 bytes, Stack size 0 bytes, lpc546xx_flexcomm.o(i.NVIC_EnableIRQ))
<BR><BR>[Called By]<UL><LI><a href="#[e8]">&gt;&gt;</a>&nbsp;&nbsp;&nbsp;flexcomm_irq
</UL>

<P><STRONG><a name="[fb]"></a>NVIC_DisableIRQ</STRONG> (Thumb, 18 bytes, Stack size 0 bytes, lpc546xx_pint.o(i.NVIC_DisableIRQ))
<BR><BR>[Called By]<UL><LI><a href="#[f9]">&gt;&gt;</a>&nbsp;&nbsp;&nbsp;pint_disable_irq
</UL>

<P><STRONG><a name="[fc]"></a>NVIC_EnableIRQ</STRONG> (Thumb, 22 bytes, Stack size 0 bytes, lpc546xx_pint.o(i.NVIC_EnableIRQ))
<BR><BR>[Called By]<UL><LI><a href="#[f6]">&gt;&gt;</a>&nbsp;&nbsp;&nbsp;pint_enable_irq
</UL>

<P><STRONG><a name="[e2]"></a>findPllMMult</STRONG> (Thumb, 26 bytes, Stack size 16 bytes, lpc546xx_pll.o(i.findPllMMult))
<BR><BR>[Stack]<UL><LI>Max Depth = 28<LI>Call Chain = findPllMMult &rArr; pllDecodeM
</UL>
<BR>[Calls]<UL><LI><a href="#[e3]">&gt;&gt;</a>&nbsp;&nbsp;&nbsp;pllDecodeM
</UL>
<BR>[Called By]<UL><LI><a href="#[eb]">&gt;&gt;</a>&nbsp;&nbsp;&nbsp;get_clk
</UL>

<P><STRONG><a name="[e4]"></a>findPllPostDiv</STRONG> (Thumb, 32 bytes, Stack size 16 bytes, lpc546xx_pll.o(i.findPllPostDiv))
<BR><BR>[Stack]<UL><LI>Max Depth = 28<LI>Call Chain = findPllPostDiv &rArr; pllDecodeP
</UL>
<BR>[Calls]<UL><LI><a href="#[e5]">&gt;&gt;</a>&nbsp;&nbsp;&nbsp;pllDecodeP
</UL>
<BR>[Called By]<UL><LI><a href="#[eb]">&gt;&gt;</a>&nbsp;&nbsp;&nbsp;get_clk
</UL>

<P><STRONG><a name="[e6]"></a>findPllPreDiv</STRONG> (Thumb, 32 bytes, Stack size 16 bytes, lpc546xx_pll.o(i.findPllPreDiv))
<BR><BR>[Stack]<UL><LI>Max Depth = 28<LI>Call Chain = findPllPreDiv &rArr; pllDecodeN
</UL>
<BR>[Calls]<UL><LI><a href="#[e7]">&gt;&gt;</a>&nbsp;&nbsp;&nbsp;pllDecodeN
</UL>
<BR>[Called By]<UL><LI><a href="#[eb]">&gt;&gt;</a>&nbsp;&nbsp;&nbsp;get_clk
</UL>

<P><STRONG><a name="[e3]"></a>pllDecodeM</STRONG> (Thumb, 90 bytes, Stack size 12 bytes, lpc546xx_pll.o(i.pllDecodeM))
<BR><BR>[Stack]<UL><LI>Max Depth = 12<LI>Call Chain = pllDecodeM
</UL>
<BR>[Called By]<UL><LI><a href="#[e2]">&gt;&gt;</a>&nbsp;&nbsp;&nbsp;findPllMMult
</UL>

<P><STRONG><a name="[e7]"></a>pllDecodeN</STRONG> (Thumb, 92 bytes, Stack size 12 bytes, lpc546xx_pll.o(i.pllDecodeN))
<BR><BR>[Stack]<UL><LI>Max Depth = 12<LI>Call Chain = pllDecodeN
</UL>
<BR>[Called By]<UL><LI><a href="#[e6]">&gt;&gt;</a>&nbsp;&nbsp;&nbsp;findPllPreDiv
</UL>

<P><STRONG><a name="[e5]"></a>pllDecodeP</STRONG> (Thumb, 78 bytes, Stack size 12 bytes, lpc546xx_pll.o(i.pllDecodeP))
<BR><BR>[Stack]<UL><LI>Max Depth = 12<LI>Call Chain = pllDecodeP
</UL>
<BR>[Called By]<UL><LI><a href="#[e4]">&gt;&gt;</a>&nbsp;&nbsp;&nbsp;findPllPostDiv
</UL>

<P><STRONG><a name="[d6]"></a>NVIC_EnableIRQ</STRONG> (Thumb, 22 bytes, Stack size 0 bytes, seekfree_mt9v032.o(i.NVIC_EnableIRQ))
<BR><BR>[Called By]<UL><LI><a href="#[cc]">&gt;&gt;</a>&nbsp;&nbsp;&nbsp;camera_init
</UL>

<P><STRONG><a name="[d5]"></a>NVIC_SetPriority</STRONG> (Thumb, 32 bytes, Stack size 8 bytes, seekfree_mt9v032.o(i.NVIC_SetPriority))
<BR><BR>[Stack]<UL><LI>Max Depth = 8<LI>Call Chain = NVIC_SetPriority
</UL>
<BR>[Called By]<UL><LI><a href="#[cc]">&gt;&gt;</a>&nbsp;&nbsp;&nbsp;camera_init
</UL>

<P><STRONG><a name="[fa]"></a>dma_reload_linked</STRONG> (Thumb, 80 bytes, Stack size 8 bytes, seekfree_mt9v032.o(i.dma_reload_linked))
<BR><BR>[Stack]<UL><LI>Max Depth = 8<LI>Call Chain = dma_reload_linked
</UL>
<BR>[Called By]<UL><LI><a href="#[ba]">&gt;&gt;</a>&nbsp;&nbsp;&nbsp;mt9v032_vsync
</UL>

<P><STRONG><a name="[11e]"></a>_dadd1</STRONG> (Thumb, 0 bytes, Stack size unknown bytes, daddsub_clz.o(x$fpl$dadd), UNUSED)
<BR><BR>[Called By]<UL><LI><a href="#[11f]">&gt;&gt;</a>&nbsp;&nbsp;&nbsp;_dsub
<LI><a href="#[11d]">&gt;&gt;</a>&nbsp;&nbsp;&nbsp;_drsb
</UL>

<P><STRONG><a name="[10e]"></a>_dsub1</STRONG> (Thumb, 0 bytes, Stack size unknown bytes, daddsub_clz.o(x$fpl$dsub), UNUSED)
<BR><BR>[Called By]<UL><LI><a href="#[11d]">&gt;&gt;</a>&nbsp;&nbsp;&nbsp;_drsb
<LI><a href="#[10d]">&gt;&gt;</a>&nbsp;&nbsp;&nbsp;_dadd
</UL>
<P>
<H3>
Undefined Global Symbols
</H3><HR></body></html>
