Component: ARM Compiler 5.06 update 6 (build 750) Tool: armlink [4d35ed]

==============================================================================

Section Cross References

    startup_lpc54606.o(STACK) refers (Special) to heapauxi.o(.text) for __use_two_region_memory
    startup_lpc54606.o(HEAP) refers (Special) to heapauxi.o(.text) for __use_two_region_memory
    startup_lpc54606.o(RESET) refers (Special) to heapauxi.o(.text) for __use_two_region_memory
    startup_lpc54606.o(RESET) refers to startup_lpc54606.o(STACK) for __initial_sp
    startup_lpc54606.o(RESET) refers to startup_lpc54606.o(.text) for Reset_Handler
    startup_lpc54606.o(RESET) refers to system_lpc54606.o(i.NMI_Handler) for NMI_Handler
    startup_lpc54606.o(RESET) refers to system_lpc54606.o(i.HardFault_Handler) for HardFault_Handler
    startup_lpc54606.o(.text) refers (Special) to heapauxi.o(.text) for __use_two_region_memory
    startup_lpc54606.o(.text) refers to system_lpc54606.o(i.SystemInit) for SystemInit
    startup_lpc54606.o(.text) refers to __main.o(!!!main) for __main
    startup_lpc54606.o(.text) refers to isr.o(i.DMA0_DriverIRQHandler) for DMA0_DriverIRQHandler
    startup_lpc54606.o(.text) refers to isr.o(i.GINT0_DriverIRQHandler) for GINT0_DriverIRQHandler
    startup_lpc54606.o(.text) refers to isr.o(i.MRT0_DriverIRQHandler) for MRT0_DriverIRQHandler
    startup_lpc54606.o(.text) refers to isr.o(i.FLEXCOMM0_DriverIRQHandler) for FLEXCOMM0_DriverIRQHandler
    startup_lpc54606.o(.text) refers to isr.o(i.FLEXCOMM5_DriverIRQHandler) for FLEXCOMM5_DriverIRQHandler
    startup_lpc54606.o(.text) refers to isr.o(i.PIN_INT7_DriverIRQHandler) for PIN_INT7_DriverIRQHandler
    startup_lpc54606.o(.text) refers to isr.o(i.RIT_DriverIRQHandler) for RIT_DriverIRQHandler
    startup_lpc54606.o(.text) refers to startup_lpc54606.o(HEAP) for Heap_Mem
    startup_lpc54606.o(.text) refers to startup_lpc54606.o(STACK) for Stack_Mem
    system_lpc54606.o(i.SystemInit) refers to lpc546xx_pll.o(i.pll_init) for pll_init
    system_lpc54606.o(i.SystemInit) refers to startup_lpc54606.o(RESET) for __Vectors
    lpc546xx_adc.o(i.adc_init) refers to lpc546xx_systick.o(i.systick_delay) for systick_delay
    lpc546xx_adc.o(i.adc_init) refers to lpc546xx_adc.o(i.adc_mux) for adc_mux
    lpc546xx_adc.o(i.adc_init) refers to lpc546xx_pll.o(.data) for main_clk_mhz
    lpc546xx_adc.o(i.adc_mux) refers to lpc546xx_iocon.o(i.iocon_init) for iocon_init
    lpc546xx_ctimer.o(i.ctimer_count_clean) refers to lpc546xx_ctimer.o(.data) for TIMERN
    lpc546xx_ctimer.o(i.ctimer_count_init) refers to lpc546xx_ctimer.o(i.ctimer_clock) for ctimer_clock
    lpc546xx_ctimer.o(i.ctimer_count_init) refers to lpc546xx_ctimer.o(i.ctimer_countmux) for ctimer_countmux
    lpc546xx_ctimer.o(i.ctimer_count_init) refers to lpc546xx_ctimer.o(.data) for TIMERN
    lpc546xx_ctimer.o(i.ctimer_count_read) refers to lpc546xx_ctimer.o(.data) for TIMERN
    lpc546xx_ctimer.o(i.ctimer_countmux) refers to lpc546xx_iocon.o(i.iocon_init) for iocon_init
    lpc546xx_ctimer.o(i.ctimer_pwm_duty) refers to llsdiv.o(.text) for __aeabi_ldivmod
    lpc546xx_ctimer.o(i.ctimer_pwm_duty) refers to lpc546xx_ctimer.o(.constdata) for duty_max
    lpc546xx_ctimer.o(i.ctimer_pwm_duty) refers to lpc546xx_ctimer.o(.data) for TIMERN
    lpc546xx_ctimer.o(i.ctimer_pwm_freq) refers to lpc546xx_pll.o(.data) for main_clk_mhz
    lpc546xx_ctimer.o(i.ctimer_pwm_freq) refers to lpc546xx_ctimer.o(.data) for TIMERN
    lpc546xx_ctimer.o(i.ctimer_pwm_freq) refers to lpc546xx_ctimer.o(.constdata) for period_ch
    lpc546xx_ctimer.o(i.ctimer_pwm_init) refers to lpc546xx_ctimer.o(i.ctimer_clock) for ctimer_clock
    lpc546xx_ctimer.o(i.ctimer_pwm_init) refers to lpc546xx_ctimer.o(i.ctimer_pwmmux) for ctimer_pwmmux
    lpc546xx_ctimer.o(i.ctimer_pwm_init) refers to llsdiv.o(.text) for __aeabi_ldivmod
    lpc546xx_ctimer.o(i.ctimer_pwm_init) refers to lpc546xx_pll.o(.data) for main_clk_mhz
    lpc546xx_ctimer.o(i.ctimer_pwm_init) refers to lpc546xx_ctimer.o(.constdata) for duty_max
    lpc546xx_ctimer.o(i.ctimer_pwm_init) refers to lpc546xx_ctimer.o(.data) for TIMERN
    lpc546xx_ctimer.o(i.ctimer_pwmmux) refers to lpc546xx_iocon.o(i.iocon_init) for iocon_init
    lpc546xx_dma.o(i.dam_init) refers to lpc546xx_gpio.o(i.gpio_init) for gpio_init
    lpc546xx_dma.o(i.dam_init) refers to lpc546xx_dma.o(.bss) for s_dma_descriptor_table
    lpc546xx_dma.o(i.dam_init_linked) refers to lpc546xx_gpio.o(i.gpio_init) for gpio_init
    lpc546xx_dma.o(i.dam_init_linked) refers to lpc546xx_dma.o(.bss) for s_dma_descriptor_table
    lpc546xx_eeprom.o(i.eeprom_init) refers to lpc546xx_pll.o(.data) for main_clk_mhz
    lpc546xx_flexcomm.o(i.flexcomm_clk_enable) refers to lpc546xx_flexcomm.o(.data) for FLEXCOMMN
    lpc546xx_flexcomm.o(i.flexcomm_irq) refers to lpc546xx_flexcomm.o(i.NVIC_EnableIRQ) for NVIC_EnableIRQ
    lpc546xx_flexcomm.o(i.flexcomm_irq) refers to lpc546xx_flexcomm.o(i.NVIC_DisableIRQ) for NVIC_DisableIRQ
[...]
    i.NVIC_DisableIRQ                        0x00000eb4   Section        0  lpc546xx_flexcomm.o(i.NVIC_DisableIRQ)
    NVIC_DisableIRQ                          0x00000eb5   Thumb Code    18  lpc546xx_flexcomm.o(i.NVIC_DisableIRQ)
    i.NVIC_DisableIRQ                        0x00000ecc   Section        0  lpc546xx_pint.o(i.NVIC_DisableIRQ)
    NVIC_DisableIRQ                          0x00000ecd   Thumb Code    18  lpc546xx_pint.o(i.NVIC_DisableIRQ)
    i.NVIC_EnableIRQ                         0x00000ee4   Section        0  lpc546xx_flexcomm.o(i.NVIC_EnableIRQ)
    NVIC_EnableIRQ                           0x00000ee5   Thumb Code    22  lpc546xx_flexcomm.o(i.NVIC_EnableIRQ)
    i.NVIC_EnableIRQ                         0x00000efa   Section        0  lpc546xx_pint.o(i.NVIC_EnableIRQ)
    NVIC_EnableIRQ                           0x00000efb   Thumb Code    22  lpc546xx_pint.o(i.NVIC_EnableIRQ)
    i.NVIC_EnableIRQ                         0x00000f10   Section        0  seekfree_mt9v032.o(i.NVIC_EnableIRQ)
    NVIC_EnableIRQ                           0x00000f11   Thumb Code    22  seekfree_mt9v032.o(i.NVIC_EnableIRQ)
    i.NVIC_SetPriority                       0x00000f28   Section        0  seekfree_mt9v032.o(i.NVIC_SetPriority)
    NVIC_SetPriority                         0x00000f29   Thumb Code    32  seekfree_mt9v032.o(i.NVIC_SetPriority)
    i.N_divider                              0x00000f50   Section        0  lpc546xx_pll.o(i.N_divider)
    i.PID_Check                              0x00000fc0   Section        0  mycode.o(i.PID_Check)
    i.PID_Inc                                0x000010d4   Section        0  pid.o(i.PID_Inc)
    i.PID_Loc                                0x0000110e   Section        0  pid.o(i.PID_Loc)
    i.PIN_INT7_DriverIRQHandler              0x00001144   Section        0  isr.o(i.PIN_INT7_DriverIRQHandler)
    i.P_divider                              0x0000114c   Section        0  lpc546xx_pll.o(i.P_divider)
    i.RIT_DriverIRQHandler                   0x000011b0   Section        0  isr.o(i.RIT_DriverIRQHandler)
    i.SystemInit                             0x000011d0   Section        0  system_lpc54606.o(i.SystemInit)
    i.__ARM_fpclassify                       0x00001224   Section        0  fpclassify.o(i.__ARM_fpclassify)
    i.__hardfp_fmin                          0x00001254   Section        0  fmin.o(i.__hardfp_fmin)
    i.__hardfp_pow                           0x000012c8   Section        0  pow.o(i.__hardfp_pow)
    i.__kernel_poly                          0x00001f18   Section        0  poly.o(i.__kernel_poly)
    i.__mathlib_dbl_divzero                  0x00002010   Section        0  dunder.o(i.__mathlib_dbl_divzero)
    i.__mathlib_dbl_infnan2                  0x00002040   Section        0  dunder.o(i.__mathlib_dbl_infnan2)
    i.__mathlib_dbl_invalid                  0x00002058   Section        0  dunder.o(i.__mathlib_dbl_invalid)
    i.__mathlib_dbl_overflow                 0x00002078   Section        0  dunder.o(i.__mathlib_dbl_overflow)
    i.__mathlib_dbl_underflow                0x00002098   Section        0  dunder.o(i.__mathlib_dbl_underflow)
    i.camera_init                            0x000020b8   Section        0  seekfree_mt9v032.o(i.camera_init)
    i.ctimer_clock                           0x000021a4   Section        0  lpc546xx_ctimer.o(i.ctimer_clock)
    i.ctimer_count_clean                     0x0000221c   Section        0  lpc546xx_ctimer.o(i.ctimer_count_clean)
    i.ctimer_count_init                      0x00002238   Section        0  lpc546xx_ctimer.o(i.ctimer_count_init)
    i.ctimer_count_read                      0x000022e0   Section        0  lpc546xx_ctimer.o(i.ctimer_count_read)
    i.ctimer_countmux                        0x000022fc   Section        0  lpc546xx_ctimer.o(i.ctimer_countmux)
    i.ctimer_pwm_duty                        0x0000248c   Section        0  lpc546xx_ctimer.o(i.ctimer_pwm_duty)
    i.ctimer_pwm_init                        0x00002530   Section        0  lpc546xx_ctimer.o(i.ctimer_pwm_init)
    i.ctimer_pwmmux                          0x000026bc   Section        0  lpc546xx_ctimer.o(i.ctimer_pwmmux)
    i.dam_init_linked                        0x000028ac   Section        0  lpc546xx_dma.o(i.dam_init_linked)
    i.dma_reload_linked                      0x000029d8   Section        0  seekfree_mt9v032.o(i.dma_reload_linked)
    dma_reload_linked                        0x000029d9   Thumb Code    80  seekfree_mt9v032.o(i.dma_reload_linked)
    i.dsp_single_colour                      0x00002a34   Section        0  seekfree_18tft.o(i.dsp_single_colour)
    i.fabs                                   0x00002a64   Section        0  fabs.o(i.fabs)
    i.findPllMMult                           0x00002a7c   Section        0  lpc546xx_pll.o(i.findPllMMult)
    findPllMMult                             0x00002a7d   Thumb Code    26  lpc546xx_pll.o(i.findPllMMult)
    i.findPllPostDiv                         0x00002a96   Section        0  lpc546xx_pll.o(i.findPllPostDiv)
    findPllPostDiv                           0x00002a97   Thumb Code    32  lpc546xx_pll.o(i.findPllPostDiv)
    i.findPllPreDiv                          0x00002ab6   Section        0  lpc546xx_pll.o(i.findPllPreDiv)
    findPllPreDiv                            0x00002ab7   Thumb Code    32  lpc546xx_pll.o(i.findPllPreDiv)
    i.flexcomm_clk_enable                    0x00002ad8   Section        0  lpc546xx_flexcomm.o(i.flexcomm_clk_enable)
    i.flexcomm_get_clk                       0x00002ba8   Section        0  lpc546xx_flexcomm.o(i.flexcomm_get_clk)
    i.flexcomm_irq                           0x00002bb4   Section        0  lpc546xx_flexcomm.o(i.flexcomm_irq)
    i.get_clk                                0x00002bec   Section        0  lpc546xx_pll.o(i.get_clk)
    i.get_config                             0x00002c48   Section        0  seekfree_mt9v032.o(i.get_config)
    i.gpio_get                               0x00002cb4   Section        0  lpc546xx_gpio.o(i.gpio_get)
    i.gpio_init                              0x00002ccc   Section        0  lpc546xx_gpio.o(i.gpio_init)
    i.gpio_set                               0x00002d94   Section        0  lpc546xx_gpio.o(i.gpio_set)
    i.img_change_char                        0x00002dc4   Section        0  img_data_deal.o(i.img_change_char)
    i.iocon_init                             0x00002e08   Section        0  lpc546xx_iocon.o(i.iocon_init)
    i.lcd_displayimage032                    0x00002e34   Section        0  seekfree_18tft.o(i.lcd_displayimage032)
    i.lcd_drawpoint                          0x00002f10   Section        0  seekfree_18tft.o(i.lcd_drawpoint)
    i.lcd_init                               0x00002f2c   Section        0  seekfree_18tft.o(i.lcd_init)
    i.lcd_setregion                          0x000031d8   Section        0  seekfree_18tft.o(i.lcd_setregion)
    i.lcd_writeData                          0x00003232   Section        0  seekfree_18tft.o(i.lcd_writeData)
    i.lcd_writeIndex                         0x00003252   Section        0  seekfree_18tft.o(i.lcd_writeIndex)
    i.lcd_writedata_16bit                    0x00003272   Section        0  seekfree_18tft.o(i.lcd_writedata_16bit)
    i.main                                   0x000032a0   Section        0  main.o(i.main)
    i.mrt_get                                0x000033d0   Section        0  lpc546xx_mrt.o(i.mrt_get)
    i.mrt_start                              0x000033e8   Section        0  lpc546xx_mrt.o(i.mrt_start)
    i.mt9v032_cof_uart_interrupt             0x00003414   Section        0  seekfree_mt9v032.o(i.mt9v032_cof_uart_interrupt)
    i.mt9v032_dma                            0x00003464   Section        0  seekfree_mt9v032.o(i.mt9v032_dma)
    i.mt9v032_vsync                          0x0000348c   Section        0  seekfree_mt9v032.o(i.mt9v032_vsync)
    i.myabs                                  0x000034cc   Section        0  seekfree_fun.o(i.myabs)
    i.otsuThreshold                          0x000034dc   Section        0  img_data_deal.o(i.otsuThreshold)
    i.pint_disable_irq                       0x00003744   Section        0  lpc546xx_pint.o(i.pint_disable_irq)
    i.pint_enable_irq                        0x00003762   Section        0  lpc546xx_pint.o(i.pint_enable_irq)
    i.pint_init                              0x00003780   Section        0  lpc546xx_pint.o(i.pint_init)
    i.pit_init                               0x0000387c   Section        0  lpc546xx_pit.o(i.pit_init)
    i.pllDecodeM                             0x000038b8   Section        0  lpc546xx_pll.o(i.pllDecodeM)
    pllDecodeM                               0x000038b9   Thumb Code    90  lpc546xx_pll.o(i.pllDecodeM)
    i.pllDecodeN                             0x00003912   Section        0  lpc546xx_pll.o(i.pllDecodeN)
    pllDecodeN                               0x00003913   Thumb Code    92  lpc546xx_pll.o(i.pllDecodeN)
    i.pllDecodeP                             0x0000396e   Section        0  lpc546xx_pll.o(i.pllDecodeP)
    pllDecodeP                               0x0000396f   Thumb Code    78  lpc546xx_pll.o(i.pllDecodeP)
    i.pll_init                               0x000039bc   Section        0  lpc546xx_pll.o(i.pll_init)
    i.sct_camera_dma                         0x00003a44   Section        0  lpc546xx_sct.o(i.sct_camera_dma)
    i.sct_input_mux                          0x00003ae8   Section        0  lpc546xx_sct.o(i.sct_input_mux)
    i.sct_start                              0x00003cbc   Section        0  lpc546xx_sct.o(i.sct_start)
    i.spi_init                               0x00003cd8   Section        0  lpc546xx_spi.o(i.spi_init)
    i.spi_mosi                               0x00003da0   Section        0  lpc546xx_spi.o(i.spi_mosi)
    i.spi_mux                                0x00003ed4   Section        0  lpc546xx_spi.o(i.spi_mux)
    i.sqrt                                   0x000043d2   Section        0  sqrt.o(i.sqrt)
    i.systick_delay                          0x00004440   Section        0  lpc546xx_systick.o(i.systick_delay)
    i.systick_delay_ms                       0x0000446c   Section        0  lpc546xx_systick.o(i.systick_delay_ms)
    i.uart_init                              0x00004490   Section        0  lpc546xx_uart.o(i.uart_init)
    i.uart_mux                               0x000045a0   Section        0  lpc546xx_uart.o(i.uart_mux)
    i.uart_putbuff                           0x000047c8   Section        0  lpc546xx_uart.o(i.uart_putbuff)
    i.uart_putchar                           0x000047e8   Section        0  lpc546xx_uart.o(i.uart_putchar)
    i.uart_query                             0x0000480c   Section        0  lpc546xx_uart.o(i.uart_query)
    i.uart_rx_irq                            0x00004838   Section        0  lpc546xx_uart.o(i.uart_rx_irq)
    i.uart_write                             0x000048b0   Section        0  mycode.o(i.uart_write)
    i.write_syspllctrl                       0x00004924   Section        0  lpc546xx_pll.o(i.write_syspllctrl)
    x$fpl$basic                              0x000049a0   Section       24  basic.o(x$fpl$basic)
    $v0                                      0x000049a0   Number         0  basic.o(x$fpl$basic)
    x$fpl$d2f                                0x000049b8   Section       98  d2f.o(x$fpl$d2f)
    $v0                                      0x000049b8   Number         0  d2f.o(x$fpl$d2f)
    x$fpl$dadd                               0x00004a1c   Section      336  daddsub_clz.o(x$fpl$dadd)
    $v0                                      0x00004a1c   Number         0  daddsub_clz.o(x$fpl$dadd)
    _dadd1                                   0x00004a2d   Thumb Code     0  daddsub_clz.o(x$fpl$dadd)
    x$fpl$dcheck1                            0x00004b6c   Section       16  dcheck1.o(x$fpl$dcheck1)
    $v0                                      0x00004b6c   Number         0  dcheck1.o(x$fpl$dcheck1)
    x$fpl$dcmp4                              0x00004b7c   Section      310  dcmp4.o(x$fpl$dcmp4)
    $v0                                      0x00004b7c   Number         0  dcmp4.o(x$fpl$dcmp4)
    x$fpl$dcmpinf                            0x00004cb2   Section       24  dcmpi.o(x$fpl$dcmpinf)
    $v0                                      0x00004cb2   Number         0  dcmpi.o(x$fpl$dcmpinf)
    x$fpl$ddiv                               0x00004ccc   Section      688  ddiv.o(x$fpl$ddiv)
    $v0                                      0x00004ccc   Number         0  ddiv.o(x$fpl$ddiv)
    ddiv_entry                               0x00004cd3   Thumb Code     0  ddiv.o(x$fpl$ddiv)
    x$fpl$dfixu                              0x00004f7c   Section       90  dfixu.o(x$fpl$dfixu)
    $v0                                      0x00004f7c   Number         0  dfixu.o(x$fpl$dfixu)
    x$fpl$dflt                               0x00004fd6   Section       46  dflt_clz.o(x$fpl$dflt)
    $v0                                      0x00004fd6   Number         0  dflt_clz.o(x$fpl$dflt)
    x$fpl$dfltu                              0x00005004   Section       38  dflt_clz.o(x$fpl$dfltu)
    $v0                                      0x00005004   Number         0  dflt_clz.o(x$fpl$dfltu)
    x$fpl$dleqf                              0x0000502c   Section      120  dleqf.o(x$fpl$dleqf)
    $v0                                      0x0000502c   Number         0  dleqf.o(x$fpl$dleqf)
    x$fpl$dmul                               0x000050a4   Section      340  dmul.o(x$fpl$dmul)
    $v0                                      0x000050a4   Number         0  dmul.o(x$fpl$dmul)
    x$fpl$dnaninf                            0x000051f8   Section      156  dnaninf.o(x$fpl$dnaninf)
    $v0                                      0x000051f8   Number         0  dnaninf.o(x$fpl$dnaninf)
    x$fpl$dretinf                            0x00005294   Section       12  dretinf.o(x$fpl$dretinf)
    $v0                                      0x00005294   Number         0  dretinf.o(x$fpl$dretinf)
    x$fpl$drleqf                             0x000052a0   Section      108  drleqf.o(x$fpl$drleqf)
    $v0                                      0x000052a0   Number         0  drleqf.o(x$fpl$drleqf)
    x$fpl$drsb                               0x0000530c   Section       22  daddsub_clz.o(x$fpl$drsb)
    $v0                                      0x0000530c   Number         0  daddsub_clz.o(x$fpl$drsb)
    x$fpl$dsqrt                              0x00005324   Section      408  dsqrt_umaal.o(x$fpl$dsqrt)
    $v0                                      0x00005324   Number         0  dsqrt_umaal.o(x$fpl$dsqrt)
    x$fpl$dsub                               0x000054bc   Section      468  daddsub_clz.o(x$fpl$dsub)
    $v0                                      0x000054bc   Number         0  daddsub_clz.o(x$fpl$dsub)
    _dsub1                                   0x000054cd   Thumb Code     0  daddsub_clz.o(x$fpl$dsub)
    x$fpl$f2d                                0x00005690   Section       86  f2d.o(x$fpl$f2d)
    $v0                                      0x00005690   Number         0  f2d.o(x$fpl$f2d)
    x$fpl$fnaninf                            0x000056e6   Section      140  fnaninf.o(x$fpl$fnaninf)
    $v0                                      0x000056e6   Number         0  fnaninf.o(x$fpl$fnaninf)
    x$fpl$fpinit                             0x00005772   Section       10  fpinit.o(x$fpl$fpinit)
    $v0                                      0x00005772   Number         0  fpinit.o(x$fpl$fpinit)
    x$fpl$fretinf                            0x0000577c   Section       10  fretinf.o(x$fpl$fretinf)
    $v0                                      0x0000577c   Number         0  fretinf.o(x$fpl$fretinf)
    x$fpl$retnan                             0x00005786   Section      100  retnan.o(x$fpl$retnan)
    $v0                                      0x00005786   Number         0  retnan.o(x$fpl$retnan)
    x$fpl$scalbn                             0x000057ea   Section       92  scalbn.o(x$fpl$scalbn)
    $v0                                      0x000057ea   Number         0  scalbn.o(x$fpl$scalbn)
    x$fpl$trapveneer                         0x00005846   Section       48  trapv.o(x$fpl$trapveneer)
    $v0                                      0x00005846   Number         0  trapv.o(x$fpl$trapveneer)
    x$fpl$usenofp                            0x00005876   Section        0  usenofp.o(x$fpl$usenofp)
    .constdata                               0x00005878   Section       40  lpc546xx_ctimer.o(.constdata)
    .constdata                               0x000058a0   Section      136  pow.o(.constdata)
    bp                                       0x000058a0   Data          16  pow.o(.constdata)
    dp_h                                     0x000058b0   Data          16  pow.o(.constdata)
    dp_l                                     0x000058c0   Data          16  pow.o(.constdata)
    L                                        0x000058d0   Data          48  pow.o(.constdata)
    P                                        0x00005900   Data          40  pow.o(.constdata)
    .constdata                               0x00005928   Section        8  qnan.o(.constdata)
    .data                                    0x20000000   Section       20  lpc546xx_ctimer.o(.data)
    .data                                    0x20000014   Section       40  lpc546xx_flexcomm.o(.data)
    .data                                    0x2000003c   Section        2  lpc546xx_pll.o(.data)
    .data                                    0x20000040   Section       40  lpc546xx_spi.o(.data)
    .data                                    0x20000068   Section       40  lpc546xx_uart.o(.data)
    .data                                    0x20000090   Section        4  isr.o(.data)
    .data                                    0x20000094   Section       75  seekfree_mt9v032.o(.data)
    .data                                    0x200000e0   Section       24  angle_control.o(.data)
    .data                                    0x200000f8   Section        9  img_data_deal.o(.data)
    .data                                    0x20000104   Section       48  mycode.o(.data)
    head                                     0x20000130   Data           2  mycode.o(.data)
    end                                      0x20000132   Data           2  mycode.o(.data)
    .data                                    0x20000134   Section       52  pid.o(.data)
    .bss                                     0x20000200   Section      480  lpc546xx_dma.o(.bss)
    .bss                                     0x200003e0   Section    22560  seekfree_mt9v032.o(.bss)
    .bss                                     0x20005c00   Section    23180  img_data_deal.o(.bss)
    .bss                                     0x2000b68c   Section       96  libspace.o(.bss)
    HEAP                                     0x2000b6f0   Section     4096  startup_lpc54606.o(HEAP)
    Heap_Mem                                 0x2000b6f0   Data        4096  startup_lpc54606.o(HEAP)
    STACK                                    0x2000c6f0   Section     8192  startup_lpc54606.o(STACK)
    Stack_Mem                                0x2000c6f0   Data        8192  startup_lpc54606.o(STACK)
    __initial_sp                             0x2000e6f0   Data           0  startup_lpc54606.o(STACK)

    Global Symbols

    Symbol Name                              Value     Ov Type        Size  Object(Section)

    BuildAttributes$$THM_ISAv4$E$P$D$K$B$S$7EM$VFPi3$EXTD16$VFPS$VFMA$PE$A:L22UL41UL21$X:L11$S22US41US21$IEEE1$IW$USESV6$~STKCKD$USESV7$~SHL$OTIME$ROPI$IEEEX$EBA8$UX$STANDARDLIB$REQ8$PRES8$EABIv2 0x00000000   Number         0  anon$$obj.o ABSOLUTE
    __ARM_use_no_argv                        0x00000000   Number         0  main.o ABSOLUTE
    __Vectors                                0x00000000   Data           4  startup_lpc54606.o(RESET)
    _printf_flags                            0x00000000   Number         0  printf_stubs.o ABSOLUTE
    _printf_return_value                     0x00000000   Number         0  printf_stubs.o ABSOLUTE
    _printf_sizespec                         0x00000000   Number         0  printf_stubs.o ABSOLUTE
    _printf_widthprec                        0x00000000   Number         0  printf_stubs.o ABSOLUTE
    __ARM_exceptions_init                     - Undefined Weak Reference
    __alloca_initialize                       - Undefined Weak Reference
    __arm_preinit_                            - Undefined Weak Reference
    __cpp_initialize__aeabi_                  - Undefined Weak Reference
    __cxa_finalize                            - Undefined Weak Reference
    __sigvec_lookup                           - Undefined Weak Reference
    _atexit_init                              - Undefined Weak Reference
    _call_atexit_fns                          - Undefined Weak Reference
    _clock_init                               - Undefined Weak Reference
    _fp_trap_init                             - Undefined Weak Reference
    _fp_trap_shutdown                         - Undefined Weak Reference
    _get_lc_collate                           - Undefined Weak Reference
    _get_lc_ctype                             - Undefined Weak Reference
    _get_lc_monetary                          - Undefined Weak Reference
    _get_lc_time                              - Undefined Weak Reference
    _getenv_init                              - Undefined Weak Reference
    _handle_redirection                       - Undefined Weak Reference
    _init_alloc                               - Undefined Weak Reference
    _init_user_alloc                          - Undefined Weak Reference
    _initio                                   - Undefined Weak Reference
    _printf_post_padding                      - Undefined Weak Reference
    _printf_pre_padding                       - Undefined Weak Reference
    _printf_truncate_signed                   - Undefined Weak Reference
    _printf_truncate_unsigned                 - Undefined Weak Reference
    _rand_init                                - Undefined Weak Reference
    _signal_finish                            - Undefined Weak Reference
    _signal_init                              - Undefined Weak Reference
    _terminate_alloc                          - Undefined Weak Reference
    _terminate_user_alloc                     - Undefined Weak Reference
    _terminateio                              - Undefined Weak Reference
    __main                                   0x00000125   Thumb Code     8  __main.o(!!!main)
    __scatterload                            0x0000012d   Thumb Code     0  __scatter.o(!!!scatter)
    __scatterload_rt2                        0x0000012d   Thumb Code    44  __scatter.o(!!!scatter)
    __scatterload_rt2_thumb_only             0x0000012d   Thumb Code     0  __scatter.o(!!!scatter)
    __scatterload_null                       0x0000013b   Thumb Code     0  __scatter.o(!!!scatter)
    __decompress                             0x00000161   Thumb Code    90  __dczerorl2.o(!!dczerorl2)
    __decompress1                            0x00000161   Thumb Code     0  __dczerorl2.o(!!dczerorl2)
    __scatterload_zeroinit                   0x000001bd   Thumb Code    28  __scatter_zi.o(!!handler_zi)
    __rt_lib_init                            0x000001d9   Thumb Code     0  libinit.o(.ARM.Collect$$libinit$$00000000)
    __rt_lib_init_fp_1                       0x000001db   Thumb Code     0  libinit2.o(.ARM.Collect$$libinit$$00000001)
    __rt_lib_init_alloca_1                   0x000001df   Thumb Code     0  libinit2.o(.ARM.Collect$$libinit$$0000002E)
    __rt_lib_init_argv_1                     0x000001df   Thumb Code     0  libinit2.o(.ARM.Collect$$libinit$$0000002C)
    __rt_lib_init_atexit_1                   0x000001df   Thumb Code     0  libinit2.o(.ARM.Collect$$libinit$$0000001B)
    __rt_lib_init_clock_1                    0x000001df   Thumb Code     0  libinit2.o(.ARM.Collect$$libinit$$00000021)
    __rt_lib_init_cpp_1                      0x000001df   Thumb Code     0  libinit2.o(.ARM.Collect$$libinit$$00000032)
    __rt_lib_init_exceptions_1               0x000001df   Thumb Code     0  libinit2.o(.ARM.Collect$$libinit$$00000030)
    __rt_lib_init_fp_trap_1                  0x000001df   Thumb Code     0  libinit2.o(.ARM.Collect$$libinit$$0000001F)
    __rt_lib_init_getenv_1                   0x000001df   Thumb Code     0  libinit2.o(.ARM.Collect$$libinit$$00000023)
    __rt_lib_init_heap_1                     0x000001df   Thumb Code     0  libinit2.o(.ARM.Collect$$libinit$$0000000A)
    __rt_lib_init_lc_collate_1               0x000001df   Thumb Code     0  libinit2.o(.ARM.Collect$$libinit$$00000011)
    __rt_lib_init_lc_ctype_1                 0x000001df   Thumb Code     0  libinit2.o(.ARM.Collect$$libinit$$00000013)
    __rt_lib_init_lc_monetary_1              0x000001df   Thumb Code     0  libinit2.o(.ARM.Collect$$libinit$$00000015)
    __rt_lib_init_lc_numeric_1               0x000001df   Thumb Code     0  libinit2.o(.ARM.Collect$$libinit$$00000017)
    __rt_lib_init_lc_time_1                  0x000001df   Thumb Code     0  libinit2.o(.ARM.Collect$$libinit$$00000019)
    __rt_lib_init_preinit_1                  0x000001df   Thumb Code     0  libinit2.o(.ARM.Collect$$libinit$$00000004)
    __rt_lib_init_rand_1                     0x000001df   Thumb Code     0  libinit2.o(.ARM.Collect$$libinit$$0000000E)
    __rt_lib_init_return                     0x000001df   Thumb Code     0  libinit2.o(.ARM.Collect$$libinit$$00000033)
    __rt_lib_init_signal_1                   0x000001df   Thumb Code     0  libinit2.o(.ARM.Collect$$libinit$$0000001D)
    __rt_lib_init_stdio_1                    0x000001df   Thumb Code     0  libinit2.o(.ARM.Collect$$libinit$$00000025)
    __rt_lib_init_user_alloc_1               0x000001df   Thumb Code     0  libinit2.o(.ARM.Collect$$libinit$$0000000C)
    __rt_lib_shutdown                        0x000001e1   Thumb Code     0  libshutdown.o(.ARM.Collect$$libshutdown$$00000000)
    __rt_lib_shutdown_cpp_1                  0x000001e3   Thumb Code     0  libshutdown2.o(.ARM.Collect$$libshutdown$$00000002)
    __rt_lib_shutdown_fp_trap_1              0x000001e3   Thumb Code     0  libshutdown2.o(.ARM.Collect$$libshutdown$$00000007)
    __rt_lib_shutdown_heap_1                 0x000001e3   Thumb Code     0  libshutdown2.o(.ARM.Collect$$libshutdown$$0000000F)
    __rt_lib_shutdown_return                 0x000001e3   Thumb Code     0  libshutdown2.o(.ARM.Collect$$libshutdown$$00000010)
    __rt_lib_shutdown_signal_1               0x000001e3   Thumb Code     0  libshutdown2.o(.ARM.Collect$$libshutdown$$0000000A)
    __rt_lib_shutdown_stdio_1                0x000001e3   Thumb Code     0  libshutdown2.o(.ARM.Collect$$libshutdown$$00000004)
    __rt_lib_shutdown_user_alloc_1           0x000001e3   Thumb Code     0  libshutdown2.o(.ARM.Collect$$libshutdown$$0000000C)
    __rt_entry                               0x000001e5   Thumb Code     0  __rtentry.o(.ARM.Collect$$rtentry$$00000000)
    __rt_entry_presh_1                       0x000001e5   Thumb Code     0  __rtentry2.o(.ARM.Collect$$rtentry$$00000002)
    __rt_entry_sh                            0x000001e5   Thumb Code     0  __rtentry4.o(.ARM.Collect$$rtentry$$00000004)
    __rt_entry_li                            0x000001eb   Thumb Code     0  __rtentry2.o(.ARM.Collect$$rtentry$$0000000A)
    __rt_entry_postsh_1                      0x000001eb   Thumb Code     0  __rtentry2.o(.ARM.Collect$$rtentry$$00000009)
    __rt_entry_main                          0x000001ef   Thumb Code     0  __rtentry2.o(.ARM.Collect$$rtentry$$0000000D)
    __rt_entry_postli_1                      0x000001ef   Thumb Code     0  __rtentry2.o(.ARM.Collect$$rtentry$$0000000C)
    __rt_exit                                0x000001f7   Thumb Code     0  rtexit.o(.ARM.Collect$$rtexit$$00000000)
    __rt_exit_ls                             0x000001f9   Thumb Code     0  rtexit2.o(.ARM.Collect$$rtexit$$00000003)
    __rt_exit_prels_1                        0x000001f9   Thumb Code     0  rtexit2.o(.ARM.Collect$$rtexit$$00000002)
    __rt_exit_exit                           0x000001fd   Thumb Code     0  rtexit2.o(.ARM.Collect$$rtexit$$00000004)
    Reset_Handler                            0x00000205   Thumb Code     8  startup_lpc54606.o(.text)
    MemManage_Handler                        0x00000211   Thumb Code     2  startup_lpc54606.o(.text)
    BusFault_Handler                         0x00000213   Thumb Code     2  startup_lpc54606.o(.text)
    UsageFault_Handler                       0x00000215   Thumb Code     2  startup_lpc54606.o(.text)
    SVC_Handler                              0x00000217   Thumb Code     2  startup_lpc54606.o(.text)
    DebugMon_Handler                         0x00000219   Thumb Code     2  startup_lpc54606.o(.text)
    PendSV_Handler                           0x0000021b   Thumb Code     2  startup_lpc54606.o(.text)
    SysTick_Handler                          0x0000021d   Thumb Code     2  startup_lpc54606.o(.text)
    WDT_BOD_IRQHandler                       0x0000021f   Thumb Code     4  startup_lpc54606.o(.text)
    DMA0_IRQHandler                          0x00000223   Thumb Code     4  startup_lpc54606.o(.text)
    GINT0_IRQHandler                         0x00000227   Thumb Code     4  startup_lpc54606.o(.text)
    GINT1_IRQHandler                         0x0000022b   Thumb Code     4  startup_lpc54606.o(.text)
    PIN_INT0_IRQHandler                      0x0000022f   Thumb Code     4  startup_lpc54606.o(.text)
    PIN_INT1_IRQHandler                      0x00000233   Thumb Code     4  startup_lpc54606.o(.text)
    PIN_INT2_IRQHandler                      0x00000237   Thumb Code     4  startup_lpc54606.o(.text)
    PIN_INT3_IRQHandler                      0x0000023b   Thumb Code     4  startup_lpc54606.o(.text)
    UTICK0_IRQHandler                        0x0000023f   Thumb Code     4  startup_lpc54606.o(.text)
    MRT0_IRQHandler                          0x00000243   Thumb Code     4  startup_lpc54606.o(.text)
    CTIMER0_IRQHandler                       0x00000247   Thumb Code     4  startup_lpc54606.o(.text)
    CTIMER1_IRQHandler                       0x0000024b   Thumb Code     4  startup_lpc54606.o(.text)
    SCT0_IRQHandler                          0x0000024f   Thumb Code     4  startup_lpc54606.o(.text)
    CTIMER3_IRQHandler                       0x00000253   Thumb Code     4  startup_lpc54606.o(.text)
    FLEXCOMM0_IRQHandler                     0x00000257   Thumb Code     4  startup_lpc54606.o(.text)
    FLEXCOMM1_IRQHandler                     0x0000025b   Thumb Code     4  startup_lpc54606.o(.text)
    FLEXCOMM2_IRQHandler                     0x0000025f   Thumb Code     4  startup_lpc54606.o(.text)
    FLEXCOMM3_IRQHandler                     0x00000263   Thumb Code     4  startup_lpc54606.o(.text)
    FLEXCOMM4_IRQHandler                     0x00000267   Thumb Code     4  startup_lpc54606.o(.text)
    FLEXCOMM5_IRQHandler                     0x0000026b   Thumb Code     4  startup_lpc54606.o(.text)
    FLEXCOMM6_IRQHandler                     0x0000026f   Thumb Code     4  startup_lpc54606.o(.text)
    FLEXCOMM7_IRQHandler                     0x00000273   Thumb Code     4  startup_lpc54606.o(.text)
    ADC0_SEQA_IRQHandler                     0x00000277   Thumb Code     4  startup_lpc54606.o(.text)
    ADC0_SEQB_IRQHandler                     0x0000027b   Thumb Code     4  startup_lpc54606.o(.text)
    ADC0_THCMP_IRQHandler                    0x0000027f   Thumb Code     4  startup_lpc54606.o(.text)
    DMIC0_IRQHandler                         0x00000283   Thumb Code     4  startup_lpc54606.o(.text)
    HWVAD0_IRQHandler                        0x00000287   Thumb Code     4  startup_lpc54606.o(.text)
    USB0_NEEDCLK_IRQHandler                  0x0000028b   Thumb Code     4  startup_lpc54606.o(.text)
    USB0_IRQHandler                          0x0000028f   Thumb Code     4  startup_lpc54606.o(.text)
    RTC_IRQHandler                           0x00000293   Thumb Code     4  startup_lpc54606.o(.text)
    Reserved46_IRQHandler                    0x00000297   Thumb Code     4  startup_lpc54606.o(.text)
    Reserved47_IRQHandler                    0x0000029b   Thumb Code     4  startup_lpc54606.o(.text)
    PIN_INT4_IRQHandler                      0x0000029f   Thumb Code     4  startup_lpc54606.o(.text)
    PIN_INT5_IRQHandler                      0x000002a3   Thumb Code     4  startup_lpc54606.o(.text)
    PIN_INT6_IRQHandler                      0x000002a7   Thumb Code     4  startup_lpc54606.o(.text)
    PIN_INT7_IRQHandler                      0x000002ab   Thumb Code     4  startup_lpc54606.o(.text)
    CTIMER2_IRQHandler                       0x000002af   Thumb Code     4  startup_lpc54606.o(.text)
    CTIMER4_IRQHandler                       0x000002b3   Thumb Code     4  startup_lpc54606.o(.text)
    RIT_IRQHandler                           0x000002b7   Thumb Code     4  startup_lpc54606.o(.text)
    SPIFI0_IRQHandler                        0x000002bb   Thumb Code     4  startup_lpc54606.o(.text)
    FLEXCOMM8_IRQHandler                     0x000002bf   Thumb Code     4  startup_lpc54606.o(.text)
    FLEXCOMM9_IRQHandler                     0x000002c3   Thumb Code     4  startup_lpc54606.o(.text)
    SDIO_IRQHandler                          0x000002c7   Thumb Code     4  startup_lpc54606.o(.text)
    CAN0_IRQ0_IRQHandler                     0x000002cb   Thumb Code     4  startup_lpc54606.o(.text)
    CAN0_IRQ1_IRQHandler                     0x000002cf   Thumb Code     4  startup_lpc54606.o(.text)
    CAN1_IRQ0_IRQHandler                     0x000002d3   Thumb Code     4  startup_lpc54606.o(.text)
    CAN1_IRQ1_IRQHandler                     0x000002d7   Thumb Code     4  startup_lpc54606.o(.text)
    USB1_IRQHandler                          0x000002db   Thumb Code     4  startup_lpc54606.o(.text)
    USB1_NEEDCLK_IRQHandler                  0x000002df   Thumb Code     4  startup_lpc54606.o(.text)
    ETHERNET_IRQHandler                      0x000002e3   Thumb Code     4  startup_lpc54606.o(.text)
    ETHERNET_PMT_IRQHandler                  0x000002e7   Thumb Code     4  startup_lpc54606.o(.text)
    ETHERNET_MACLP_IRQHandler                0x000002eb   Thumb Code     4  startup_lpc54606.o(.text)
    EEPROM_IRQHandler                        0x000002ef   Thumb Code     4  startup_lpc54606.o(.text)
    LCD_IRQHandler                           0x000002f3   Thumb Code     4  startup_lpc54606.o(.text)
    SHA_IRQHandler                           0x000002f7   Thumb Code     4  startup_lpc54606.o(.text)
    SMARTCARD0_IRQHandler                    0x000002fb   Thumb Code     4  startup_lpc54606.o(.text)
    SMARTCARD1_IRQHandler                    0x000002ff   Thumb Code     4  startup_lpc54606.o(.text)
    ADC0_SEQA_DriverIRQHandler               0x00000303   Thumb Code     0  startup_lpc54606.o(.text)
    ADC0_SEQB_DriverIRQHandler               0x00000303   Thumb Code     0  startup_lpc54606.o(.text)
    ADC0_THCMP_DriverIRQHandler              0x00000303   Thumb Code     0  startup_lpc54606.o(.text)
    CAN0_IRQ0_DriverIRQHandler               0x00000303   Thumb Code     0  startup_lpc54606.o(.text)
    CAN0_IRQ1_DriverIRQHandler               0x00000303   Thumb Code     0  startup_lpc54606.o(.text)
    CAN1_IRQ0_DriverIRQHandler               0x00000303   Thumb Code     0  startup_lpc54606.o(.text)
    CAN1_IRQ1_DriverIRQHandler               0x00000303   Thumb Code     0  startup_lpc54606.o(.text)
    CTIMER0_DriverIRQHandler                 0x00000303   Thumb Code     0  startup_lpc54606.o(.text)
    CTIMER1_DriverIRQHandler                 0x00000303   Thumb Code     0  startup_lpc54606.o(.text)
    CTIMER2_DriverIRQHandler                 0x00000303   Thumb Code     0  startup_lpc54606.o(.text)
    CTIMER3_DriverIRQHandler                 0x00000303   Thumb Code     0  startup_lpc54606.o(.text)
    CTIMER4_DriverIRQHandler                 0x00000303   Thumb Code     0  startup_lpc54606.o(.text)
    DMIC0_DriverIRQHandler                   0x00000303   Thumb Code     0  startup_lpc54606.o(.text)
    EEPROM_DriverIRQHandler                  0x00000303   Thumb Code     0  startup_lpc54606.o(.text)
    ETHERNET_DriverIRQHandler                0x00000303   Thumb Code     0  startup_lpc54606.o(.text)
    ETHERNET_MACLP_DriverIRQHandler          0x00000303   Thumb Code     0  startup_lpc54606.o(.text)
    ETHERNET_PMT_DriverIRQHandler            0x00000303   Thumb Code     0  startup_lpc54606.o(.text)
    FLEXCOMM1_DriverIRQHandler               0x00000303   Thumb Code     0  startup_lpc54606.o(.text)
    FLEXCOMM2_DriverIRQHandler               0x00000303   Thumb Code     0  startup_lpc54606.o(.text)
    FLEXCOMM3_DriverIRQHandler               0x00000303   Thumb Code     0  startup_lpc54606.o(.text)
    FLEXCOMM4_DriverIRQHandler               0x00000303   Thumb Code     0  startup_lpc54606.o(.text)
    FLEXCOMM6_DriverIRQHandler               0x00000303   Thumb Code     0  startup_lpc54606.o(.text)
    FLEXCOMM7_DriverIRQHandler               0x00000303   Thumb Code     0  startup_lpc54606.o(.text)
    FLEXCOMM8_DriverIRQHandler               0x00000303   Thumb Code     0  startup_lpc54606.o(.text)
    FLEXCOMM9_DriverIRQHandler               0x00000303   Thumb Code     0  startup_lpc54606.o(.text)
    GINT1_DriverIRQHandler                   0x00000303   Thumb Code     0  startup_lpc54606.o(.text)
    HWVAD0_DriverIRQHandler                  0x00000303   Thumb Code     0  startup_lpc54606.o(.text)
    LCD_DriverIRQHandler                     0x00000303   Thumb Code     0  startup_lpc54606.o(.text)
    PIN_INT0_DriverIRQHandler                0x00000303   Thumb Code     0  startup_lpc54606.o(.text)
    PIN_INT1_DriverIRQHandler                0x00000303   Thumb Code     0  startup_lpc54606.o(.text)
    PIN_INT2_DriverIRQHandler                0x00000303   Thumb Code     0  startup_lpc54606.o(.text)
    PIN_INT3_DriverIRQHandler                0x00000303   Thumb Code     0  startup_lpc54606.o(.text)
    PIN_INT4_DriverIRQHandler                0x00000303   Thumb Code     0  startup_lpc54606.o(.text)
    PIN_INT5_DriverIRQHandler                0x00000303   Thumb Code     0  startup_lpc54606.o(.text)
    PIN_INT6_DriverIRQHandler                0x00000303   Thumb Code     0  startup_lpc54606.o(.text)
    RTC_DriverIRQHandler                     0x00000303   Thumb Code     0  startup_lpc54606.o(.text)
    Reserved46_DriverIRQHandler              0x00000303   Thumb Code     0  startup_lpc54606.o(.text)
    Reserved47_DriverIRQHandler              0x00000303   Thumb Code     0  startup_lpc54606.o(.text)
    SCT0_DriverIRQHandler                    0x00000303   Thumb Code     0  startup_lpc54606.o(.text)
    SDIO_DriverIRQHandler                    0x00000303   Thumb Code     0  startup_lpc54606.o(.text)
    SHA_DriverIRQHandler                     0x00000303   Thumb Code     0  startup_lpc54606.o(.text)
    SMARTCARD0_DriverIRQHandler              0x00000303   Thumb Code     0  startup_lpc54606.o(.text)
    SMARTCARD1_DriverIRQHandler              0x00000303   Thumb Code     0  startup_lpc54606.o(.text)
    SPIFI0_DriverIRQHandler                  0x00000303   Thumb Code     0  startup_lpc54606.o(.text)
    USB0_DriverIRQHandler                    0x00000303   Thumb Code     0  startup_lpc54606.o(.text)
    USB0_NEEDCLK_DriverIRQHandler            0x00000303   Thumb Code     0  startup_lpc54606.o(.text)
    USB1_DriverIRQHandler                    0x00000303   Thumb Code     0  startup_lpc54606.o(.text)
    USB1_NEEDCLK_DriverIRQHandler            0x00000303   Thumb Code     0  startup_lpc54606.o(.text)
    UTICK0_DriverIRQHandler                  0x00000303   Thumb Code     0  startup_lpc54606.o(.text)
    WDT_BOD_DriverIRQHandler                 0x00000303   Thumb Code     0  startup_lpc54606.o(.text)
    __user_initial_stackheap                 0x00000305   Thumb Code     0  startup_lpc54606.o(.text)
    __aeabi_ldivmod                          0x0000040d   Thumb Code     0  llsdiv.o(.text)
    _ll_sdiv                                 0x0000040d   Thumb Code    72  llsdiv.o(.text)
    __use_two_region_memory                  0x00000455   Thumb Code     2  heapauxi.o(.text)
    __rt_heap_escrow$2region                 0x00000457   Thumb Code     2  heapauxi.o(.text)
    __rt_heap_expand$2region                 0x00000459   Thumb Code     2  heapauxi.o(.text)
    __aeabi_uldivmod                         0x0000045b   Thumb Code     0  lludivv7m.o(.text)
    _ll_udiv                                 0x0000045b   Thumb Code   238  lludivv7m.o(.text)
    __read_errno                             0x00000549   Thumb Code    10  _rserrno.o(.text)
    __set_errno                              0x00000553   Thumb Code    12  _rserrno.o(.text)
    __aeabi_errno_addr                       0x00000561   Thumb Code     8  rt_errno_addr_intlibspace.o(.text)
    __errno$intlibspace                      0x00000561   Thumb Code     0  rt_errno_addr_intlibspace.o(.text)
    __rt_errno_addr$intlibspace              0x00000561   Thumb Code     0  rt_errno_addr_intlibspace.o(.text)
    __user_libspace                          0x00000569   Thumb Code     8  libspace.o(.text)
    __user_perproc_libspace                  0x00000569   Thumb Code     0  libspace.o(.text)
    __user_perthread_libspace                0x00000569   Thumb Code     0  libspace.o(.text)
    __user_setup_stackheap                   0x00000571   Thumb Code    74  sys_stackheap_outer.o(.text)
    exit                                     0x000005bb   Thumb Code    18  exit.o(.text)
    _sys_exit                                0x000005cd   Thumb Code     8  sys_exit.o(.text)
    __I$use$semihosting                      0x000005d9   Thumb Code     0  use_no_semi.o(.text)
    __use_no_semihosting_swi                 0x000005d9   Thumb Code     2  use_no_semi.o(.text)
    __semihosting_library_function           0x000005db   Thumb Code     0  indicate_semi.o(.text)
    DMA0_DriverIRQHandler                    0x000005dd   Thumb Code    18  isr.o(i.DMA0_DriverIRQHandler)
    Direct_control                           0x000005f5   Thumb Code   134  angle_control.o(i.Direct_control)
    FLEXCOMM0_DriverIRQHandler               0x00000699   Thumb Code    50  isr.o(i.FLEXCOMM0_DriverIRQHandler)
    FLEXCOMM5_DriverIRQHandler               0x000006d1   Thumb Code    58  isr.o(i.FLEXCOMM5_DriverIRQHandler)
    Find_Blackline                           0x00000711   Thumb Code   948  img_data_deal.o(i.Find_Blackline)
    GINT0_DriverIRQHandler                   0x00000ae9   Thumb Code    24  isr.o(i.GINT0_DriverIRQHandler)
    Get_Weighted_Average                     0x00000b05   Thumb Code   256  img_data_deal.o(i.Get_Weighted_Average)
    HardFault_Handler                        0x00000c29   Thumb Code     4  system_lpc54606.o(i.HardFault_Handler)
    MRT0_DriverIRQHandler                    0x00000c2d   Thumb Code   106  isr.o(i.MRT0_DriverIRQHandler)
    M_divider                                0x00000ca1   Thumb Code    96  lpc546xx_pll.o(i.M_divider)
    Motor_Init                               0x00000d0d   Thumb Code    52  mycode.o(i.Motor_Init)
    Motor_PID_Control                        0x00000d41   Thumb Code   192  mycode.o(i.Motor_PID_Control)
    Motor_PWM                                0x00000e19   Thumb Code    48  mycode.o(i.Motor_PWM)
    Motor_Read                               0x00000e49   Thumb Code    70  mycode.o(i.Motor_Read)
    Motor_limit                              0x00000e99   Thumb Code    20  mycode.o(i.Motor_limit)
    NMI_Handler                              0x00000eb1   Thumb Code     2  system_lpc54606.o(i.NMI_Handler)
    N_divider                                0x00000f51   Thumb Code   106  lpc546xx_pll.o(i.N_divider)
    PID_Check                                0x00000fc1   Thumb Code   240  mycode.o(i.PID_Check)
    PID_Inc                                  0x000010d5   Thumb Code    58  pid.o(i.PID_Inc)
    PID_Loc                                  0x0000110f   Thumb Code    54  pid.o(i.PID_Loc)
    PIN_INT7_DriverIRQHandler                0x00001145   Thumb Code     8  isr.o(i.PIN_INT7_DriverIRQHandler)
    P_divider                                0x0000114d   Thumb Code    94  lpc546xx_pll.o(i.P_divider)
    RIT_DriverIRQHandler                     0x000011b1   Thumb Code    28  isr.o(i.RIT_DriverIRQHandler)
    SystemInit                               0x000011d1   Thumb Code    64  system_lpc54606.o(i.SystemInit)
    __ARM_fpclassify                         0x00001225   Thumb Code    48  fpclassify.o(i.__ARM_fpclassify)
    __hardfp_fmin                            0x00001255   Thumb Code   116  fmin.o(i.__hardfp_fmin)
    __hardfp_pow                             0x000012c9   Thumb Code  3072  pow.o(i.__hardfp_pow)
    __kernel_poly                            0x00001f19   Thumb Code   248  poly.o(i.__kernel_poly)
    __mathlib_dbl_divzero                    0x00002011   Thumb Code    28  dunder.o(i.__mathlib_dbl_divzero)
    __mathlib_dbl_infnan2                    0x00002041   Thumb Code    20  dunder.o(i.__mathlib_dbl_infnan2)
    __mathlib_dbl_invalid                    0x00002059   Thumb Code    24  dunder.o(i.__mathlib_dbl_invalid)
    __mathlib_dbl_overflow                   0x00002079   Thumb Code    24  dunder.o(i.__mathlib_dbl_overflow)
    __mathlib_dbl_underflow                  0x00002099   Thumb Code    24  dunder.o(i.__mathlib_dbl_underflow)
    camera_init                              0x000020b9   Thumb Code   216  seekfree_mt9v032.o(i.camera_init)
    ctimer_clock                             0x000021a5   Thumb Code   110  lpc546xx_ctimer.o(i.ctimer_clock)
    ctimer_count_clean                       0x0000221d   Thumb Code    24  lpc546xx_ctimer.o(i.ctimer_count_clean)
    ctimer_count_init                        0x00002239   Thumb Code   162  lpc546xx_ctimer.o(i.ctimer_count_init)
    ctimer_count_read                        0x000022e1   Thumb Code    22  lpc546xx_ctimer.o(i.ctimer_count_read)
    ctimer_countmux                          0x000022fd   Thumb Code   398  lpc546xx_ctimer.o(i.ctimer_countmux)
    ctimer_pwm_duty                          0x0000248d   Thumb Code   150  lpc546xx_ctimer.o(i.ctimer_pwm_duty)
    ctimer_pwm_init                          0x00002531   Thumb Code   378  lpc546xx_ctimer.o(i.ctimer_pwm_init)
    ctimer_pwmmux                            0x000026bd   Thumb Code   494  lpc546xx_ctimer.o(i.ctimer_pwmmux)
    dam_init_linked                          0x000028ad   Thumb Code   268  lpc546xx_dma.o(i.dam_init_linked)
    dsp_single_colour                        0x00002a35   Thumb Code    48  seekfree_18tft.o(i.dsp_single_colour)
    fabs                                     0x00002a65   Thumb Code    24  fabs.o(i.fabs)
    flexcomm_clk_enable                      0x00002ad9   Thumb Code   186  lpc546xx_flexcomm.o(i.flexcomm_clk_enable)
    flexcomm_get_clk                         0x00002ba9   Thumb Code     6  lpc546xx_flexcomm.o(i.flexcomm_get_clk)
    flexcomm_irq                             0x00002bb5   Thumb Code    56  lpc546xx_flexcomm.o(i.flexcomm_irq)
    get_clk                                  0x00002bed   Thumb Code    84  lpc546xx_pll.o(i.get_clk)
    get_config                               0x00002c49   Thumb Code    96  seekfree_mt9v032.o(i.get_config)
    gpio_get                                 0x00002cb5   Thumb Code    18  lpc546xx_gpio.o(i.gpio_get)
    gpio_init                                0x00002ccd   Thumb Code   182  lpc546xx_gpio.o(i.gpio_init)
    gpio_set                                 0x00002d95   Thumb Code    42  lpc546xx_gpio.o(i.gpio_set)
    img_change_char                          0x00002dc5   Thumb Code    60  img_data_deal.o(i.img_change_char)
    iocon_init                               0x00002e09   Thumb Code    34  lpc546xx_iocon.o(i.iocon_init)
    lcd_displayimage032                      0x00002e35   Thumb Code   220  seekfree_18tft.o(i.lcd_displayimage032)
    lcd_drawpoint                            0x00002f11   Thumb Code    28  seekfree_18tft.o(i.lcd_drawpoint)
    lcd_init                                 0x00002f2d   Thumb Code   680  seekfree_18tft.o(i.lcd_init)
    lcd_setregion                            0x000031d9   Thumb Code    90  seekfree_18tft.o(i.lcd_setregion)
    lcd_writeData                            0x00003233   Thumb Code    32  seekfree_18tft.o(i.lcd_writeData)
    lcd_writeIndex                           0x00003253   Thumb Code    32  seekfree_18tft.o(i.lcd_writeIndex)
    lcd_writedata_16bit                      0x00003273   Thumb Code    46  seekfree_18tft.o(i.lcd_writedata_16bit)
    main                                     0x000032a1   Thumb Code   268  main.o(i.main)
    mrt_get                                  0x000033d1   Thumb Code    18  lpc546xx_mrt.o(i.mrt_get)
    mrt_start                                0x000033e9   Thumb Code    36  lpc546xx_mrt.o(i.mrt_start)
    mt9v032_cof_uart_interrupt               0x00003415   Thumb Code    68  seekfree_mt9v032.o(i.mt9v032_cof_uart_interrupt)
    mt9v032_dma                              0x00003465   Thumb Code    30  seekfree_mt9v032.o(i.mt9v032_dma)
    mt9v032_vsync                            0x0000348d   Thumb Code    46  seekfree_mt9v032.o(i.mt9v032_vsync)
    myabs                                    0x000034cd   Thumb Code    14  seekfree_fun.o(i.myabs)
    otsuThreshold                            0x000034dd   Thumb Code   602  img_data_deal.o(i.otsuThreshold)
    pint_disable_irq                         0x00003745   Thumb Code    30  lpc546xx_pint.o(i.pint_disable_irq)
    pint_enable_irq                          0x00003763   Thumb Code    30  lpc546xx_pint.o(i.pint_enable_irq)
    pint_init                                0x00003781   Thumb Code   242  lpc546xx_pint.o(i.pint_init)
    pit_init                                 0x0000387d   Thumb Code    50  lpc546xx_pit.o(i.pit_init)
    pll_init                                 0x000039bd   Thumb Code   112  lpc546xx_pll.o(i.pll_init)
    sct_camera_dma                           0x00003a45   Thumb Code   148  lpc546xx_sct.o(i.sct_camera_dma)
    sct_input_mux                            0x00003ae9   Thumb Code   458  lpc546xx_sct.o(i.sct_input_mux)
    sct_start                                0x00003cbd   Thumb Code    24  lpc546xx_sct.o(i.sct_start)
    spi_init                                 0x00003cd9   Thumb Code   194  lpc546xx_spi.o(i.spi_init)
    spi_mosi                                 0x00003da1   Thumb Code   302  lpc546xx_spi.o(i.spi_mosi)
    spi_mux                                  0x00003ed5   Thumb Code  1278  lpc546xx_spi.o(i.spi_mux)
    sqrt                                     0x000043d3   Thumb Code   110  sqrt.o(i.sqrt)
    systick_delay                            0x00004441   Thumb Code    44  lpc546xx_systick.o(i.systick_delay)
    systick_delay_ms                         0x0000446d   Thumb Code    32  lpc546xx_systick.o(i.systick_delay_ms)
    uart_init                                0x00004491   Thumb Code   268  lpc546xx_uart.o(i.uart_init)
    uart_mux                                 0x000045a1   Thumb Code   552  lpc546xx_uart.o(i.uart_mux)
    uart_putbuff                             0x000047c9   Thumb Code    30  lpc546xx_uart.o(i.uart_putbuff)
    uart_putchar                             0x000047e9   Thumb Code    32  lpc546xx_uart.o(i.uart_putchar)
    uart_query                               0x0000480d   Thumb Code    38  lpc546xx_uart.o(i.uart_query)
    uart_rx_irq                              0x00004839   Thumb Code   116  lpc546xx_uart.o(i.uart_rx_irq)
    uart_write                               0x000048b1   Thumb Code   108  mycode.o(i.uart_write)
    write_syspllctrl                         0x00004925   Thumb Code   120  lpc546xx_pll.o(i.write_syspllctrl)
    __aeabi_dneg                             0x000049a1   Thumb Code     0  basic.o(x$fpl$basic)
    _dneg                                    0x000049a1   Thumb Code     6  basic.o(x$fpl$basic)
    __aeabi_fneg                             0x000049a7   Thumb Code     0  basic.o(x$fpl$basic)
    _fneg                                    0x000049a7   Thumb Code     6  basic.o(x$fpl$basic)
    _dabs                                    0x000049ad   Thumb Code     6  basic.o(x$fpl$basic)
    _fabs                                    0x000049b3   Thumb Code     6  basic.o(x$fpl$basic)
    __aeabi_d2f                              0x000049b9   Thumb Code     0  d2f.o(x$fpl$d2f)
    _d2f                                     0x000049b9   Thumb Code    98  d2f.o(x$fpl$d2f)
    __aeabi_dadd                             0x00004a1d   Thumb Code     0  daddsub_clz.o(x$fpl$dadd)
    _dadd                                    0x00004a1d   Thumb Code   332  daddsub_clz.o(x$fpl$dadd)
    __fpl_dcheck_NaN1                        0x00004b6d   Thumb Code    10  dcheck1.o(x$fpl$dcheck1)
    __dcmp4                                  0x00004b7d   Thumb Code    98  dcmp4.o(x$fpl$dcmp4)
    __ARM_dcmp4                              0x00004bdf   Thumb Code     0  dcmp4.o(x$fpl$dcmp4)
    _dcmp4                                   0x00004bdf   Thumb Code    60  dcmp4.o(x$fpl$dcmp4)
    __dcmp4e                                 0x00004c1b   Thumb Code    98  dcmp4.o(x$fpl$dcmp4)
    __ARM_dcmp4e                             0x00004c7d   Thumb Code     0  dcmp4.o(x$fpl$dcmp4)
    _dcmp4e                                  0x00004c7d   Thumb Code    54  dcmp4.o(x$fpl$dcmp4)
    __fpl_dcmp_Inf                           0x00004cb3   Thumb Code    24  dcmpi.o(x$fpl$dcmpinf)
    __aeabi_ddiv                             0x00004ccd   Thumb Code     0  ddiv.o(x$fpl$ddiv)
    _ddiv                                    0x00004ccd   Thumb Code   552  ddiv.o(x$fpl$ddiv)
    __aeabi_d2uiz                            0x00004f7d   Thumb Code     0  dfixu.o(x$fpl$dfixu)
    _dfixu                                   0x00004f7d   Thumb Code    90  dfixu.o(x$fpl$dfixu)
    __aeabi_i2d                              0x00004fd7   Thumb Code     0  dflt_clz.o(x$fpl$dflt)
    _dflt                                    0x00004fd7   Thumb Code    46  dflt_clz.o(x$fpl$dflt)
    __aeabi_ui2d                             0x00005005   Thumb Code     0  dflt_clz.o(x$fpl$dfltu)
    _dfltu                                   0x00005005   Thumb Code    38  dflt_clz.o(x$fpl$dfltu)
    __aeabi_cdcmple                          0x0000502d   Thumb Code     0  dleqf.o(x$fpl$dleqf)
    _dcmple                                  0x0000502d   Thumb Code   120  dleqf.o(x$fpl$dleqf)
    __fpl_dcmple_InfNaN                      0x0000508f   Thumb Code     0  dleqf.o(x$fpl$dleqf)
    __aeabi_dmul                             0x000050a5   Thumb Code     0  dmul.o(x$fpl$dmul)
    _dmul                                    0x000050a5   Thumb Code   332  dmul.o(x$fpl$dmul)
    __fpl_dnaninf                            0x000051f9   Thumb Code   156  dnaninf.o(x$fpl$dnaninf)
    __fpl_dretinf                            0x00005295   Thumb Code    12  dretinf.o(x$fpl$dretinf)
    __aeabi_cdrcmple                         0x000052a1   Thumb Code     0  drleqf.o(x$fpl$drleqf)
    _drcmple                                 0x000052a1   Thumb Code   108  drleqf.o(x$fpl$drleqf)
    __aeabi_drsub                            0x0000530d   Thumb Code     0  daddsub_clz.o(x$fpl$drsb)
    _drsb                                    0x0000530d   Thumb Code    22  daddsub_clz.o(x$fpl$drsb)
    _dsqrt                                   0x00005325   Thumb Code   404  dsqrt_umaal.o(x$fpl$dsqrt)
    __aeabi_dsub                             0x000054bd   Thumb Code     0  daddsub_clz.o(x$fpl$dsub)
    _dsub                                    0x000054bd   Thumb Code   464  daddsub_clz.o(x$fpl$dsub)
    __aeabi_f2d                              0x00005691   Thumb Code     0  f2d.o(x$fpl$f2d)
    _f2d                                     0x00005691   Thumb Code    86  f2d.o(x$fpl$f2d)
    __fpl_fnaninf                            0x000056e7   Thumb Code   140  fnaninf.o(x$fpl$fnaninf)
    _fp_init                                 0x00005773   Thumb Code    10  fpinit.o(x$fpl$fpinit)
    __fplib_config_fpu_vfp                   0x0000577b   Thumb Code     0  fpinit.o(x$fpl$fpinit)
    __fplib_config_pureend_doubles           0x0000577b   Thumb Code     0  fpinit.o(x$fpl$fpinit)
    __fpl_fretinf                            0x0000577d   Thumb Code    10  fretinf.o(x$fpl$fretinf)
    __fpl_return_NaN                         0x00005787   Thumb Code   100  retnan.o(x$fpl$retnan)
    __ARM_scalbn                             0x000057eb   Thumb Code    92  scalbn.o(x$fpl$scalbn)
    __fpl_cmpreturn                          0x00005847   Thumb Code    48  trapv.o(x$fpl$trapveneer)
    __I$use$fp                               0x00005876   Number         0  usenofp.o(x$fpl$usenofp)
    period_ch                                0x00005878   Data          20  lpc546xx_ctimer.o(.constdata)
    duty_max                                 0x0000588c   Data          20  lpc546xx_ctimer.o(.constdata)
    __mathlib_zero                           0x00005928   Data           8  qnan.o(.constdata)
    Region$$Table$$Base                      0x00005930   Number         0  anon$$obj.o(Region$$Table)
    Region$$Table$$Limit                     0x00005950   Number         0  anon$$obj.o(Region$$Table)
    TIMERN                                   0x20000000   Data          20  lpc546xx_ctimer.o(.data)
    FLEXCOMMN                                0x20000014   Data          40  lpc546xx_flexcomm.o(.data)
    main_clk_mhz                             0x2000003c   Data           2  lpc546xx_pll.o(.data)
    SPIN                                     0x20000040   Data          40  lpc546xx_spi.o(.data)
    UARTN                                    0x20000068   Data          40  lpc546xx_uart.o(.data)
    tt                                       0x20000090   Data           4  isr.o(.data)
    receive                                  0x20000094   Data           3  seekfree_mt9v032.o(.data)
    receive_num                              0x20000097   Data           1  seekfree_mt9v032.o(.data)
    uart_receive_flag                        0x20000098   Data           1  seekfree_mt9v032.o(.data)
    MT9V032_CFG                              0x2000009a   Data          36  seekfree_mt9v032.o(.data)
    GET_CFG                                  0x200000be   Data          32  seekfree_mt9v032.o(.data)
    mt9v032_finish_flag                      0x200000de   Data           1  seekfree_mt9v032.o(.data)
    mid_value                                0x200000e0   Data           8  angle_control.o(.data)
    last_mid_value                           0x200000e8   Data           8  angle_control.o(.data)
    Dir_out                                  0x200000f0   Data           8  angle_control.o(.data)
    image_threshold                          0x200000f8   Data           1  img_data_deal.o(.data)
    middle_value                             0x200000fc   Data           4  img_data_deal.o(.data)
    One_flag                                 0x20000100   Data           1  img_data_deal.o(.data)
    Speed_L_New                              0x20000104   Data           1  mycode.o(.data)
    Speed_R_New                              0x20000105   Data           1  mycode.o(.data)
    PWM_out_R                                0x20000108   Data           4  mycode.o(.data)
    PWM_out_L                                0x2000010c   Data           4  mycode.o(.data)
    target_value                             0x20000110   Data           4  mycode.o(.data)
    count                                    0x20000114   Data           4  mycode.o(.data)
    inc_time                                 0x20000118   Data           4  mycode.o(.data)
    dec_time                                 0x2000011c   Data           4  mycode.o(.data)
    flag_1                                   0x20000120   Data           4  mycode.o(.data)
    flag_2                                   0x20000124   Data           4  mycode.o(.data)
    max                                      0x20000128   Data           4  mycode.o(.data)
    min                                      0x2000012c   Data           4  mycode.o(.data)
    ANGLE_PID                                0x20000134   Data          28  pid.o(.data)
    MOTOR_PID                                0x20000150   Data          24  pid.o(.data)
    s_dma_descriptor_table                   0x20000200   Data         480  lpc546xx_dma.o(.bss)
    image                                    0x200003e0   Data       22560  seekfree_mt9v032.o(.bss)
    image3                                   0x20005c00   Data       22560  img_data_deal.o(.bss)
    Right_Blackline                          0x2000b420   Data         120  img_data_deal.o(.bss)
    Left_Blackline                           0x2000b498   Data         120  img_data_deal.o(.bss)
    Right_Blackline_Save                     0x2000b510   Data         120  img_data_deal.o(.bss)
    Left_Blackline_Save                      0x2000b588   Data         120  img_data_deal.o(.bss)
    Middle_line                              0x2000b600   Data         120  img_data_deal.o(.bss)
    row_error                                0x2000b678   Data          20  img_data_deal.o(.bss)
    __libspace_start                         0x2000b68c   Data          96  libspace.o(.bss)
    __temporary_stack_top$libspace           0x2000b6ec   Data           0  libspace.o(.bss)



==============================================================================

Memory Map of the image

  Image Entry point : 0x00000125

  Load Region LR_IROM1 (Base: 0x00000000, Size: 0x00005ab8, Max: 0x00080000, ABSOLUTE, COMPRESSED[0x000059d4])

    Execution Region ER_IROM1 (Exec base: 0x00000000, Load base: 0x00000000, Size: 0x00005950, Max: 0x00080000, ABSOLUTE)

    Exec Addr    Load Addr    Size         Type   Attr      Idx    E Section Name        Object

    0x00000000   0x00000000   0x00000124   Data   RO            3    RESET               startup_lpc54606.o
    0x00000124   0x00000124   0x00000008   Code   RO         2368  * !!!main             c_w.l(__main.o)
    0x0000012c   0x0000012c   0x00000034   Code   RO         2718    !!!scatter          c_w.l(__scatter.o)
    0x00000160   0x00000160   0x0000005a   Code   RO         2716    !!dczerorl2         c_w.l(__dczerorl2.o)
    0x000001ba   0x000001ba   0x00000002   PAD
    0x000001bc   0x000001bc   0x0000001c   Code   RO         2720    !!handler_zi        c_w.l(__scatter_zi.o)
    0x000001d8   0x000001d8   0x00000002   Code   RO         2581    .ARM.Collect$$libinit$$00000000  c_w.l(libinit.o)
    0x000001da   0x000001da   0x00000004   Code   RO         2582    .ARM.Collect$$libinit$$00000001  c_w.l(libinit2.o)
    0x000001de   0x000001de   0x00000000   Code   RO         2585    .ARM.Collect$$libinit$$00000004  c_w.l(libinit2.o)
    0x000001de   0x000001de   0x00000000   Code   RO         2588    .ARM.Collect$$libinit$$0000000A  c_w.l(libinit2.o)
    0x000001de   0x000001de   0x00000000   Code   RO         2590    .ARM.Collect$$libinit$$0000000C  c_w.l(libinit2.o)
    0x000001de   0x000001de   0x00000000   Code   RO         2592    .ARM.Collect$$libinit$$0000000E  c_w.l(libinit2.o)
    0x000001de   0x000001de   0x00000000   Code   RO         2595    .ARM.Collect$$libinit$$00000011  c_w.l(libinit2.o)
    0x000001de   0x000001de   0x00000000   Code   RO         2597    .ARM.Collect$$libinit$$00000013  c_w.l(libinit2.o)
    0x000001de   0x000001de   0x00000000   Code   RO         2599    .ARM.Collect$$libinit$$00000015  c_w.l(libinit2.o)
    0x000001de   0x000001de   0x00000000   Code   RO         2601    .ARM.Collect$$libinit$$00000017  c_w.l(libinit2.o)
    0x000001de   0x000001de   0x00000000   Code   RO         2603    .ARM.Collect$$libinit$$00000019  c_w.l(libinit2.o)
    0x000001de   0x000001de   0x00000000   Code   RO         2605    .ARM.Collect$$libinit$$0000001B  c_w.l(libinit2.o)
    0x000001de   0x000001de   0x00000000   Code   RO         2607    .ARM.Collect$$libinit$$0000001D  c_w.l(libinit2.o)
    0x000001de   0x000001de   0x00000000   Code   RO         2609    .ARM.Collect$$libinit$$0000001F  c_w.l(libinit2.o)
    0x000001de   0x000001de   0x00000000   Code   RO         2611    .ARM.Collect$$libinit$$00000021  c_w.l(libinit2.o)
    0x000001de   0x000001de   0x00000000   Code   RO         2613    .ARM.Collect$$libinit$$00000023  c_w.l(libinit2.o)
    0x000001de   0x000001de   0x00000000   Code   RO         2615    .ARM.Collect$$libinit$$00000025  c_w.l(libinit2.o)
    0x000001de   0x000001de   0x00000000   Code   RO         2619    .ARM.Collect$$libinit$$0000002C  c_w.l(libinit2.o)
    0x000001de   0x000001de   0x00000000   Code   RO         2621    .ARM.Collect$$libinit$$0000002E  c_w.l(libinit2.o)
    0x000001de   0x000001de   0x00000000   Code   RO         2623    .ARM.Collect$$libinit$$00000030  c_w.l(libinit2.o)
    0x000001de   0x000001de   0x00000000   Code   RO         2625    .ARM.Collect$$libinit$$00000032  c_w.l(libinit2.o)
    0x000001de   0x000001de   0x00000002   Code   RO         2626    .ARM.Collect$$libinit$$00000033  c_w.l(libinit2.o)
    0x000001e0   0x000001e0   0x00000002   Code   RO         2674    .ARM.Collect$$libshutdown$$00000000  c_w.l(libshutdown.o)
    0x000001e2   0x000001e2   0x00000000   Code   RO         2685    .ARM.Collect$$libshutdown$$00000002  c_w.l(libshutdown2.o)
    0x000001e2   0x000001e2   0x00000000   Code   RO         2687    .ARM.Collect$$libshutdown$$00000004  c_w.l(libshutdown2.o)
    0x000001e2   0x000001e2   0x00000000   Code   RO         2690    .ARM.Collect$$libshutdown$$00000007  c_w.l(libshutdown2.o)
    0x000001e2   0x000001e2   0x00000000   Code   RO         2693    .ARM.Collect$$libshutdown$$0000000A  c_w.l(libshutdown2.o)
    0x000001e2   0x000001e2   0x00000000   Code   RO         2695    .ARM.Collect$$libshutdown$$0000000C  c_w.l(libshutdown2.o)
    0x000001e2   0x000001e2   0x00000000   Code   RO         2698    .ARM.Collect$$libshutdown$$0000000F  c_w.l(libshutdown2.o)
    0x000001e2   0x000001e2   0x00000002   Code   RO         2699    .ARM.Collect$$libshutdown$$00000010  c_w.l(libshutdown2.o)
    0x000001e4   0x000001e4   0x00000000   Code   RO         2422    .ARM.Collect$$rtentry$$00000000  c_w.l(__rtentry.o)
    0x000001e4   0x000001e4   0x00000000   Code   RO         2497    .ARM.Collect$$rtentry$$00000002  c_w.l(__rtentry2.o)
    0x000001e4   0x000001e4   0x00000006   Code   RO         2509    .ARM.Collect$$rtentry$$00000004  c_w.l(__rtentry4.o)
    0x000001ea   0x000001ea   0x00000000   Code   RO         2499    .ARM.Collect$$rtentry$$00000009  c_w.l(__rtentry2.o)
    0x000001ea   0x000001ea   0x00000004   Code   RO         2500    .ARM.Collect$$rtentry$$0000000A  c_w.l(__rtentry2.o)
    0x000001ee   0x000001ee   0x00000000   Code   RO         2502    .ARM.Collect$$rtentry$$0000000C  c_w.l(__rtentry2.o)
    0x000001ee   0x000001ee   0x00000008   Code   RO         2503    .ARM.Collect$$rtentry$$0000000D  c_w.l(__rtentry2.o)
    0x000001f6   0x000001f6   0x00000002   Code   RO         2629    .ARM.Collect$$rtexit$$00000000  c_w.l(rtexit.o)
    0x000001f8   0x000001f8   0x00000000   Code   RO         2642    .ARM.Collect$$rtexit$$00000002  c_w.l(rtexit2.o)
    0x000001f8   0x000001f8   0x00000004   Code   RO         2643    .ARM.Collect$$rtexit$$00000003  c_w.l(rtexit2.o)
    0x000001fc   0x000001fc   0x00000006   Code   RO         2644    .ARM.Collect$$rtexit$$00000004  c_w.l(rtexit2.o)
    0x00000202   0x00000202   0x00000002   PAD
    0x00000204   0x00000204   0x00000208   Code   RO            4    .text               startup_lpc54606.o
    0x0000040c   0x0000040c   0x00000048   Code   RO         2331    .text               c_w.l(llsdiv.o)
    0x00000454   0x00000454   0x00000006   Code   RO         2366    .text               c_w.l(heapauxi.o)
    0x0000045a   0x0000045a   0x000000ee   Code   RO         2423    .text               c_w.l(lludivv7m.o)
    0x00000548   0x00000548   0x00000016   Code   RO         2425    .text               c_w.l(_rserrno.o)
    0x0000055e   0x0000055e   0x00000002   PAD
    0x00000560   0x00000560   0x00000008   Code   RO         2523    .text               c_w.l(rt_errno_addr_intlibspace.o)
    0x00000568   0x00000568   0x00000008   Code   RO         2565    .text               c_w.l(libspace.o)
    0x00000570   0x00000570   0x0000004a   Code   RO         2568    .text               c_w.l(sys_stackheap_outer.o)
    0x000005ba   0x000005ba   0x00000012   Code   RO         2572    .text               c_w.l(exit.o)
    0x000005cc   0x000005cc   0x0000000c   Code   RO         2660    .text               c_w.l(sys_exit.o)
    0x000005d8   0x000005d8   0x00000002   Code   RO         2677    .text               c_w.l(use_no_semi.o)
    0x000005da   0x000005da   0x00000000   Code   RO         2679    .text               c_w.l(indicate_semi.o)
    0x000005da   0x000005da   0x00000002   PAD
    0x000005dc   0x000005dc   0x00000018   Code   RO         1080    i.DMA0_DriverIRQHandler  isr.o
    0x000005f4   0x000005f4   0x000000a4   Code   RO         2156    i.Direct_control    angle_control.o
    0x00000698   0x00000698   0x00000038   Code   RO         1081    i.FLEXCOMM0_DriverIRQHandler  isr.o
    0x000006d0   0x000006d0   0x00000040   Code   RO         1082    i.FLEXCOMM5_DriverIRQHandler  isr.o
    0x00000710   0x00000710   0x000003d8   Code   RO         2185    i.Find_Blackline    img_data_deal.o
    0x00000ae8   0x00000ae8   0x0000001c   Code   RO         1083    i.GINT0_DriverIRQHandler  isr.o
    0x00000b04   0x00000b04   0x00000124   Code   RO         2186    i.Get_Weighted_Average  img_data_deal.o
    0x00000c28   0x00000c28   0x00000004   Code   RO           12    i.HardFault_Handler  system_lpc54606.o
    0x00000c2c   0x00000c2c   0x00000074   Code   RO         1084    i.MRT0_DriverIRQHandler  isr.o
    0x00000ca0   0x00000ca0   0x0000006c   Code   RO          624    i.M_divider         lpc546xx_pll.o
    0x00000d0c   0x00000d0c   0x00000034   Code   RO         2236    i.Motor_Init        mycode.o
    0x00000d40   0x00000d40   0x000000d8   Code   RO         2237    i.Motor_PID_Control  mycode.o
    0x00000e18   0x00000e18   0x00000030   Code   RO         2238    i.Motor_PWM         mycode.o
    0x00000e48   0x00000e48   0x00000050   Code   RO         2239    i.Motor_Read        mycode.o
    0x00000e98   0x00000e98   0x00000018   Code   RO         2240    i.Motor_limit       mycode.o
    0x00000eb0   0x00000eb0   0x00000002   Code   RO           13    i.NMI_Handler       system_lpc54606.o
    0x00000eb2   0x00000eb2   0x00000002   PAD
    0x00000eb4   0x00000eb4   0x00000018   Code   RO          292    i.NVIC_DisableIRQ   lpc546xx_flexcomm.o
    0x00000ecc   0x00000ecc   0x00000018   Code   RO          518    i.NVIC_DisableIRQ   lpc546xx_pint.o
    0x00000ee4   0x00000ee4   0x00000016   Code   RO          293    i.NVIC_EnableIRQ    lpc546xx_flexcomm.o
    0x00000efa   0x00000efa   0x00000016   Code   RO          519    i.NVIC_EnableIRQ    lpc546xx_pint.o
    0x00000f10   0x00000f10   0x00000016   Code   RO         1727    i.NVIC_EnableIRQ    seekfree_mt9v032.o
    0x00000f26   0x00000f26   0x00000002   PAD
    0x00000f28   0x00000f28   0x00000028   Code   RO         1728    i.NVIC_SetPriority  seekfree_mt9v032.o
    0x00000f50   0x00000f50   0x00000070   Code   RO          625    i.N_divider         lpc546xx_pll.o
    0x00000fc0   0x00000fc0   0x00000114   Code   RO         2241    i.PID_Check         mycode.o
    0x000010d4   0x000010d4   0x0000003a   Code   RO         2299    i.PID_Inc           pid.o
    0x0000110e   0x0000110e   0x00000036   Code   RO         2300    i.PID_Loc           pid.o
    0x00001144   0x00001144   0x00000008   Code   RO         1085    i.PIN_INT7_DriverIRQHandler  isr.o
    0x0000114c   0x0000114c   0x00000064   Code   RO          626    i.P_divider         lpc546xx_pll.o
    0x000011b0   0x000011b0   0x00000020   Code   RO         1086    i.RIT_DriverIRQHandler  isr.o
    0x000011d0   0x000011d0   0x00000054   Code   RO           14    i.SystemInit        system_lpc54606.o
    0x00001224   0x00001224   0x00000030   Code   RO         2479    i.__ARM_fpclassify  m_wm.l(fpclassify.o)
    0x00001254   0x00001254   0x00000074   Code   RO         2418    i.__hardfp_fmin     m_wm.l(fmin.o)
    0x000012c8   0x000012c8   0x00000c50   Code   RO         2404    i.__hardfp_pow      m_wm.l(pow.o)
    0x00001f18   0x00001f18   0x000000f8   Code   RO         2481    i.__kernel_poly     m_wm.l(poly.o)
    0x00002010   0x00002010   0x00000030   Code   RO         2459    i.__mathlib_dbl_divzero  m_wm.l(dunder.o)
    0x00002040   0x00002040   0x00000014   Code   RO         2461    i.__mathlib_dbl_infnan2  m_wm.l(dunder.o)
    0x00002054   0x00002054   0x00000004   PAD
    0x00002058   0x00002058   0x00000020   Code   RO         2462    i.__mathlib_dbl_invalid  m_wm.l(dunder.o)
    0x00002078   0x00002078   0x00000020   Code   RO         2463    i.__mathlib_dbl_overflow  m_wm.l(dunder.o)
    0x00002098   0x00002098   0x00000020   Code   RO         2465    i.__mathlib_dbl_underflow  m_wm.l(dunder.o)
    0x000020b8   0x000020b8   0x000000ec   Code   RO         1729    i.camera_init       seekfree_mt9v032.o
    0x000021a4   0x000021a4   0x00000078   Code   RO          144    i.ctimer_clock      lpc546xx_ctimer.o
    0x0000221c   0x0000221c   0x0000001c   Code   RO          145    i.ctimer_count_clean  lpc546xx_ctimer.o
    0x00002238   0x00002238   0x000000a8   Code   RO          146    i.ctimer_count_init  lpc546xx_ctimer.o
    0x000022e0   0x000022e0   0x0000001c   Code   RO          147    i.ctimer_count_read  lpc546xx_ctimer.o
    0x000022fc   0x000022fc   0x0000018e   Code   RO          148    i.ctimer_countmux   lpc546xx_ctimer.o
    0x0000248a   0x0000248a   0x00000002   PAD
    0x0000248c   0x0000248c   0x000000a4   Code   RO          149    i.ctimer_pwm_duty   lpc546xx_ctimer.o
    0x00002530   0x00002530   0x0000018c   Code   RO          151    i.ctimer_pwm_init   lpc546xx_ctimer.o
    0x000026bc   0x000026bc   0x000001ee   Code   RO          152    i.ctimer_pwmmux     lpc546xx_ctimer.o
    0x000028aa   0x000028aa   0x00000002   PAD
    0x000028ac   0x000028ac   0x0000012c   Code   RO          220    i.dam_init_linked   lpc546xx_dma.o
    0x000029d8   0x000029d8   0x0000005c   Code   RO         1730    i.dma_reload_linked  seekfree_mt9v032.o
    0x00002a34   0x00002a34   0x00000030   Code   RO         1229    i.dsp_single_colour  seekfree_18tft.o
    0x00002a64   0x00002a64   0x00000018   Code   RO         2475    i.fabs              m_wm.l(fabs.o)
    0x00002a7c   0x00002a7c   0x0000001a   Code   RO          627    i.findPllMMult      lpc546xx_pll.o
    0x00002a96   0x00002a96   0x00000020   Code   RO          628    i.findPllPostDiv    lpc546xx_pll.o
    0x00002ab6   0x00002ab6   0x00000020   Code   RO          629    i.findPllPreDiv     lpc546xx_pll.o
    0x00002ad6   0x00002ad6   0x00000002   PAD
    0x00002ad8   0x00002ad8   0x000000d0   Code   RO          294    i.flexcomm_clk_enable  lpc546xx_flexcomm.o
    0x00002ba8   0x00002ba8   0x0000000c   Code   RO          295    i.flexcomm_get_clk  lpc546xx_flexcomm.o
    0x00002bb4   0x00002bb4   0x00000038   Code   RO          296    i.flexcomm_irq      lpc546xx_flexcomm.o
    0x00002bec   0x00002bec   0x0000005c   Code   RO          630    i.get_clk           lpc546xx_pll.o
    0x00002c48   0x00002c48   0x0000006c   Code   RO         1731    i.get_config        seekfree_mt9v032.o
    0x00002cb4   0x00002cb4   0x00000018   Code   RO          393    i.gpio_get          lpc546xx_gpio.o
    0x00002ccc   0x00002ccc   0x000000c8   Code   RO          394    i.gpio_init         lpc546xx_gpio.o
    0x00002d94   0x00002d94   0x00000030   Code   RO          396    i.gpio_set          lpc546xx_gpio.o
    0x00002dc4   0x00002dc4   0x00000044   Code   RO         2188    i.img_change_char   img_data_deal.o
    0x00002e08   0x00002e08   0x0000002c   Code   RO          492    i.iocon_init        lpc546xx_iocon.o
    0x00002e34   0x00002e34   0x000000dc   Code   RO         1231    i.lcd_displayimage032  seekfree_18tft.o
    0x00002f10   0x00002f10   0x0000001c   Code   RO         1233    i.lcd_drawpoint     seekfree_18tft.o
    0x00002f2c   0x00002f2c   0x000002ac   Code   RO         1234    i.lcd_init          seekfree_18tft.o
    0x000031d8   0x000031d8   0x0000005a   Code   RO         1235    i.lcd_setregion     seekfree_18tft.o
    0x00003232   0x00003232   0x00000020   Code   RO         1244    i.lcd_writeData     seekfree_18tft.o
    0x00003252   0x00003252   0x00000020   Code   RO         1245    i.lcd_writeIndex    seekfree_18tft.o
    0x00003272   0x00003272   0x0000002e   Code   RO         1246    i.lcd_writedata_16bit  seekfree_18tft.o
    0x000032a0   0x000032a0   0x00000130   Code   RO         1209    i.main              main.o
    0x000033d0   0x000033d0   0x00000018   Code   RO          933    i.mrt_get           lpc546xx_mrt.o
    0x000033e8   0x000033e8   0x0000002c   Code   RO          935    i.mrt_start         lpc546xx_mrt.o
    0x00003414   0x00003414   0x00000050   Code   RO         1733    i.mt9v032_cof_uart_interrupt  seekfree_mt9v032.o
    0x00003464   0x00003464   0x00000028   Code   RO         1734    i.mt9v032_dma       seekfree_mt9v032.o
    0x0000348c   0x0000348c   0x00000040   Code   RO         1735    i.mt9v032_vsync     seekfree_mt9v032.o
    0x000034cc   0x000034cc   0x0000000e   Code   RO         1466    i.myabs             seekfree_fun.o
    0x000034da   0x000034da   0x00000002   PAD
    0x000034dc   0x000034dc   0x00000268   Code   RO         2189    i.otsuThreshold     img_data_deal.o
    0x00003744   0x00003744   0x0000001e   Code   RO          521    i.pint_disable_irq  lpc546xx_pint.o
    0x00003762   0x00003762   0x0000001e   Code   RO          522    i.pint_enable_irq   lpc546xx_pint.o
    0x00003780   0x00003780   0x000000fc   Code   RO          523    i.pint_init         lpc546xx_pint.o
    0x0000387c   0x0000387c   0x0000003c   Code   RO          571    i.pit_init          lpc546xx_pit.o
    0x000038b8   0x000038b8   0x0000005a   Code   RO          631    i.pllDecodeM        lpc546xx_pll.o
    0x00003912   0x00003912   0x0000005c   Code   RO          632    i.pllDecodeN        lpc546xx_pll.o
    0x0000396e   0x0000396e   0x0000004e   Code   RO          633    i.pllDecodeP        lpc546xx_pll.o
    0x000039bc   0x000039bc   0x00000088   Code   RO          634    i.pll_init          lpc546xx_pll.o
    0x00003a44   0x00003a44   0x000000a4   Code   RO          710    i.sct_camera_dma    lpc546xx_sct.o
    0x00003ae8   0x00003ae8   0x000001d4   Code   RO          711    i.sct_input_mux     lpc546xx_sct.o
    0x00003cbc   0x00003cbc   0x0000001c   Code   RO          716    i.sct_start         lpc546xx_sct.o
    0x00003cd8   0x00003cd8   0x000000c8   Code   RO          775    i.spi_init          lpc546xx_spi.o
    0x00003da0   0x00003da0   0x00000134   Code   RO          776    i.spi_mosi          lpc546xx_spi.o
    0x00003ed4   0x00003ed4   0x000004fe   Code   RO          778    i.spi_mux           lpc546xx_spi.o
    0x000043d2   0x000043d2   0x0000006e   Code   RO         2486    i.sqrt              m_wm.l(sqrt.o)
    0x00004440   0x00004440   0x0000002c   Code   RO          819    i.systick_delay     lpc546xx_systick.o
    0x0000446c   0x0000446c   0x00000024   Code   RO          820    i.systick_delay_ms  lpc546xx_systick.o
    0x00004490   0x00004490   0x00000110   Code   RO          858    i.uart_init         lpc546xx_uart.o
    0x000045a0   0x000045a0   0x00000228   Code   RO          859    i.uart_mux          lpc546xx_uart.o
    0x000047c8   0x000047c8   0x0000001e   Code   RO          860    i.uart_putbuff      lpc546xx_uart.o
    0x000047e6   0x000047e6   0x00000002   PAD
    0x000047e8   0x000047e8   0x00000024   Code   RO          861    i.uart_putchar      lpc546xx_uart.o
    0x0000480c   0x0000480c   0x0000002c   Code   RO          863    i.uart_query        lpc546xx_uart.o
    0x00004838   0x00004838   0x00000078   Code   RO          864    i.uart_rx_irq       lpc546xx_uart.o
    0x000048b0   0x000048b0   0x00000074   Code   RO         2242    i.uart_write        mycode.o
    0x00004924   0x00004924   0x0000007c   Code   RO          635    i.write_syspllctrl  lpc546xx_pll.o
    0x000049a0   0x000049a0   0x00000018   Code   RO         2438    x$fpl$basic         fz_wm.l(basic.o)
    0x000049b8   0x000049b8   0x00000062   Code   RO         2370    x$fpl$d2f           fz_wm.l(d2f.o)
    0x00004a1a   0x00004a1a   0x00000002   PAD
    0x00004a1c   0x00004a1c   0x00000150   Code   RO         2372    x$fpl$dadd          fz_wm.l(daddsub_clz.o)
    0x00004b6c   0x00004b6c   0x00000010   Code   RO         2559    x$fpl$dcheck1       fz_wm.l(dcheck1.o)
    0x00004b7c   0x00004b7c   0x00000136   Code   RO         2440    x$fpl$dcmp4         fz_wm.l(dcmp4.o)
    0x00004cb2   0x00004cb2   0x00000018   Code   RO         2442    x$fpl$dcmpinf       fz_wm.l(dcmpi.o)
    0x00004cca   0x00004cca   0x00000002   PAD
    0x00004ccc   0x00004ccc   0x000002b0   Code   RO         2445    x$fpl$ddiv          fz_wm.l(ddiv.o)
    0x00004f7c   0x00004f7c   0x0000005a   Code   RO         2384    x$fpl$dfixu         fz_wm.l(dfixu.o)
    0x00004fd6   0x00004fd6   0x0000002e   Code   RO         2389    x$fpl$dflt          fz_wm.l(dflt_clz.o)
    0x00005004   0x00005004   0x00000026   Code   RO         2388    x$fpl$dfltu         fz_wm.l(dflt_clz.o)
    0x0000502a   0x0000502a   0x00000002   PAD
    0x0000502c   0x0000502c   0x00000078   Code   RO         2394    x$fpl$dleqf         fz_wm.l(dleqf.o)
    0x000050a4   0x000050a4   0x00000154   Code   RO         2396    x$fpl$dmul          fz_wm.l(dmul.o)
    0x000051f8   0x000051f8   0x0000009c   Code   RO         2448    x$fpl$dnaninf       fz_wm.l(dnaninf.o)
    0x00005294   0x00005294   0x0000000c   Code   RO         2450    x$fpl$dretinf       fz_wm.l(dretinf.o)
    0x000052a0   0x000052a0   0x0000006c   Code   RO         2398    x$fpl$drleqf        fz_wm.l(drleqf.o)
    0x0000530c   0x0000530c   0x00000016   Code   RO         2373    x$fpl$drsb          fz_wm.l(daddsub_clz.o)
    0x00005322   0x00005322   0x00000002   PAD
    0x00005324   0x00005324   0x00000198   Code   RO         2561    x$fpl$dsqrt         fz_wm.l(dsqrt_umaal.o)
    0x000054bc   0x000054bc   0x000001d4   Code   RO         2374    x$fpl$dsub          fz_wm.l(daddsub_clz.o)
    0x00005690   0x00005690   0x00000056   Code   RO         2400    x$fpl$f2d           fz_wm.l(f2d.o)
    0x000056e6   0x000056e6   0x0000008c   Code   RO         2452    x$fpl$fnaninf       fz_wm.l(fnaninf.o)
    0x00005772   0x00005772   0x0000000a   Code   RO         2637    x$fpl$fpinit        fz_wm.l(fpinit.o)
    0x0000577c   0x0000577c   0x0000000a   Code   RO         2454    x$fpl$fretinf       fz_wm.l(fretinf.o)
    0x00005786   0x00005786   0x00000064   Code   RO         2627    x$fpl$retnan        fz_wm.l(retnan.o)
    0x000057ea   0x000057ea   0x0000005c   Code   RO         2456    x$fpl$scalbn        fz_wm.l(scalbn.o)
    0x00005846   0x00005846   0x00000030   Code   RO         2639    x$fpl$trapveneer    fz_wm.l(trapv.o)
    0x00005876   0x00005876   0x00000000   Code   RO         2458    x$fpl$usenofp       fz_wm.l(usenofp.o)
    0x00005876   0x00005876   0x00000002   PAD
    0x00005878   0x00005878   0x00000028   Data   RO          153    .constdata          lpc546xx_ctimer.o
    0x000058a0   0x000058a0   0x00000088   Data   RO         2407    .constdata          m_wm.l(pow.o)
    0x00005928   0x00005928   0x00000008   Data   RO         2483    .constdata          m_wm.l(qnan.o)
    0x00005930   0x00005930   0x00000020   Data   RO         2714    Region$$Table       anon$$obj.o


    Execution Region RW_IRAM1 (Exec base: 0x20000000, Load base: 0x00005950, Size: 0x0000e6f0, Max: 0x00028000, ABSOLUTE, COMPRESSED[0x00000084])

    Exec Addr    Load Addr    Size         Type   Attr      Idx    E Section Name        Object

    0x20000000   COMPRESSED   0x00000014   Data   RW          154    .data               lpc546xx_ctimer.o
    0x20000014   COMPRESSED   0x00000028   Data   RW          297    .data               lpc546xx_flexcomm.o
    0x2000003c   COMPRESSED   0x00000002   Data   RW          636    .data               lpc546xx_pll.o
    0x2000003e   COMPRESSED   0x00000002   PAD
    0x20000040   COMPRESSED   0x00000028   Data   RW          779    .data               lpc546xx_spi.o
    0x20000068   COMPRESSED   0x00000028   Data   RW          866    .data               lpc546xx_uart.o
    0x20000090   COMPRESSED   0x00000004   Data   RW         1087    .data               isr.o
    0x20000094   COMPRESSED   0x0000004b   Data   RW         1740    .data               seekfree_mt9v032.o
    0x200000df   COMPRESSED   0x00000001   PAD
    0x200000e0   COMPRESSED   0x00000018   Data   RW         2158    .data               angle_control.o
    0x200000f8   COMPRESSED   0x00000009   Data   RW         2191    .data               img_data_deal.o
    0x20000101   COMPRESSED   0x00000003   PAD
    0x20000104   COMPRESSED   0x00000030   Data   RW         2244    .data               mycode.o
    0x20000134   COMPRESSED   0x00000034   Data   RW         2301    .data               pid.o
    0x20000168   COMPRESSED   0x00000098   PAD
    0x20000200        -       0x000001e0   Zero   RW          221    .bss                lpc546xx_dma.o
    0x200003e0        -       0x00005820   Zero   RW         1739    .bss                seekfree_mt9v032.o
    0x20005c00        -       0x00005a8c   Zero   RW         2190    .bss                img_data_deal.o
    0x2000b68c        -       0x00000060   Zero   RW         2566    .bss                c_w.l(libspace.o)
    0x2000b6ec   COMPRESSED   0x00000004   PAD
    0x2000b6f0        -       0x00001000   Zero   RW            2    HEAP                startup_lpc54606.o
    0x2000c6f0        -       0x00002000   Zero   RW            1    STACK               startup_lpc54606.o


==============================================================================

Image component sizes


      Code (inc. data)   RO Data    RW Data    ZI Data      Debug   Object Name

       164         30          0         24          0        872   angle_control.o
      1960         94          0          9      23180       5163   img_data_deal.o
       328         36          0          4          0       3879   isr.o
      1796         82         40         20          0       8614   lpc546xx_ctimer.o
       300         32          0          0        480       5967   lpc546xx_dma.o
       322         34          0         40          0      30695   lpc546xx_flexcomm.o
       272         30          0          0          0       2074   lpc546xx_gpio.o
        44         10          0          0          0        645   lpc546xx_iocon.o
        68         14          0          0          0       2266   lpc546xx_mrt.o
       358         16          0          0          0       3017   lpc546xx_pint.o
        60         10          0          0          0        703   lpc546xx_pit.o
      1022         60          0          2          0       8351   lpc546xx_pll.o
       660         38          0          0          0       2337   lpc546xx_sct.o
      1786         22          0         40          0       6347   lpc546xx_spi.o
        80          4          0          0          0       1191   lpc546xx_systick.o
      1054         28          0         40          0       5592   lpc546xx_uart.o
       304         36          0          0          0        619   main.o
       812         82          0         48          0       5308   mycode.o
       112          0          0         52          0       2358   pid.o
      1180          4          0          0          0       6576   seekfree_18tft.o
         0          0          0          0          0      28036   seekfree_7725.o
        14          0          0          0          0        600   seekfree_fun.o
       682         92          0         75      22560       5956   seekfree_mt9v032.o
       520        254        292          0      12288       3720   startup_lpc54606.o
        90         20          0          0          0     532671   system_lpc54606.o

    ----------------------------------------------------------------------
     14002       1028        364        360      58660     673557   Object Totals
         0          0         32          0          0          0   (incl. Generated)
        14          0          0          6        152          0   (incl. Padding)

    ----------------------------------------------------------------------

      Code (inc. data)   RO Data    RW Data    ZI Data      Debug   Library Member Name

        90          0          0          0          0          0   __dczerorl2.o
         8          0          0          0          0         68   __main.o
         0          0          0          0          0          0   __rtentry.o
        12          0          0          0          0          0   __rtentry2.o
         6          0          0          0          0          0   __rtentry4.o
        52          8          0          0          0          0   __scatter.o
        28          0          0          0          0          0   __scatter_zi.o
        22          0          0          0          0        100   _rserrno.o
        18          0          0          0          0         80   exit.o
         6          0          0          0          0        152   heapauxi.o
         0          0          0          0          0          0   indicate_semi.o
         2          0          0          0          0          0   libinit.o
         6          0          0          0          0          0   libinit2.o
         2          0          0          0          0          0   libshutdown.o
         2          0          0          0          0          0   libshutdown2.o
         8          4          0          0         96         68   libspace.o
        72          0          0          0          0         76   llsdiv.o
       238          0          0          0          0        100   lludivv7m.o
         8          4          0          0          0         68   rt_errno_addr_intlibspace.o
         2          0          0          0          0          0   rtexit.o
        10          0          0          0          0          0   rtexit2.o
        12          4          0          0          0         68   sys_exit.o
        74          0          0          0          0         80   sys_stackheap_outer.o
         2          0          0          0          0         68   use_no_semi.o
        24          0          0          0          0        164   basic.o
        98          4          0          0          0        140   d2f.o
       826         16          0          0          0        492   daddsub_clz.o
        16          4          0          0          0        116   dcheck1.o
       310          8          0          0          0        228   dcmp4.o
        24          0          0          0          0        116   dcmpi.o
       688        140          0          0          0        256   ddiv.o
        90          4          0          0          0        140   dfixu.o
        84          0          0          0          0        232   dflt_clz.o
       120          4          0          0          0        140   dleqf.o
       340         12          0          0          0        152   dmul.o
       156          4          0          0          0        140   dnaninf.o
        12          0          0          0          0        116   dretinf.o
       108          0          0          0          0        128   drleqf.o
       408         56          0          0          0        168   dsqrt_umaal.o
        86          4          0          0          0        132   f2d.o
       140          4          0          0          0        132   fnaninf.o
        10          0          0          0          0        116   fpinit.o
        10          0          0          0          0        116   fretinf.o
       100          0          0          0          0        116   retnan.o
        92          0          0          0          0        116   scalbn.o
        48          0          0          0          0        116   trapv.o
         0          0          0          0          0          0   usenofp.o
       164         44          0          0          0        620   dunder.o
        24          0          0          0          0        124   fabs.o
       116          0          0          0          0        164   fmin.o
        48          0          0          0          0        124   fpclassify.o
       248          0          0          0          0        152   poly.o
      3152        296        136          0          0        352   pow.o
         0          0          8          0          0          0   qnan.o
       110          0          0          0          0        148   sqrt.o

    ----------------------------------------------------------------------
      8354        620        144          0        100       6184   Library Totals
        22          0          0          0          4          0   (incl. Padding)

    ----------------------------------------------------------------------

      Code (inc. data)   RO Data    RW Data    ZI Data      Debug   Library Name

       680         20          0          0         96        928   c_w.l
      3790        260          0          0          0       3572   fz_wm.l
      3862        340        144          0          0       1684   m_wm.l

    ----------------------------------------------------------------------
      8354        620        144          0        100       6184   Library Totals

    ----------------------------------------------------------------------

==============================================================================


      Code (inc. data)   RO Data    RW Data    ZI Data      Debug   

     22356       1648        508        360      58760     667177   Grand Totals
     22356       1648        508        132      58760     667177   ELF Image Totals (compressed)
     22356       1648        508        132          0          0   ROM Totals

==============================================================================

    Total RO  Size (Code + RO Data)                22864 (  22.33kB)
    Total RW  Size (RW Data + ZI Data)             59120 (  57.73kB)
    Total ROM Size (Code + RO Data + RW Data)      22996 (  22.46kB)

==============================================================================

